20:49:39 **** Build of configuration Debug for project fsbl_r5 ****
make all 
Building file: /home/shubham/Vivado_Exercises/edt_zcu102/edt_zcu102_wrapper_hw_platform_0/psu_init.c
Invoking: ARM R5 gcc compiler
armr5-none-eabi-gcc -DARMR5 -Wall -O0 -g3 -I"/home/shubham/Vivado_Exercises/edt_zcu102/edt_zcu102_wrapper_hw_platform_0" -c -fmessage-length=0 -MT"src/psu_init.o" -mcpu=cortex-r5 -mfloat-abi=hard  -mfpu=vfpv3-d16 -Os -flto -ffat-lto-objects -I../../r5_bsp/psu_cortexr5_0/include -MMD -MP -MF"src/psu_init.d" -MT"src/psu_init.o" -o "src/psu_init.o" "/home/shubham/Vivado_Exercises/edt_zcu102/edt_zcu102_wrapper_hw_platform_0/psu_init.c"
Finished building: /home/shubham/Vivado_Exercises/edt_zcu102/edt_zcu102_wrapper_hw_platform_0/psu_init.c
 
Building file: ../src/xfsbl_authentication.c
Invoking: ARM R5 gcc compiler
armr5-none-eabi-gcc -DARMR5 -Wall -O0 -g3 -I"/home/shubham/Vivado_Exercises/edt_zcu102/edt_zcu102_wrapper_hw_platform_0" -c -fmessage-length=0 -MT"src/xfsbl_authentication.o" -mcpu=cortex-r5 -mfloat-abi=hard  -mfpu=vfpv3-d16 -Os -flto -ffat-lto-objects -I../../r5_bsp/psu_cortexr5_0/include -MMD -MP -MF"src/xfsbl_authentication.d" -MT"src/xfsbl_authentication.o" -o "src/xfsbl_authentication.o" "../src/xfsbl_authentication.c"
In file included from ../src/xfsbl_main.h:63:0,
                 from ../src/xfsbl_bs.h:61,
                 from ../src/xfsbl_authentication.c:63:
../../r5_bsp/psu_cortexr5_0/include/xtime_l.h:78:9: note: #pragma message: For the sleep routines, TTC3 is used if present else the assembly instructions are called
 #pragma message ("For the sleep routines, TTC3 is used if present else the assembly instructions are called")
         ^~~~~~~
Finished building: ../src/xfsbl_authentication.c
 
Building file: ../src/xfsbl_board.c
Invoking: ARM R5 gcc compiler
armr5-none-eabi-gcc -DARMR5 -Wall -O0 -g3 -I"/home/shubham/Vivado_Exercises/edt_zcu102/edt_zcu102_wrapper_hw_platform_0" -c -fmessage-length=0 -MT"src/xfsbl_board.o" -mcpu=cortex-r5 -mfloat-abi=hard  -mfpu=vfpv3-d16 -Os -flto -ffat-lto-objects -I../../r5_bsp/psu_cortexr5_0/include -MMD -MP -MF"src/xfsbl_board.d" -MT"src/xfsbl_board.o" -o "src/xfsbl_board.o" "../src/xfsbl_board.c"
Finished building: ../src/xfsbl_board.c
 
Building file: ../src/xfsbl_bs.c
Invoking: ARM R5 gcc compiler
armr5-none-eabi-gcc -DARMR5 -Wall -O0 -g3 -I"/home/shubham/Vivado_Exercises/edt_zcu102/edt_zcu102_wrapper_hw_platform_0" -c -fmessage-length=0 -MT"src/xfsbl_bs.o" -mcpu=cortex-r5 -mfloat-abi=hard  -mfpu=vfpv3-d16 -Os -flto -ffat-lto-objects -I../../r5_bsp/psu_cortexr5_0/include -MMD -MP -MF"src/xfsbl_bs.d" -MT"src/xfsbl_bs.o" -o "src/xfsbl_bs.o" "../src/xfsbl_bs.c"
In file included from ../src/xfsbl_main.h:63:0,
                 from ../src/xfsbl_bs.h:61,
                 from ../src/xfsbl_bs.c:55:
../../r5_bsp/psu_cortexr5_0/include/xtime_l.h:78:9: note: #pragma message: For the sleep routines, TTC3 is used if present else the assembly instructions are called
 #pragma message ("For the sleep routines, TTC3 is used if present else the assembly instructions are called")
         ^~~~~~~
Finished building: ../src/xfsbl_bs.c
 
Building file: ../src/xfsbl_csu_dma.c
Invoking: ARM R5 gcc compiler
armr5-none-eabi-gcc -DARMR5 -Wall -O0 -g3 -I"/home/shubham/Vivado_Exercises/edt_zcu102/edt_zcu102_wrapper_hw_platform_0" -c -fmessage-length=0 -MT"src/xfsbl_csu_dma.o" -mcpu=cortex-r5 -mfloat-abi=hard  -mfpu=vfpv3-d16 -Os -flto -ffat-lto-objects -I../../r5_bsp/psu_cortexr5_0/include -MMD -MP -MF"src/xfsbl_csu_dma.d" -MT"src/xfsbl_csu_dma.o" -o "src/xfsbl_csu_dma.o" "../src/xfsbl_csu_dma.c"
Finished building: ../src/xfsbl_csu_dma.c
 
Building file: ../src/xfsbl_ddr_init.c
Invoking: ARM R5 gcc compiler
armr5-none-eabi-gcc -DARMR5 -Wall -O0 -g3 -I"/home/shubham/Vivado_Exercises/edt_zcu102/edt_zcu102_wrapper_hw_platform_0" -c -fmessage-length=0 -MT"src/xfsbl_ddr_init.o" -mcpu=cortex-r5 -mfloat-abi=hard  -mfpu=vfpv3-d16 -Os -flto -ffat-lto-objects -I../../r5_bsp/psu_cortexr5_0/include -MMD -MP -MF"src/xfsbl_ddr_init.d" -MT"src/xfsbl_ddr_init.o" -o "src/xfsbl_ddr_init.o" "../src/xfsbl_ddr_init.c"
Finished building: ../src/xfsbl_ddr_init.c
 
Building file: ../src/xfsbl_dfu_util.c
Invoking: ARM R5 gcc compiler
armr5-none-eabi-gcc -DARMR5 -Wall -O0 -g3 -I"/home/shubham/Vivado_Exercises/edt_zcu102/edt_zcu102_wrapper_hw_platform_0" -c -fmessage-length=0 -MT"src/xfsbl_dfu_util.o" -mcpu=cortex-r5 -mfloat-abi=hard  -mfpu=vfpv3-d16 -Os -flto -ffat-lto-objects -I../../r5_bsp/psu_cortexr5_0/include -MMD -MP -MF"src/xfsbl_dfu_util.d" -MT"src/xfsbl_dfu_util.o" -o "src/xfsbl_dfu_util.o" "../src/xfsbl_dfu_util.c"
Finished building: ../src/xfsbl_dfu_util.c
 
Building file: ../src/xfsbl_exit.S
Invoking: ARM R5 gcc compiler
armr5-none-eabi-gcc -DARMR5 -Wall -O0 -g3 -I"/home/shubham/Vivado_Exercises/edt_zcu102/edt_zcu102_wrapper_hw_platform_0" -c -fmessage-length=0 -MT"src/xfsbl_exit.o" -mcpu=cortex-r5 -mfloat-abi=hard  -mfpu=vfpv3-d16 -Os -flto -ffat-lto-objects -I../../r5_bsp/psu_cortexr5_0/include -MMD -MP -MF"src/xfsbl_exit.d" -MT"src/xfsbl_exit.o" -o "src/xfsbl_exit.o" "../src/xfsbl_exit.S"
Finished building: ../src/xfsbl_exit.S
 
Building file: ../src/xfsbl_handoff.c
Invoking: ARM R5 gcc compiler
armr5-none-eabi-gcc -DARMR5 -Wall -O0 -g3 -I"/home/shubham/Vivado_Exercises/edt_zcu102/edt_zcu102_wrapper_hw_platform_0" -c -fmessage-length=0 -MT"src/xfsbl_handoff.o" -mcpu=cortex-r5 -mfloat-abi=hard  -mfpu=vfpv3-d16 -Os -flto -ffat-lto-objects -I../../r5_bsp/psu_cortexr5_0/include -MMD -MP -MF"src/xfsbl_handoff.d" -MT"src/xfsbl_handoff.o" -o "src/xfsbl_handoff.o" "../src/xfsbl_handoff.c"
In file included from ../src/xfsbl_main.h:63:0,
                 from ../src/xfsbl_handoff.c:59:
../../r5_bsp/psu_cortexr5_0/include/xtime_l.h:78:9: note: #pragma message: For the sleep routines, TTC3 is used if present else the assembly instructions are called
 #pragma message ("For the sleep routines, TTC3 is used if present else the assembly instructions are called")
         ^~~~~~~
Finished building: ../src/xfsbl_handoff.c
 
Building file: ../src/xfsbl_hooks.c
Invoking: ARM R5 gcc compiler
armr5-none-eabi-gcc -DARMR5 -Wall -O0 -g3 -I"/home/shubham/Vivado_Exercises/edt_zcu102/edt_zcu102_wrapper_hw_platform_0" -c -fmessage-length=0 -MT"src/xfsbl_hooks.o" -mcpu=cortex-r5 -mfloat-abi=hard  -mfpu=vfpv3-d16 -Os -flto -ffat-lto-objects -I../../r5_bsp/psu_cortexr5_0/include -MMD -MP -MF"src/xfsbl_hooks.d" -MT"src/xfsbl_hooks.o" -o "src/xfsbl_hooks.o" "../src/xfsbl_hooks.c"
Finished building: ../src/xfsbl_hooks.c
 
Building file: ../src/xfsbl_image_header.c
Invoking: ARM R5 gcc compiler
armr5-none-eabi-gcc -DARMR5 -Wall -O0 -g3 -I"/home/shubham/Vivado_Exercises/edt_zcu102/edt_zcu102_wrapper_hw_platform_0" -c -fmessage-length=0 -MT"src/xfsbl_image_header.o" -mcpu=cortex-r5 -mfloat-abi=hard  -mfpu=vfpv3-d16 -Os -flto -ffat-lto-objects -I../../r5_bsp/psu_cortexr5_0/include -MMD -MP -MF"src/xfsbl_image_header.d" -MT"src/xfsbl_image_header.o" -o "src/xfsbl_image_header.o" "../src/xfsbl_image_header.c"
Finished building: ../src/xfsbl_image_header.c
 
Building file: ../src/xfsbl_initialization.c
Invoking: ARM R5 gcc compiler
armr5-none-eabi-gcc -DARMR5 -Wall -O0 -g3 -I"/home/shubham/Vivado_Exercises/edt_zcu102/edt_zcu102_wrapper_hw_platform_0" -c -fmessage-length=0 -MT"src/xfsbl_initialization.o" -mcpu=cortex-r5 -mfloat-abi=hard  -mfpu=vfpv3-d16 -Os -flto -ffat-lto-objects -I../../r5_bsp/psu_cortexr5_0/include -MMD -MP -MF"src/xfsbl_initialization.d" -MT"src/xfsbl_initialization.o" -o "src/xfsbl_initialization.o" "../src/xfsbl_initialization.c"
In file included from ../src/xfsbl_main.h:63:0,
                 from ../src/xfsbl_initialization.c:69:
../../r5_bsp/psu_cortexr5_0/include/xtime_l.h:78:9: note: #pragma message: For the sleep routines, TTC3 is used if present else the assembly instructions are called
 #pragma message ("For the sleep routines, TTC3 is used if present else the assembly instructions are called")
         ^~~~~~~
Finished building: ../src/xfsbl_initialization.c
 
Building file: ../src/xfsbl_main.c
Invoking: ARM R5 gcc compiler
armr5-none-eabi-gcc -DARMR5 -Wall -O0 -g3 -I"/home/shubham/Vivado_Exercises/edt_zcu102/edt_zcu102_wrapper_hw_platform_0" -c -fmessage-length=0 -MT"src/xfsbl_main.o" -mcpu=cortex-r5 -mfloat-abi=hard  -mfpu=vfpv3-d16 -Os -flto -ffat-lto-objects -I../../r5_bsp/psu_cortexr5_0/include -MMD -MP -MF"src/xfsbl_main.d" -MT"src/xfsbl_main.o" -o "src/xfsbl_main.o" "../src/xfsbl_main.c"
In file included from ../src/xfsbl_main.h:63:0,
                 from ../src/xfsbl_main.c:54:
../../r5_bsp/psu_cortexr5_0/include/xtime_l.h:78:9: note: #pragma message: For the sleep routines, TTC3 is used if present else the assembly instructions are called
 #pragma message ("For the sleep routines, TTC3 is used if present else the assembly instructions are called")
         ^~~~~~~
Finished building: ../src/xfsbl_main.c
 
Building file: ../src/xfsbl_misc.c
Invoking: ARM R5 gcc compiler
armr5-none-eabi-gcc -DARMR5 -Wall -O0 -g3 -I"/home/shubham/Vivado_Exercises/edt_zcu102/edt_zcu102_wrapper_hw_platform_0" -c -fmessage-length=0 -MT"src/xfsbl_misc.o" -mcpu=cortex-r5 -mfloat-abi=hard  -mfpu=vfpv3-d16 -Os -flto -ffat-lto-objects -I../../r5_bsp/psu_cortexr5_0/include -MMD -MP -MF"src/xfsbl_misc.d" -MT"src/xfsbl_misc.o" -o "src/xfsbl_misc.o" "../src/xfsbl_misc.c"
In file included from ../src/xfsbl_main.h:63:0,
                 from ../src/xfsbl_misc.c:53:
../../r5_bsp/psu_cortexr5_0/include/xtime_l.h:78:9: note: #pragma message: For the sleep routines, TTC3 is used if present else the assembly instructions are called
 #pragma message ("For the sleep routines, TTC3 is used if present else the assembly instructions are called")
         ^~~~~~~
Finished building: ../src/xfsbl_misc.c
 
Building file: ../src/xfsbl_misc_drivers.c
Invoking: ARM R5 gcc compiler
armr5-none-eabi-gcc -DARMR5 -Wall -O0 -g3 -I"/home/shubham/Vivado_Exercises/edt_zcu102/edt_zcu102_wrapper_hw_platform_0" -c -fmessage-length=0 -MT"src/xfsbl_misc_drivers.o" -mcpu=cortex-r5 -mfloat-abi=hard  -mfpu=vfpv3-d16 -Os -flto -ffat-lto-objects -I../../r5_bsp/psu_cortexr5_0/include -MMD -MP -MF"src/xfsbl_misc_drivers.d" -MT"src/xfsbl_misc_drivers.o" -o "src/xfsbl_misc_drivers.o" "../src/xfsbl_misc_drivers.c"
Finished building: ../src/xfsbl_misc_drivers.c
 
Building file: ../src/xfsbl_nand.c
Invoking: ARM R5 gcc compiler
armr5-none-eabi-gcc -DARMR5 -Wall -O0 -g3 -I"/home/shubham/Vivado_Exercises/edt_zcu102/edt_zcu102_wrapper_hw_platform_0" -c -fmessage-length=0 -MT"src/xfsbl_nand.o" -mcpu=cortex-r5 -mfloat-abi=hard  -mfpu=vfpv3-d16 -Os -flto -ffat-lto-objects -I../../r5_bsp/psu_cortexr5_0/include -MMD -MP -MF"src/xfsbl_nand.d" -MT"src/xfsbl_nand.o" -o "src/xfsbl_nand.o" "../src/xfsbl_nand.c"
Finished building: ../src/xfsbl_nand.c
 
Building file: ../src/xfsbl_partition_load.c
Invoking: ARM R5 gcc compiler
armr5-none-eabi-gcc -DARMR5 -Wall -O0 -g3 -I"/home/shubham/Vivado_Exercises/edt_zcu102/edt_zcu102_wrapper_hw_platform_0" -c -fmessage-length=0 -MT"src/xfsbl_partition_load.o" -mcpu=cortex-r5 -mfloat-abi=hard  -mfpu=vfpv3-d16 -Os -flto -ffat-lto-objects -I../../r5_bsp/psu_cortexr5_0/include -MMD -MP -MF"src/xfsbl_partition_load.d" -MT"src/xfsbl_partition_load.o" -o "src/xfsbl_partition_load.o" "../src/xfsbl_partition_load.c"
In file included from ../src/xfsbl_main.h:63:0,
                 from ../src/xfsbl_partition_load.c:70:
../../r5_bsp/psu_cortexr5_0/include/xtime_l.h:78:9: note: #pragma message: For the sleep routines, TTC3 is used if present else the assembly instructions are called
 #pragma message ("For the sleep routines, TTC3 is used if present else the assembly instructions are called")
         ^~~~~~~
Finished building: ../src/xfsbl_partition_load.c
 
Building file: ../src/xfsbl_plpartition_valid.c
Invoking: ARM R5 gcc compiler
armr5-none-eabi-gcc -DARMR5 -Wall -O0 -g3 -I"/home/shubham/Vivado_Exercises/edt_zcu102/edt_zcu102_wrapper_hw_platform_0" -c -fmessage-length=0 -MT"src/xfsbl_plpartition_valid.o" -mcpu=cortex-r5 -mfloat-abi=hard  -mfpu=vfpv3-d16 -Os -flto -ffat-lto-objects -I../../r5_bsp/psu_cortexr5_0/include -MMD -MP -MF"src/xfsbl_plpartition_valid.d" -MT"src/xfsbl_plpartition_valid.o" -o "src/xfsbl_plpartition_valid.o" "../src/xfsbl_plpartition_valid.c"
In file included from ../src/xfsbl_main.h:63:0,
                 from ../src/xfsbl_authentication.h:64,
                 from ../src/xfsbl_plpartition_valid.h:58,
                 from ../src/xfsbl_plpartition_valid.c:73:
../../r5_bsp/psu_cortexr5_0/include/xtime_l.h:78:9: note: #pragma message: For the sleep routines, TTC3 is used if present else the assembly instructions are called
 #pragma message ("For the sleep routines, TTC3 is used if present else the assembly instructions are called")
         ^~~~~~~
Finished building: ../src/xfsbl_plpartition_valid.c
 
Building file: ../src/xfsbl_qspi.c
Invoking: ARM R5 gcc compiler
armr5-none-eabi-gcc -DARMR5 -Wall -O0 -g3 -I"/home/shubham/Vivado_Exercises/edt_zcu102/edt_zcu102_wrapper_hw_platform_0" -c -fmessage-length=0 -MT"src/xfsbl_qspi.o" -mcpu=cortex-r5 -mfloat-abi=hard  -mfpu=vfpv3-d16 -Os -flto -ffat-lto-objects -I../../r5_bsp/psu_cortexr5_0/include -MMD -MP -MF"src/xfsbl_qspi.d" -MT"src/xfsbl_qspi.o" -o "src/xfsbl_qspi.o" "../src/xfsbl_qspi.c"
Finished building: ../src/xfsbl_qspi.c
 
Building file: ../src/xfsbl_rsa_sha.c
Invoking: ARM R5 gcc compiler
armr5-none-eabi-gcc -DARMR5 -Wall -O0 -g3 -I"/home/shubham/Vivado_Exercises/edt_zcu102/edt_zcu102_wrapper_hw_platform_0" -c -fmessage-length=0 -MT"src/xfsbl_rsa_sha.o" -mcpu=cortex-r5 -mfloat-abi=hard  -mfpu=vfpv3-d16 -Os -flto -ffat-lto-objects -I../../r5_bsp/psu_cortexr5_0/include -MMD -MP -MF"src/xfsbl_rsa_sha.d" -MT"src/xfsbl_rsa_sha.o" -o "src/xfsbl_rsa_sha.o" "../src/xfsbl_rsa_sha.c"
In file included from ../src/xfsbl_main.h:63:0,
                 from ../src/xfsbl_authentication.h:64,
                 from ../src/xfsbl_rsa_sha.c:54:
../../r5_bsp/psu_cortexr5_0/include/xtime_l.h:78:9: note: #pragma message: For the sleep routines, TTC3 is used if present else the assembly instructions are called
 #pragma message ("For the sleep routines, TTC3 is used if present else the assembly instructions are called")
         ^~~~~~~
Finished building: ../src/xfsbl_rsa_sha.c
 
Building file: ../src/xfsbl_sd.c
Invoking: ARM R5 gcc compiler
armr5-none-eabi-gcc -DARMR5 -Wall -O0 -g3 -I"/home/shubham/Vivado_Exercises/edt_zcu102/edt_zcu102_wrapper_hw_platform_0" -c -fmessage-length=0 -MT"src/xfsbl_sd.o" -mcpu=cortex-r5 -mfloat-abi=hard  -mfpu=vfpv3-d16 -Os -flto -ffat-lto-objects -I../../r5_bsp/psu_cortexr5_0/include -MMD -MP -MF"src/xfsbl_sd.d" -MT"src/xfsbl_sd.o" -o "src/xfsbl_sd.o" "../src/xfsbl_sd.c"
In file included from ../src/xfsbl_main.h:63:0,
                 from ../src/xfsbl_sd.c:51:
../../r5_bsp/psu_cortexr5_0/include/xtime_l.h:78:9: note: #pragma message: For the sleep routines, TTC3 is used if present else the assembly instructions are called
 #pragma message ("For the sleep routines, TTC3 is used if present else the assembly instructions are called")
         ^~~~~~~
Finished building: ../src/xfsbl_sd.c
 
Building file: ../src/xfsbl_usb.c
Invoking: ARM R5 gcc compiler
armr5-none-eabi-gcc -DARMR5 -Wall -O0 -g3 -I"/home/shubham/Vivado_Exercises/edt_zcu102/edt_zcu102_wrapper_hw_platform_0" -c -fmessage-length=0 -MT"src/xfsbl_usb.o" -mcpu=cortex-r5 -mfloat-abi=hard  -mfpu=vfpv3-d16 -Os -flto -ffat-lto-objects -I../../r5_bsp/psu_cortexr5_0/include -MMD -MP -MF"src/xfsbl_usb.d" -MT"src/xfsbl_usb.o" -o "src/xfsbl_usb.o" "../src/xfsbl_usb.c"
Finished building: ../src/xfsbl_usb.c
 
Building target: fsbl_r5.elf
Invoking: ARM R5 gcc linker
armr5-none-eabi-gcc -Wl,-T -Wl,../src/lscript.ld -L../../r5_bsp/psu_cortexr5_0/lib -o "fsbl_r5.elf"  ./src/psu_init.o ./src/xfsbl_authentication.o ./src/xfsbl_board.o ./src/xfsbl_bs.o ./src/xfsbl_csu_dma.o ./src/xfsbl_ddr_init.o ./src/xfsbl_dfu_util.o ./src/xfsbl_exit.o ./src/xfsbl_handoff.o ./src/xfsbl_hooks.o ./src/xfsbl_image_header.o ./src/xfsbl_initialization.o ./src/xfsbl_main.o ./src/xfsbl_misc.o ./src/xfsbl_misc_drivers.o ./src/xfsbl_nand.o ./src/xfsbl_partition_load.o ./src/xfsbl_plpartition_valid.o ./src/xfsbl_qspi.o ./src/xfsbl_rsa_sha.o ./src/xfsbl_sd.o ./src/xfsbl_usb.o   -Wl,--start-group,-lxil,-lgcc,-lc,--end-group -Wl,--start-group,-lxilffs,-lxil,-lgcc,-lc,--end-group -Wl,--start-group,-lxilsecure,-lxil,-lgcc,-lc,--end-group -Wl,--start-group,-lxilpm,-lxil,-lgcc,-lc,--end-group -mcpu=cortex-r5 -mfloat-abi=hard -mfpu=vfpv3-d16 -Wl,--build-id=none -n
Finished building target: fsbl_r5.elf
 
Invoking: ARM R5 Print Size
armr5-none-eabi-size fsbl_r5.elf  |tee "fsbl_r5.elf.size"
   text	   data	    bss	    dec	    hex	filename
  69945	   4040	  87636	 161621	  27755	fsbl_r5.elf
Finished building: fsbl_r5.elf.size
 

20:49:43 Build Finished (took 4s.267ms)

