18:21:18 **** Build of project customWalaProject_bsp ****
make -k all 
Running Make include in psu_cortexa53_0/libsrc/csudma_v1_3/src
make -C psu_cortexa53_0/libsrc/csudma_v1_3/src -s include  "SHELL=/bin/sh" "COMPILER=aarch64-none-elf-gcc" "ARCHIVER=aarch64-none-elf-ar" "COMPILER_FLAGS=  -O2 -c" "EXTRA_COMPILER_FLAGS=-g -Wall -Wextra"
Running Make include in psu_cortexa53_0/libsrc/standalone_v6_8/src
make -C psu_cortexa53_0/libsrc/standalone_v6_8/src -s include  "SHELL=/bin/sh" "COMPILER=aarch64-none-elf-gcc" "ARCHIVER=aarch64-none-elf-ar" "COMPILER_FLAGS=  -O2 -c" "EXTRA_COMPILER_FLAGS=-g -Wall -Wextra"
Running Make include in psu_cortexa53_0/libsrc/ipipsu_v2_4/src
make -C psu_cortexa53_0/libsrc/ipipsu_v2_4/src -s include  "SHELL=/bin/sh" "COMPILER=aarch64-none-elf-gcc" "ARCHIVER=aarch64-none-elf-ar" "COMPILER_FLAGS=  -O2 -c" "EXTRA_COMPILER_FLAGS=-g -Wall -Wextra"
Running Make include in psu_cortexa53_0/libsrc/gpiops_v3_4/src
make -C psu_cortexa53_0/libsrc/gpiops_v3_4/src -s include  "SHELL=/bin/sh" "COMPILER=aarch64-none-elf-gcc" "ARCHIVER=aarch64-none-elf-ar" "COMPILER_FLAGS=  -O2 -c" "EXTRA_COMPILER_FLAGS=-g -Wall -Wextra"
Running Make include in psu_cortexa53_0/libsrc/resetps_v1_2/src
make -C psu_cortexa53_0/libsrc/resetps_v1_2/src -s include  "SHELL=/bin/sh" "COMPILER=aarch64-none-elf-gcc" "ARCHIVER=aarch64-none-elf-ar" "COMPILER_FLAGS=  -O2 -c" "EXTRA_COMPILER_FLAGS=-g -Wall -Wextra"
Running Make include in psu_cortexa53_0/libsrc/axipmon_v6_7/src
make -C psu_cortexa53_0/libsrc/axipmon_v6_7/src -s include  "SHELL=/bin/sh" "COMPILER=aarch64-none-elf-gcc" "ARCHIVER=aarch64-none-elf-ar" "COMPILER_FLAGS=  -O2 -c" "EXTRA_COMPILER_FLAGS=-g -Wall -Wextra"
Running Make include in psu_cortexa53_0/libsrc/scugic_v3_10/src
make -C psu_cortexa53_0/libsrc/scugic_v3_10/src -s include  "SHELL=/bin/sh" "COMPILER=aarch64-none-elf-gcc" "ARCHIVER=aarch64-none-elf-ar" "COMPILER_FLAGS=  -O2 -c" "EXTRA_COMPILER_FLAGS=-g -Wall -Wextra"
Running Make include in psu_cortexa53_0/libsrc/sysmonpsu_v2_5/src
make -C psu_cortexa53_0/libsrc/sysmonpsu_v2_5/src -s include  "SHELL=/bin/sh" "COMPILER=aarch64-none-elf-gcc" "ARCHIVER=aarch64-none-elf-ar" "COMPILER_FLAGS=  -O2 -c" "EXTRA_COMPILER_FLAGS=-g -Wall -Wextra"
Running Make include in psu_cortexa53_0/libsrc/ddrcpsu_v1_1/src
make -C psu_cortexa53_0/libsrc/ddrcpsu_v1_1/src -s include  "SHELL=/bin/sh" "COMPILER=aarch64-none-elf-gcc" "ARCHIVER=aarch64-none-elf-ar" "COMPILER_FLAGS=  -O2 -c" "EXTRA_COMPILER_FLAGS=-g -Wall -Wextra"
Running Make include in psu_cortexa53_0/libsrc/gpio_v4_3/src
make -C psu_cortexa53_0/libsrc/gpio_v4_3/src -s include  "SHELL=/bin/sh" "COMPILER=aarch64-none-elf-gcc" "ARCHIVER=aarch64-none-elf-ar" "COMPILER_FLAGS=  -O2 -c" "EXTRA_COMPILER_FLAGS=-g -Wall -Wextra"
Running Make include in psu_cortexa53_0/libsrc/cpu_cortexa53_v1_5/src
make -C psu_cortexa53_0/libsrc/cpu_cortexa53_v1_5/src -s include  "SHELL=/bin/sh" "COMPILER=aarch64-none-elf-gcc" "ARCHIVER=aarch64-none-elf-ar" "COMPILER_FLAGS=  -O2 -c" "EXTRA_COMPILER_FLAGS=-g -Wall -Wextra"
Running Make include in psu_cortexa53_0/libsrc/uartps_v3_7/src
make -C psu_cortexa53_0/libsrc/uartps_v3_7/src -s include  "SHELL=/bin/sh" "COMPILER=aarch64-none-elf-gcc" "ARCHIVER=aarch64-none-elf-ar" "COMPILER_FLAGS=  -O2 -c" "EXTRA_COMPILER_FLAGS=-g -Wall -Wextra"
Running Make include in psu_cortexa53_0/libsrc/rtcpsu_v1_6/src
make -C psu_cortexa53_0/libsrc/rtcpsu_v1_6/src -s include  "SHELL=/bin/sh" "COMPILER=aarch64-none-elf-gcc" "ARCHIVER=aarch64-none-elf-ar" "COMPILER_FLAGS=  -O2 -c" "EXTRA_COMPILER_FLAGS=-g -Wall -Wextra"
Running Make include in psu_cortexa53_0/libsrc/clockps_v1_0/src
make -C psu_cortexa53_0/libsrc/clockps_v1_0/src -s include  "SHELL=/bin/sh" "COMPILER=aarch64-none-elf-gcc" "ARCHIVER=aarch64-none-elf-ar" "COMPILER_FLAGS=  -O2 -c" "EXTRA_COMPILER_FLAGS=-g -Wall -Wextra"
Running Make include in psu_cortexa53_0/libsrc/zdma_v1_6/src
make -C psu_cortexa53_0/libsrc/zdma_v1_6/src -s include  "SHELL=/bin/sh" "COMPILER=aarch64-none-elf-gcc" "ARCHIVER=aarch64-none-elf-ar" "COMPILER_FLAGS=  -O2 -c" "EXTRA_COMPILER_FLAGS=-g -Wall -Wextra"
Running Make include in psu_cortexa53_0/libsrc/coresightps_dcc_v1_4/src
make -C psu_cortexa53_0/libsrc/coresightps_dcc_v1_4/src -s include  "SHELL=/bin/sh" "COMPILER=aarch64-none-elf-gcc" "ARCHIVER=aarch64-none-elf-ar" "COMPILER_FLAGS=  -O2 -c" "EXTRA_COMPILER_FLAGS=-g -Wall -Wextra"
Running Make libs in psu_cortexa53_0/libsrc/csudma_v1_3/src
make -C psu_cortexa53_0/libsrc/csudma_v1_3/src -s libs  "SHELL=/bin/sh" "COMPILER=aarch64-none-elf-gcc" "ARCHIVER=aarch64-none-elf-ar" "COMPILER_FLAGS=  -O2 -c" "EXTRA_COMPILER_FLAGS=-g -Wall -Wextra"
Compiling csudma
aarch64-none-elf-ar: creating ../../../lib/libxil.a
Running Make libs in psu_cortexa53_0/libsrc/standalone_v6_8/src
make -C psu_cortexa53_0/libsrc/standalone_v6_8/src -s libs  "SHELL=/bin/sh" "COMPILER=aarch64-none-elf-gcc" "ARCHIVER=aarch64-none-elf-ar" "COMPILER_FLAGS=  -O2 -c" "EXTRA_COMPILER_FLAGS=-g -Wall -Wextra"
Compiling standalone A53
In file included from xtime_l.c:52:0:
xtime_l.h:77:9: note: #pragma message: For the sleep routines, Global timer is being used
 #pragma message ("For the sleep routines, Global timer is being used")
         ^~~~~~~
In file included from sleep.c:59:0:
xtime_l.h:77:9: note: #pragma message: For the sleep routines, Global timer is being used
 #pragma message ("For the sleep routines, Global timer is being used")
         ^~~~~~~
In file included from xil_sleeptimer.c:51:0:
xtime_l.h:77:9: note: #pragma message: For the sleep routines, Global timer is being used
 #pragma message ("For the sleep routines, Global timer is being used")
         ^~~~~~~
translation_table.S:145:2: warning: #warning "There's no DDR_1 in the HW design. MMU translation table marks 32 GB DDR address space as undefined" [-Wcpp]
 #warning "There's no DDR_1 in the HW design. MMU translation table marks 32 GB DDR address space as undefined"
  ^~~~~~~
Running Make libs in psu_cortexa53_0/libsrc/ipipsu_v2_4/src
make -C psu_cortexa53_0/libsrc/ipipsu_v2_4/src -s libs  "SHELL=/bin/sh" "COMPILER=aarch64-none-elf-gcc" "ARCHIVER=aarch64-none-elf-ar" "COMPILER_FLAGS=  -O2 -c" "EXTRA_COMPILER_FLAGS=-g -Wall -Wextra"
Compiling ipipsu
Running Make libs in psu_cortexa53_0/libsrc/gpiops_v3_4/src
make -C psu_cortexa53_0/libsrc/gpiops_v3_4/src -s libs  "SHELL=/bin/sh" "COMPILER=aarch64-none-elf-gcc" "ARCHIVER=aarch64-none-elf-ar" "COMPILER_FLAGS=  -O2 -c" "EXTRA_COMPILER_FLAGS=-g -Wall -Wextra"
Compiling gpiops
Running Make libs in psu_cortexa53_0/libsrc/resetps_v1_2/src
make -C psu_cortexa53_0/libsrc/resetps_v1_2/src -s libs  "SHELL=/bin/sh" "COMPILER=aarch64-none-elf-gcc" "ARCHIVER=aarch64-none-elf-ar" "COMPILER_FLAGS=  -O2 -c" "EXTRA_COMPILER_FLAGS=-g -Wall -Wextra"
Compiling resetps
Running Make libs in psu_cortexa53_0/libsrc/axipmon_v6_7/src
make -C psu_cortexa53_0/libsrc/axipmon_v6_7/src -s libs  "SHELL=/bin/sh" "COMPILER=aarch64-none-elf-gcc" "ARCHIVER=aarch64-none-elf-ar" "COMPILER_FLAGS=  -O2 -c" "EXTRA_COMPILER_FLAGS=-g -Wall -Wextra"
Compiling axipmon
Running Make libs in psu_cortexa53_0/libsrc/scugic_v3_10/src
make -C psu_cortexa53_0/libsrc/scugic_v3_10/src -s libs  "SHELL=/bin/sh" "COMPILER=aarch64-none-elf-gcc" "ARCHIVER=aarch64-none-elf-ar" "COMPILER_FLAGS=  -O2 -c" "EXTRA_COMPILER_FLAGS=-g -Wall -Wextra"
Compiling scugic
Running Make libs in psu_cortexa53_0/libsrc/sysmonpsu_v2_5/src
make -C psu_cortexa53_0/libsrc/sysmonpsu_v2_5/src -s libs  "SHELL=/bin/sh" "COMPILER=aarch64-none-elf-gcc" "ARCHIVER=aarch64-none-elf-ar" "COMPILER_FLAGS=  -O2 -c" "EXTRA_COMPILER_FLAGS=-g -Wall -Wextra"
Compiling sysmonpsu
Running Make libs in psu_cortexa53_0/libsrc/ddrcpsu_v1_1/src
make -C psu_cortexa53_0/libsrc/ddrcpsu_v1_1/src -s libs  "SHELL=/bin/sh" "COMPILER=aarch64-none-elf-gcc" "ARCHIVER=aarch64-none-elf-ar" "COMPILER_FLAGS=  -O2 -c" "EXTRA_COMPILER_FLAGS=-g -Wall -Wextra"
Compiling ddrcpsu
Running Make libs in psu_cortexa53_0/libsrc/gpio_v4_3/src
make -C psu_cortexa53_0/libsrc/gpio_v4_3/src -s libs  "SHELL=/bin/sh" "COMPILER=aarch64-none-elf-gcc" "ARCHIVER=aarch64-none-elf-ar" "COMPILER_FLAGS=  -O2 -c" "EXTRA_COMPILER_FLAGS=-g -Wall -Wextra"
Compiling gpio
Running Make libs in psu_cortexa53_0/libsrc/cpu_cortexa53_v1_5/src
make -C psu_cortexa53_0/libsrc/cpu_cortexa53_v1_5/src -s libs  "SHELL=/bin/sh" "COMPILER=aarch64-none-elf-gcc" "ARCHIVER=aarch64-none-elf-ar" "COMPILER_FLAGS=  -O2 -c" "EXTRA_COMPILER_FLAGS=-g -Wall -Wextra"
Compiling cpu_cortexa53
Running Make libs in psu_cortexa53_0/libsrc/uartps_v3_7/src
make -C psu_cortexa53_0/libsrc/uartps_v3_7/src -s libs  "SHELL=/bin/sh" "COMPILER=aarch64-none-elf-gcc" "ARCHIVER=aarch64-none-elf-ar" "COMPILER_FLAGS=  -O2 -c" "EXTRA_COMPILER_FLAGS=-g -Wall -Wextra"
Compiling uartps
Running Make libs in psu_cortexa53_0/libsrc/rtcpsu_v1_6/src
make -C psu_cortexa53_0/libsrc/rtcpsu_v1_6/src -s libs  "SHELL=/bin/sh" "COMPILER=aarch64-none-elf-gcc" "ARCHIVER=aarch64-none-elf-ar" "COMPILER_FLAGS=  -O2 -c" "EXTRA_COMPILER_FLAGS=-g -Wall -Wextra"
Compiling rtcpsu
Running Make libs in psu_cortexa53_0/libsrc/clockps_v1_0/src
make -C psu_cortexa53_0/libsrc/clockps_v1_0/src -s libs  "SHELL=/bin/sh" "COMPILER=aarch64-none-elf-gcc" "ARCHIVER=aarch64-none-elf-ar" "COMPILER_FLAGS=  -O2 -c" "EXTRA_COMPILER_FLAGS=-g -Wall -Wextra"
Compiling clockps
Running Make libs in psu_cortexa53_0/libsrc/zdma_v1_6/src
make -C psu_cortexa53_0/libsrc/zdma_v1_6/src -s libs  "SHELL=/bin/sh" "COMPILER=aarch64-none-elf-gcc" "ARCHIVER=aarch64-none-elf-ar" "COMPILER_FLAGS=  -O2 -c" "EXTRA_COMPILER_FLAGS=-g -Wall -Wextra"
Compiling zdma
Running Make libs in psu_cortexa53_0/libsrc/coresightps_dcc_v1_4/src
make -C psu_cortexa53_0/libsrc/coresightps_dcc_v1_4/src -s libs  "SHELL=/bin/sh" "COMPILER=aarch64-none-elf-gcc" "ARCHIVER=aarch64-none-elf-ar" "COMPILER_FLAGS=  -O2 -c" "EXTRA_COMPILER_FLAGS=-g -Wall -Wextra"
Compiling coresightps_dcc
Finished building libraries
18:21:24 **** Build of configuration Debug for project customWalaProject ****
make all 
Building file: ../src/helloworld.c
Invoking: ARM v8 gcc compiler
aarch64-none-elf-gcc -Wall -O0 -g3 -c -fmessage-length=0 -MT"src/helloworld.o" -I../../customWalaProject_bsp/psu_cortexa53_0/include -MMD -MP -MF"src/helloworld.d" -MT"src/helloworld.o" -o "src/helloworld.o" "../src/helloworld.c"
Finished building: ../src/helloworld.c
 
Building file: ../src/platform.c
Invoking: ARM v8 gcc compiler
aarch64-none-elf-gcc -Wall -O0 -g3 -c -fmessage-length=0 -MT"src/platform.o" -I../../customWalaProject_bsp/psu_cortexa53_0/include -MMD -MP -MF"src/platform.d" -MT"src/platform.o" -o "src/platform.o" "../src/platform.c"
Finished building: ../src/platform.c
 
Building target: customWalaProject.elf
Invoking: ARM v8 gcc linker
aarch64-none-elf-gcc -Wl,-T -Wl,../src/lscript.ld -L../../customWalaProject_bsp/psu_cortexa53_0/lib -o "customWalaProject.elf"  ./src/helloworld.o ./src/platform.o   -Wl,--start-group,-lxil,-lgcc,-lc,--end-group
Finished building target: customWalaProject.elf
 
Invoking: ARM v8 Print Size
aarch64-none-elf-size customWalaProject.elf  |tee "customWalaProject.elf.size"
   text	   data	    bss	    dec	    hex	filename
  30516	   2344	  20632	  53492	   d0f4	customWalaProject.elf
Finished building: customWalaProject.elf.size
 
18:21:26 **** Auto Build of configuration Debug for project customWalaProject ****
make all 
make: Nothing to be done for 'all'.
18:28:25 **** Auto Build of configuration Debug for project customWalaProject ****
make all 
Building file: ../src/helloworld.c
Invoking: ARM v8 gcc compiler
aarch64-none-elf-gcc -Wall -O0 -g3 -c -fmessage-length=0 -MT"src/helloworld.o" -I../../customWalaProject_bsp/psu_cortexa53_0/include -MMD -MP -MF"src/helloworld.d" -MT"src/helloworld.o" -o "src/helloworld.o" "../src/helloworld.c"
../src/helloworld.c:51:19: warning: extra tokens at end of #include directive
 #include "xgpio.h";
                   ^
../src/helloworld.c: In function 'main':
../src/helloworld.c:58:11: warning: unused variable 'myvar' [-Wunused-variable]
     XGpio myvar;
           ^~~~~
Finished building: ../src/helloworld.c
 
Building target: customWalaProject.elf
Invoking: ARM v8 gcc linker
aarch64-none-elf-gcc -Wl,-T -Wl,../src/lscript.ld -L../../customWalaProject_bsp/psu_cortexa53_0/lib -o "customWalaProject.elf"  ./src/helloworld.o ./src/platform.o   -Wl,--start-group,-lxil,-lgcc,-lc,--end-group
Finished building target: customWalaProject.elf
 
Invoking: ARM v8 Print Size
aarch64-none-elf-size customWalaProject.elf  |tee "customWalaProject.elf.size"
   text	   data	    bss	    dec	    hex	filename
  30516	   2344	  20632	  53492	   d0f4	customWalaProject.elf
Finished building: customWalaProject.elf.size
 
18:28:33 **** Auto Build of configuration Debug for project customWalaProject ****
make all 
Building file: ../src/helloworld.c
Invoking: ARM v8 gcc compiler
aarch64-none-elf-gcc -Wall -O0 -g3 -c -fmessage-length=0 -MT"src/helloworld.o" -I../../customWalaProject_bsp/psu_cortexa53_0/include -MMD -MP -MF"src/helloworld.d" -MT"src/helloworld.o" -o "src/helloworld.o" "../src/helloworld.c"
../src/helloworld.c: In function 'main':
../src/helloworld.c:58:11: warning: unused variable 'myvar' [-Wunused-variable]
     XGpio myvar;
           ^~~~~
Finished building: ../src/helloworld.c
 
Building target: customWalaProject.elf
Invoking: ARM v8 gcc linker
aarch64-none-elf-gcc -Wl,-T -Wl,../src/lscript.ld -L../../customWalaProject_bsp/psu_cortexa53_0/lib -o "customWalaProject.elf"  ./src/helloworld.o ./src/platform.o   -Wl,--start-group,-lxil,-lgcc,-lc,--end-group
Finished building target: customWalaProject.elf
 
Invoking: ARM v8 Print Size
aarch64-none-elf-size customWalaProject.elf  |tee "customWalaProject.elf.size"
   text	   data	    bss	    dec	    hex	filename
  30516	   2344	  20632	  53492	   d0f4	customWalaProject.elf
Finished building: customWalaProject.elf.size
 
18:29:14 **** Auto Build of configuration Debug for project customWalaProject ****
make all 
Building file: ../src/helloworld.c
Invoking: ARM v8 gcc compiler
aarch64-none-elf-gcc -Wall -O0 -g3 -c -fmessage-length=0 -MT"src/helloworld.o" -I../../customWalaProject_bsp/psu_cortexa53_0/include -MMD -MP -MF"src/helloworld.d" -MT"src/helloworld.o" -o "src/helloworld.o" "../src/helloworld.c"
../src/helloworld.c: In function 'main':
../src/helloworld.c:59:22: error: expected expression before 'XGpio'
     XGpio_Initialize(XGpio * InstancePtr, u16 DeviceId)
                      ^~~~~
../src/helloworld.c:59:5: error: too few arguments to function 'XGpio_Initialize'
     XGpio_Initialize(XGpio * InstancePtr, u16 DeviceId)
     ^~~~~~~~~~~~~~~~
In file included from ../src/helloworld.c:51:0:
../../customWalaProject_bsp/psu_cortexa53_0/include/xgpio.h:168:5: note: declared here
src/subdir.mk:24: recipe for target 'src/helloworld.o' failed
 int XGpio_Initialize(XGpio *InstancePtr, u16 DeviceId);
     ^~~~~~~~~~~~~~~~
../src/helloworld.c:60:5: error: expected ';' before 'cleanup_platform'
     cleanup_platform();
     ^~~~~~~~~~~~~~~~
../src/helloworld.c:58:11: warning: unused variable 'myvar' [-Wunused-variable]
     XGpio myvar;
           ^~~~~
make: *** [src/helloworld.o] Error 1
18:29:37 **** Auto Build of configuration Debug for project customWalaProject ****
make all 
Building file: ../src/helloworld.c
Invoking: ARM v8 gcc compiler
aarch64-none-elf-gcc -Wall -O0 -g3 -c -fmessage-length=0 -MT"src/helloworld.o" -I../../customWalaProject_bsp/psu_cortexa53_0/include -MMD -MP -MF"src/helloworld.d" -MT"src/helloworld.o" -o "src/helloworld.o" "../src/helloworld.c"
../src/helloworld.c: In function 'main':
../src/helloworld.c:59:30: error: expected expression before ')' token
     XGpio_Initialize(&myvar, );
                              ^
src/subdir.mk:24: recipe for target 'src/helloworld.o' failed
make: *** [src/helloworld.o] Error 1
18:30:29 **** Auto Build of configuration Debug for project customWalaProject ****
make all 
Building file: ../src/helloworld.c
Invoking: ARM v8 gcc compiler
aarch64-none-elf-gcc -Wall -O0 -g3 -c -fmessage-length=0 -MT"src/helloworld.o" -I../../customWalaProject_bsp/psu_cortexa53_0/include -MMD -MP -MF"src/helloworld.d" -MT"src/helloworld.o" -o "src/helloworld.o" "../src/helloworld.c"
Finished building: ../src/helloworld.c
 
Building target: customWalaProject.elf
Invoking: ARM v8 gcc linker
aarch64-none-elf-gcc -Wl,-T -Wl,../src/lscript.ld -L../../customWalaProject_bsp/psu_cortexa53_0/lib -o "customWalaProject.elf"  ./src/helloworld.o ./src/platform.o   -Wl,--start-group,-lxil,-lgcc,-lc,--end-group
Finished building target: customWalaProject.elf
 
Invoking: ARM v8 Print Size
aarch64-none-elf-size customWalaProject.elf  |tee "customWalaProject.elf.size"
   text	   data	    bss	    dec	    hex	filename
  31628	   2376	  20704	  54708	   d5b4	customWalaProject.elf
Finished building: customWalaProject.elf.size
 
18:30:42 **** Auto Build of configuration Debug for project customWalaProject ****
make all 
Building file: ../src/helloworld.c
Invoking: ARM v8 gcc compiler
aarch64-none-elf-gcc -Wall -O0 -g3 -c -fmessage-length=0 -MT"src/helloworld.o" -I../../customWalaProject_bsp/psu_cortexa53_0/include -MMD -MP -MF"src/helloworld.d" -MT"src/helloworld.o" -o "src/helloworld.o" "../src/helloworld.c"
Finished building: ../src/helloworld.c
 
Building target: customWalaProject.elf
Invoking: ARM v8 gcc linker
aarch64-none-elf-gcc -Wl,-T -Wl,../src/lscript.ld -L../../customWalaProject_bsp/psu_cortexa53_0/lib -o "customWalaProject.elf"  ./src/helloworld.o ./src/platform.o   -Wl,--start-group,-lxil,-lgcc,-lc,--end-group
Finished building target: customWalaProject.elf
 
Invoking: ARM v8 Print Size
aarch64-none-elf-size customWalaProject.elf  |tee "customWalaProject.elf.size"
   text	   data	    bss	    dec	    hex	filename
  31628	   2376	  20704	  54708	   d5b4	customWalaProject.elf
Finished building: customWalaProject.elf.size
 
18:34:38 **** Auto Build of configuration Debug for project customWalaProject ****
make all 
Building file: ../src/helloworld.c
Invoking: ARM v8 gcc compiler
aarch64-none-elf-gcc -Wall -O0 -g3 -c -fmessage-length=0 -MT"src/helloworld.o" -I../../customWalaProject_bsp/psu_cortexa53_0/include -MMD -MP -MF"src/helloworld.d" -MT"src/helloworld.o" -o "src/helloworld.o" "../src/helloworld.c"
../src/helloworld.c: In function 'main':
../src/helloworld.c:63:5: error: expected expression before '}' token
     }
     ^
../src/helloworld.c:62:10: warning: unused variable 'val' [-Wunused-variable]
      int val=
          ^~~
../src/helloworld.c:66:1: error: expected declaration or statement at end of input
 }
 ^
src/subdir.mk:24: recipe for target 'src/helloworld.o' failed
make: *** [src/helloworld.o] Error 1
18:36:25 **** Auto Build of configuration Debug for project customWalaProject ****
make all 
Building file: ../src/helloworld.c
Invoking: ARM v8 gcc compiler
aarch64-none-elf-gcc -Wall -O0 -g3 -c -fmessage-length=0 -MT"src/helloworld.o" -I../../customWalaProject_bsp/psu_cortexa53_0/include -MMD -MP -MF"src/helloworld.d" -MT"src/helloworld.o" -o "src/helloworld.o" "../src/helloworld.c"
../src/helloworld.c: In function 'main':
../src/helloworld.c:62:10: warning: unused variable 'val' [-Wunused-variable]
      int val=XGpio_DiscreteRead(&myvar, 1);
          ^~~
Finished building: ../src/helloworld.c
 
Building target: customWalaProject.elf
Invoking: ARM v8 gcc linker
aarch64-none-elf-gcc -Wl,-T -Wl,../src/lscript.ld -L../../customWalaProject_bsp/psu_cortexa53_0/lib -o "customWalaProject.elf"  ./src/helloworld.o ./src/platform.o   -Wl,--start-group,-lxil,-lgcc,-lc,--end-group
Finished building target: customWalaProject.elf
 
Invoking: ARM v8 Print Size
aarch64-none-elf-size customWalaProject.elf  |tee "customWalaProject.elf.size"
   text	   data	    bss	    dec	    hex	filename
  31628	   2376	  20704	  54708	   d5b4	customWalaProject.elf
Finished building: customWalaProject.elf.size
 
18:37:10 **** Auto Build of configuration Debug for project customWalaProject ****
make all 
Building file: ../src/helloworld.c
Invoking: ARM v8 gcc compiler
aarch64-none-elf-gcc -Wall -O0 -g3 -c -fmessage-length=0 -MT"src/helloworld.o" -I../../customWalaProject_bsp/psu_cortexa53_0/include -MMD -MP -MF"src/helloworld.d" -MT"src/helloworld.o" -o "src/helloworld.o" "../src/helloworld.c"
../src/helloworld.c: In function 'main':
../src/helloworld.c:63:34: error: expected expression before 'unsigned'
      XGpio_DiscreteWrite(&myvar, unsigned Channel, u32 Data)
                                  ^~~~~~~~
../src/helloworld.c:63:6: error: too few arguments to function 'XGpio_DiscreteWrite'
      XGpio_DiscreteWrite(&myvar, unsigned Channel, u32 Data)
      ^~~~~~~~~~~~~~~~~~~
In file included from ../src/helloworld.c:51:0:
../../customWalaProject_bsp/psu_cortexa53_0/include/xgpio.h:180:6: note: declared here
 void XGpio_DiscreteWrite(XGpio *InstancePtr, unsigned Channel, u32 Mask);
      ^~~~~~~~~~~~~~~~~~~
src/subdir.mk:24: recipe for target 'src/helloworld.o' failed
../src/helloworld.c:64:5: error: expected ';' before '}' token
     }
     ^
../src/helloworld.c:62:10: warning: unused variable 'val' [-Wunused-variable]
      int val=XGpio_DiscreteRead(&myvar, 1);
          ^~~
make: *** [src/helloworld.o] Error 1
18:37:20 **** Auto Build of configuration Debug for project customWalaProject ****
make all 
Building file: ../src/helloworld.c
Invoking: ARM v8 gcc compiler
aarch64-none-elf-gcc -Wall -O0 -g3 -c -fmessage-length=0 -MT"src/helloworld.o" -I../../customWalaProject_bsp/psu_cortexa53_0/include -MMD -MP -MF"src/helloworld.d" -MT"src/helloworld.o" -o "src/helloworld.o" "../src/helloworld.c"
Finished building: ../src/helloworld.c
 
Building target: customWalaProject.elf
Invoking: ARM v8 gcc linker
aarch64-none-elf-gcc -Wl,-T -Wl,../src/lscript.ld -L../../customWalaProject_bsp/psu_cortexa53_0/lib -o "customWalaProject.elf"  ./src/helloworld.o ./src/platform.o   -Wl,--start-group,-lxil,-lgcc,-lc,--end-group
Finished building target: customWalaProject.elf
 
Invoking: ARM v8 Print Size
aarch64-none-elf-size customWalaProject.elf  |tee "customWalaProject.elf.size"
   text	   data	    bss	    dec	    hex	filename
  31628	   2376	  20704	  54708	   d5b4	customWalaProject.elf
Finished building: customWalaProject.elf.size
 
18:39:20 **** Incremental Build of configuration Debug for project customWalaProject ****
make all 
make: Nothing to be done for 'all'.
18:41:08 **** Auto Build of configuration Debug for project customWalaProject ****
make all 
Building file: ../src/helloworld.c
Invoking: ARM v8 gcc compiler
aarch64-none-elf-gcc -Wall -O0 -g3 -c -fmessage-length=0 -MT"src/helloworld.o" -I../../customWalaProject_bsp/psu_cortexa53_0/include -MMD -MP -MF"src/helloworld.d" -MT"src/helloworld.o" -o "src/helloworld.o" "../src/helloworld.c"
Finished building: ../src/helloworld.c
 
Building target: customWalaProject.elf
Invoking: ARM v8 gcc linker
aarch64-none-elf-gcc -Wl,-T -Wl,../src/lscript.ld -L../../customWalaProject_bsp/psu_cortexa53_0/lib -o "customWalaProject.elf"  ./src/helloworld.o ./src/platform.o   -Wl,--start-group,-lxil,-lgcc,-lc,--end-group
Finished building target: customWalaProject.elf
 
Invoking: ARM v8 Print Size
aarch64-none-elf-size customWalaProject.elf  |tee "customWalaProject.elf.size"
   text	   data	    bss	    dec	    hex	filename
  31628	   2376	  20704	  54708	   d5b4	customWalaProject.elf
Finished building: customWalaProject.elf.size
 
18:41:58 **** Incremental Build of configuration Debug for project customWalaProject ****
make all 
make: Nothing to be done for 'all'.
18:42:44 **** Auto Build of configuration Debug for project customWalaProject ****
make all 
Building file: ../src/helloworld.c
Invoking: ARM v8 gcc compiler
aarch64-none-elf-gcc -Wall -O0 -g3 -c -fmessage-length=0 -MT"src/helloworld.o" -I../../customWalaProject_bsp/psu_cortexa53_0/include -MMD -MP -MF"src/helloworld.d" -MT"src/helloworld.o" -o "src/helloworld.o" "../src/helloworld.c"
Finished building: ../src/helloworld.c
 
Building target: customWalaProject.elf
Invoking: ARM v8 gcc linker
aarch64-none-elf-gcc -Wl,-T -Wl,../src/lscript.ld -L../../customWalaProject_bsp/psu_cortexa53_0/lib -o "customWalaProject.elf"  ./src/helloworld.o ./src/platform.o   -Wl,--start-group,-lxil,-lgcc,-lc,--end-group
Finished building target: customWalaProject.elf
 
Invoking: ARM v8 Print Size
aarch64-none-elf-size customWalaProject.elf  |tee "customWalaProject.elf.size"
   text	   data	    bss	    dec	    hex	filename
  31628	   2376	  20704	  54708	   d5b4	customWalaProject.elf
Finished building: customWalaProject.elf.size
 
18:43:11 **** Incremental Build of configuration Debug for project customWalaProject ****
make all 
make: Nothing to be done for 'all'.
18:44:14 **** Auto Build of configuration Debug for project customWalaProject ****
make all 
Building file: ../src/helloworld.c
Invoking: ARM v8 gcc compiler
aarch64-none-elf-gcc -Wall -O0 -g3 -c -fmessage-length=0 -MT"src/helloworld.o" -I../../customWalaProject_bsp/psu_cortexa53_0/include -MMD -MP -MF"src/helloworld.d" -MT"src/helloworld.o" -o "src/helloworld.o" "../src/helloworld.c"
Finished building: ../src/helloworld.c
 
Building target: customWalaProject.elf
Invoking: ARM v8 gcc linker
aarch64-none-elf-gcc -Wl,-T -Wl,../src/lscript.ld -L../../customWalaProject_bsp/psu_cortexa53_0/lib -o "customWalaProject.elf"  ./src/helloworld.o ./src/platform.o   -Wl,--start-group,-lxil,-lgcc,-lc,--end-group
Finished building target: customWalaProject.elf
 
Invoking: ARM v8 Print Size
aarch64-none-elf-size customWalaProject.elf  |tee "customWalaProject.elf.size"
   text	   data	    bss	    dec	    hex	filename
  31628	   2376	  20704	  54708	   d5b4	customWalaProject.elf
Finished building: customWalaProject.elf.size
 
18:44:20 **** Incremental Build of configuration Debug for project customWalaProject ****
make all 
make: Nothing to be done for 'all'.
18:45:49 **** Auto Build of configuration Debug for project customWalaProject ****
make all 
Building file: ../src/helloworld.c
Invoking: ARM v8 gcc compiler
aarch64-none-elf-gcc -Wall -O0 -g3 -c -fmessage-length=0 -MT"src/helloworld.o" -I../../customWalaProject_bsp/psu_cortexa53_0/include -MMD -MP -MF"src/helloworld.d" -MT"src/helloworld.o" -o "src/helloworld.o" "../src/helloworld.c"
../src/helloworld.c: In function 'main':
../src/helloworld.c:61:5: warning: implicit declaration of function 'XGpioPs_SetDirectionPin'; did you mean 'XGpio_SetDataDirection'? [-Wimplicit-function-declaration]
     XGpioPs_SetDirectionPin(&Gpio, 22, 0);
     ^~~~~~~~~~~~~~~~~~~~~~~
     XGpio_SetDataDirection
../src/helloworld.c:61:30: error: 'Gpio' undeclared (first use in this function); did you mean 'XGpio'?
     XGpioPs_SetDirectionPin(&Gpio, 22, 0);
                              ^~~~
                              XGpio
../src/helloworld.c:61:30: note: each undeclared identifier is reported only once for each function it appears in
../src/helloworld.c:62:5: warning: implicit declaration of function 'XGpioPs_SetOutputEnablePin'; did you mean 'XGpio_InterruptEnable'? [-Wimplicit-function-declaration]
     XGpioPs_SetOutputEnablePin(&Gpio, 22, 0);
     ^~~~~~~~~~~~~~~~~~~~~~~~~~
     XGpio_InterruptEnable
make: *** [src/helloworld.o] Error 1
src/subdir.mk:24: recipe for target 'src/helloworld.o' failed
18:46:30 **** Auto Build of configuration Debug for project customWalaProject ****
make all 
Building file: ../src/helloworld.c
Invoking: ARM v8 gcc compiler
aarch64-none-elf-gcc -Wall -O0 -g3 -c -fmessage-length=0 -MT"src/helloworld.o" -I../../customWalaProject_bsp/psu_cortexa53_0/include -MMD -MP -MF"src/helloworld.d" -MT"src/helloworld.o" -o "src/helloworld.o" "../src/helloworld.c"
../src/helloworld.c: In function 'main':
../src/helloworld.c:61:5: warning: implicit declaration of function 'XGpioPs_SetDirectionPin'; did you mean 'XGpio_SetDataDirection'? [-Wimplicit-function-declaration]
     XGpioPs_SetDirectionPin(&myvar, 22, 0);
     ^~~~~~~~~~~~~~~~~~~~~~~
     XGpio_SetDataDirection
../src/helloworld.c:62:5: warning: implicit declaration of function 'XGpioPs_SetOutputEnablePin'; did you mean 'XGpio_InterruptEnable'? [-Wimplicit-function-declaration]
     XGpioPs_SetOutputEnablePin(&myvar, 22, 0);
     ^~~~~~~~~~~~~~~~~~~~~~~~~~
     XGpio_InterruptEnable
Finished building: ../src/helloworld.c
 
Building target: customWalaProject.elf
Invoking: ARM v8 gcc linker
aarch64-none-elf-gcc -Wl,-T -Wl,../src/lscript.ld -L../../customWalaProject_bsp/psu_cortexa53_0/lib -o "customWalaProject.elf"  ./src/helloworld.o ./src/platform.o   -Wl,--start-group,-lxil,-lgcc,-lc,--end-group
Finished building target: customWalaProject.elf
 
Invoking: ARM v8 Print Size
aarch64-none-elf-size customWalaProject.elf  |tee "customWalaProject.elf.size"
   text	   data	    bss	    dec	    hex	filename
  38636	   2376	  20672	  61684	   f0f4	customWalaProject.elf
Finished building: customWalaProject.elf.size
 
18:46:43 **** Auto Build of configuration Debug for project customWalaProject ****
make all 
Building file: ../src/helloworld.c
Invoking: ARM v8 gcc compiler
aarch64-none-elf-gcc -Wall -O0 -g3 -c -fmessage-length=0 -MT"src/helloworld.o" -I../../customWalaProject_bsp/psu_cortexa53_0/include -MMD -MP -MF"src/helloworld.d" -MT"src/helloworld.o" -o "src/helloworld.o" "../src/helloworld.c"
../src/helloworld.c: In function 'main':
../src/helloworld.c:61:5: warning: implicit declaration of function 'XGpio_SetDirectionPin'; did you mean 'XGpio_SetDataDirection'? [-Wimplicit-function-declaration]
     XGpio_SetDirectionPin(&myvar, 22, 0);
     ^~~~~~~~~~~~~~~~~~~~~
     XGpio_SetDataDirection
../src/helloworld.c:62:5: warning: implicit declaration of function 'XGpio_SetOutputEnablePin'; did you mean 'XGpio_InterruptEnable'? [-Wimplicit-function-declaration]
     XGpio_SetOutputEnablePin(&myvar, 22, 0);
     ^~~~~~~~~~~~~~~~~~~~~~~~
     XGpio_InterruptEnable
Finished building: ../src/helloworld.c
 
Building target: customWalaProject.elf
Invoking: ARM v8 gcc linker
aarch64-none-elf-gcc -Wl,-T -Wl,../src/lscript.ld -L../../customWalaProject_bsp/psu_cortexa53_0/lib -o "customWalaProject.elf"  ./src/helloworld.o ./src/platform.o   -Wl,--start-group,-lxil,-lgcc,-lc,--end-group
./src/helloworld.o: In function `main':
/home/shubham/Vivado_Exercises/customWalaProject/customWalaProject.sdk/customWalaProject/Debug/../src/helloworld.c:61: undefined reference to `XGpio_SetDirectionPin'
/home/shubham/Vivado_Exercises/customWalaProject/customWalaProject.sdk/customWalaProject/Debug/../src/helloworld.c:62: undefined reference to `XGpio_SetOutputEnablePin'
collect2: error: ld returned 1 exit status
makefile:36: recipe for target 'customWalaProject.elf' failed
make: *** [customWalaProject.elf] Error 1
18:47:45 **** Auto Build of configuration Debug for project customWalaProject ****
make all 
Building file: ../src/helloworld.c
Invoking: ARM v8 gcc compiler
aarch64-none-elf-gcc -Wall -O0 -g3 -c -fmessage-length=0 -MT"src/helloworld.o" -I../../customWalaProject_bsp/psu_cortexa53_0/include -MMD -MP -MF"src/helloworld.d" -MT"src/helloworld.o" -o "src/helloworld.o" "../src/helloworld.c"
Finished building: ../src/helloworld.c
 
Building target: customWalaProject.elf
Invoking: ARM v8 gcc linker
aarch64-none-elf-gcc -Wl,-T -Wl,../src/lscript.ld -L../../customWalaProject_bsp/psu_cortexa53_0/lib -o "customWalaProject.elf"  ./src/helloworld.o ./src/platform.o   -Wl,--start-group,-lxil,-lgcc,-lc,--end-group
Finished building target: customWalaProject.elf
 
Invoking: ARM v8 Print Size
aarch64-none-elf-size customWalaProject.elf  |tee "customWalaProject.elf.size"
   text	   data	    bss	    dec	    hex	filename
  31692	   2376	  20704	  54772	   d5f4	customWalaProject.elf
Finished building: customWalaProject.elf.size
 
18:48:11 **** Auto Build of configuration Debug for project customWalaProject ****
make all 
Building file: ../src/helloworld.c
Invoking: ARM v8 gcc compiler
aarch64-none-elf-gcc -Wall -O0 -g3 -c -fmessage-length=0 -MT"src/helloworld.o" -I../../customWalaProject_bsp/psu_cortexa53_0/include -MMD -MP -MF"src/helloworld.d" -MT"src/helloworld.o" -o "src/helloworld.o" "../src/helloworld.c"
Finished building: ../src/helloworld.c
 
Building target: customWalaProject.elf
Invoking: ARM v8 gcc linker
aarch64-none-elf-gcc -Wl,-T -Wl,../src/lscript.ld -L../../customWalaProject_bsp/psu_cortexa53_0/lib -o "customWalaProject.elf"  ./src/helloworld.o ./src/platform.o   -Wl,--start-group,-lxil,-lgcc,-lc,--end-group
Finished building target: customWalaProject.elf
 
Invoking: ARM v8 Print Size
aarch64-none-elf-size customWalaProject.elf  |tee "customWalaProject.elf.size"
   text	   data	    bss	    dec	    hex	filename
  31692	   2376	  20704	  54772	   d5f4	customWalaProject.elf
Finished building: customWalaProject.elf.size
 
18:48:29 **** Auto Build of configuration Debug for project customWalaProject ****
make all 
Building file: ../src/helloworld.c
Invoking: ARM v8 gcc compiler
aarch64-none-elf-gcc -Wall -O0 -g3 -c -fmessage-length=0 -MT"src/helloworld.o" -I../../customWalaProject_bsp/psu_cortexa53_0/include -MMD -MP -MF"src/helloworld.d" -MT"src/helloworld.o" -o "src/helloworld.o" "../src/helloworld.c"
Finished building: ../src/helloworld.c
 
Building target: customWalaProject.elf
Invoking: ARM v8 gcc linker
aarch64-none-elf-gcc -Wl,-T -Wl,../src/lscript.ld -L../../customWalaProject_bsp/psu_cortexa53_0/lib -o "customWalaProject.elf"  ./src/helloworld.o ./src/platform.o   -Wl,--start-group,-lxil,-lgcc,-lc,--end-group
Finished building target: customWalaProject.elf
 
Invoking: ARM v8 Print Size
aarch64-none-elf-size customWalaProject.elf  |tee "customWalaProject.elf.size"
   text	   data	    bss	    dec	    hex	filename
  31692	   2376	  20704	  54772	   d5f4	customWalaProject.elf
Finished building: customWalaProject.elf.size
 
18:48:38 **** Auto Build of configuration Debug for project customWalaProject ****
make all 
Building file: ../src/helloworld.c
Invoking: ARM v8 gcc compiler
aarch64-none-elf-gcc -Wall -O0 -g3 -c -fmessage-length=0 -MT"src/helloworld.o" -I../../customWalaProject_bsp/psu_cortexa53_0/include -MMD -MP -MF"src/helloworld.d" -MT"src/helloworld.o" -o "src/helloworld.o" "../src/helloworld.c"
Finished building: ../src/helloworld.c
 
Building target: customWalaProject.elf
Invoking: ARM v8 gcc linker
aarch64-none-elf-gcc -Wl,-T -Wl,../src/lscript.ld -L../../customWalaProject_bsp/psu_cortexa53_0/lib -o "customWalaProject.elf"  ./src/helloworld.o ./src/platform.o   -Wl,--start-group,-lxil,-lgcc,-lc,--end-group
Finished building target: customWalaProject.elf
 
Invoking: ARM v8 Print Size
aarch64-none-elf-size customWalaProject.elf  |tee "customWalaProject.elf.size"
   text	   data	    bss	    dec	    hex	filename
  31692	   2376	  20704	  54772	   d5f4	customWalaProject.elf
Finished building: customWalaProject.elf.size
 
18:49:09 **** Incremental Build of configuration Debug for project customWalaProject ****
make all 
make: Nothing to be done for 'all'.
18:51:18 **** Auto Build of configuration Debug for project customWalaProject ****
make all 
Building file: ../src/helloworld.c
Invoking: ARM v8 gcc compiler
aarch64-none-elf-gcc -Wall -O0 -g3 -c -fmessage-length=0 -MT"src/helloworld.o" -I../../customWalaProject_bsp/psu_cortexa53_0/include -MMD -MP -MF"src/helloworld.d" -MT"src/helloworld.o" -o "src/helloworld.o" "../src/helloworld.c"
../src/helloworld.c: In function 'main':
../src/helloworld.c:60:5: error: 'ConfigPtr' undeclared (first use in this function)
     ConfigPtr = XGpioPs_LookupConfig(XPAR_XGPIOPS_0_DEVICE_ID);
     ^~~~~~~~~
../src/helloworld.c:60:5: note: each undeclared identifier is reported only once for each function it appears in
../src/helloworld.c:60:17: warning: implicit declaration of function 'XGpioPs_LookupConfig'; did you mean 'XGpio_LookupConfig'? [-Wimplicit-function-declaration]
     ConfigPtr = XGpioPs_LookupConfig(XPAR_XGPIOPS_0_DEVICE_ID);
                 ^~~~~~~~~~~~~~~~~~~~
                 XGpio_LookupConfig
../src/helloworld.c:61:5: error: 'Status' undeclared (first use in this function); did you mean 'XStatus'?
     Status = XGpioPs_CfgInitialize(&Gpio, ConfigPtr,
     ^~~~~~
     XStatus
../src/helloworld.c:61:14: warning: implicit declaration of function 'XGpioPs_CfgInitialize'; did you mean 'XGpio_CfgInitialize'? [-Wimplicit-function-declaration]
     Status = XGpioPs_CfgInitialize(&Gpio, ConfigPtr,
              ^~~~~~~~~~~~~~~~~~~~~
              XGpio_CfgInitialize
../src/helloworld.c:61:37: error: 'Gpio' undeclared (first use in this function); did you mean 'XGpio'?
     Status = XGpioPs_CfgInitialize(&Gpio, ConfigPtr,
                                     ^~~~
                                     XGpio
src/subdir.mk:24: recipe for target 'src/helloworld.o' failed
make: *** [src/helloworld.o] Error 1
18:51:51 **** Auto Build of configuration Debug for project customWalaProject ****
make all 
Building file: ../src/helloworld.c
Invoking: ARM v8 gcc compiler
aarch64-none-elf-gcc -Wall -O0 -g3 -c -fmessage-length=0 -MT"src/helloworld.o" -I../../customWalaProject_bsp/psu_cortexa53_0/include -MMD -MP -MF"src/helloworld.d" -MT"src/helloworld.o" -o "src/helloworld.o" "../src/helloworld.c"
../src/helloworld.c:56:1: error: expected '=', ',', ';', 'asm' or '__attribute__' before 'int'
 int main()
 ^~~
make: *** [src/helloworld.o] Error 1
src/subdir.mk:24: recipe for target 'src/helloworld.o' failed
18:52:02 **** Auto Build of configuration Debug for project customWalaProject ****
make all 
Building file: ../src/helloworld.c
Invoking: ARM v8 gcc compiler
aarch64-none-elf-gcc -Wall -O0 -g3 -c -fmessage-length=0 -MT"src/helloworld.o" -I../../customWalaProject_bsp/psu_cortexa53_0/include -MMD -MP -MF"src/helloworld.d" -MT"src/helloworld.o" -o "src/helloworld.o" "../src/helloworld.c"
../src/helloworld.c: In function 'main':
../src/helloworld.c:62:17: warning: implicit declaration of function 'XGpioPs_LookupConfig'; did you mean 'XGpio_LookupConfig'? [-Wimplicit-function-declaration]
     ConfigPtr = XGpioPs_LookupConfig(XPAR_XGPIOPS_0_DEVICE_ID);
                 ^~~~~~~~~~~~~~~~~~~~
                 XGpio_LookupConfig
../src/helloworld.c:62:15: warning: assignment makes pointer from integer without a cast [-Wint-conversion]
     ConfigPtr = XGpioPs_LookupConfig(XPAR_XGPIOPS_0_DEVICE_ID);
               ^
../src/helloworld.c:63:5: error: 'Status' undeclared (first use in this function); did you mean 'XStatus'?
     Status = XGpioPs_CfgInitialize(&Gpio, ConfigPtr,
     ^~~~~~
     XStatus
../src/helloworld.c:63:5: note: each undeclared identifier is reported only once for each function it appears in
../src/helloworld.c:63:14: warning: implicit declaration of function 'XGpioPs_CfgInitialize'; did you mean 'XGpio_CfgInitialize'? [-Wimplicit-function-declaration]
     Status = XGpioPs_CfgInitialize(&Gpio, ConfigPtr,
              ^~~~~~~~~~~~~~~~~~~~~
              XGpio_CfgInitialize
../src/helloworld.c:63:37: error: 'Gpio' undeclared (first use in this function); did you mean 'XGpio'?
     Status = XGpioPs_CfgInitialize(&Gpio, ConfigPtr,
                                     ^~~~
                                     XGpio
../src/helloworld.c:64:21: error: 'XGpio_Config {aka struct <anonymous>}' has no member named 'BaseAddr'; did you mean 'BaseAddress'?
src/subdir.mk:24: recipe for target 'src/helloworld.o' failed
          ConfigPtr->BaseAddr);
                     ^~~~~~~~
                     BaseAddress
make: *** [src/helloworld.o] Error 1
18:53:31 **** Auto Build of configuration Debug for project customWalaProject ****
make all 
Building file: ../src/helloworld.c
Invoking: ARM v8 gcc compiler
aarch64-none-elf-gcc -Wall -O0 -g3 -c -fmessage-length=0 -MT"src/helloworld.o" -I../../customWalaProject_bsp/psu_cortexa53_0/include -MMD -MP -MF"src/helloworld.d" -MT"src/helloworld.o" -o "src/helloworld.o" "../src/helloworld.c"
../src/helloworld.c: In function 'main':
../src/helloworld.c:63:7: warning: implicit declaration of function 'XGpioPs_LookupConfig'; did you mean 'XGpio_LookupConfig'? [-Wimplicit-function-declaration]
       XGpioPs_LookupConfig(XPAR_XGPIOPS_0_DEVICE_ID);
       ^~~~~~~~~~~~~~~~~~~~
       XGpio_LookupConfig
../src/helloworld.c:64:5: error: 'Status' undeclared (first use in this function); did you mean 'XStatus'?
     Status = XGpioPs_CfgInitialize(&Gpio, ConfigPtr,
     ^~~~~~
     XStatus
../src/helloworld.c:64:5: note: each undeclared identifier is reported only once for each function it appears in
../src/helloworld.c:64:14: warning: implicit declaration of function 'XGpioPs_CfgInitialize'; did you mean 'XGpio_CfgInitialize'? [-Wimplicit-function-declaration]
     Status = XGpioPs_CfgInitialize(&Gpio, ConfigPtr,
              ^~~~~~~~~~~~~~~~~~~~~
              XGpio_CfgInitialize
../src/helloworld.c:64:37: error: 'Gpio' undeclared (first use in this function); did you mean 'XGpio'?
     Status = XGpioPs_CfgInitialize(&Gpio, ConfigPtr,
                                     ^~~~
                                     XGpio
../src/helloworld.c:65:21: error: 'XGpio_Config {aka struct <anonymous>}' has no member named 'BaseAddr'; did you mean 'BaseAddress'?
          ConfigPtr->BaseAddr);
                     ^~~~~~~~
                     BaseAddress
src/subdir.mk:24: recipe for target 'src/helloworld.o' failed
make: *** [src/helloworld.o] Error 1
18:53:53 **** Auto Build of configuration Debug for project customWalaProject ****
make all 
Building file: ../src/helloworld.c
Invoking: ARM v8 gcc compiler
aarch64-none-elf-gcc -Wall -O0 -g3 -c -fmessage-length=0 -MT"src/helloworld.o" -I../../customWalaProject_bsp/psu_cortexa53_0/include -MMD -MP -MF"src/helloworld.d" -MT"src/helloworld.o" -o "src/helloworld.o" "../src/helloworld.c"
../src/helloworld.c: In function 'main':
../src/helloworld.c:63:5: error: 'Status' undeclared (first use in this function); did you mean 'XStatus'?
     Status = XGpioPs_CfgInitialize(&Gpio, ConfigPtr,
     ^~~~~~
     XStatus
../src/helloworld.c:63:5: note: each undeclared identifier is reported only once for each function it appears in
../src/helloworld.c:63:14: warning: implicit declaration of function 'XGpioPs_CfgInitialize'; did you mean 'XGpio_CfgInitialize'? [-Wimplicit-function-declaration]
     Status = XGpioPs_CfgInitialize(&Gpio, ConfigPtr,
              ^~~~~~~~~~~~~~~~~~~~~
              XGpio_CfgInitialize
../src/helloworld.c:63:37: error: 'Gpio' undeclared (first use in this function); did you mean 'XGpio'?
     Status = XGpioPs_CfgInitialize(&Gpio, ConfigPtr,
                                     ^~~~
                                     XGpio
../src/helloworld.c:64:21: error: 'XGpio_Config {aka struct <anonymous>}' has no member named 'BaseAddr'; did you mean 'BaseAddress'?
          ConfigPtr->BaseAddr);
                     ^~~~~~~~
                     BaseAddress
make: *** [src/helloworld.o] Error 1
src/subdir.mk:24: recipe for target 'src/helloworld.o' failed
18:54:02 **** Auto Build of configuration Debug for project customWalaProject ****
make all 
Building file: ../src/helloworld.c
Invoking: ARM v8 gcc compiler
aarch64-none-elf-gcc -Wall -O0 -g3 -c -fmessage-length=0 -MT"src/helloworld.o" -I../../customWalaProject_bsp/psu_cortexa53_0/include -MMD -MP -MF"src/helloworld.d" -MT"src/helloworld.o" -o "src/helloworld.o" "../src/helloworld.c"
../src/helloworld.c: In function 'main':
../src/helloworld.c:63:5: error: 'Status' undeclared (first use in this function); did you mean 'XStatus'?
     Status = XGpioPs_CfgInitialize(&myvar, ConfigPtr,
     ^~~~~~
     XStatus
../src/helloworld.c:63:5: note: each undeclared identifier is reported only once for each function it appears in
../src/helloworld.c:63:14: warning: implicit declaration of function 'XGpioPs_CfgInitialize'; did you mean 'XGpio_CfgInitialize'? [-Wimplicit-function-declaration]
     Status = XGpioPs_CfgInitialize(&myvar, ConfigPtr,
              ^~~~~~~~~~~~~~~~~~~~~
              XGpio_CfgInitialize
../src/helloworld.c:64:21: error: 'XGpio_Config {aka struct <anonymous>}' has no member named 'BaseAddr'; did you mean 'BaseAddress'?
          ConfigPtr->BaseAddr);
                     ^~~~~~~~
                     BaseAddress
src/subdir.mk:24: recipe for target 'src/helloworld.o' failed
make: *** [src/helloworld.o] Error 1
18:54:13 **** Auto Build of configuration Debug for project customWalaProject ****
make all 
Building file: ../src/helloworld.c
Invoking: ARM v8 gcc compiler
aarch64-none-elf-gcc -Wall -O0 -g3 -c -fmessage-length=0 -MT"src/helloworld.o" -I../../customWalaProject_bsp/psu_cortexa53_0/include -MMD -MP -MF"src/helloworld.d" -MT"src/helloworld.o" -o "src/helloworld.o" "../src/helloworld.c"
../src/helloworld.c: In function 'main':
../src/helloworld.c:63:14: warning: implicit declaration of function 'XGpioPs_CfgInitialize'; did you mean 'XGpio_CfgInitialize'? [-Wimplicit-function-declaration]
     Status = XGpioPs_CfgInitialize(&myvar, ConfigPtr,
              ^~~~~~~~~~~~~~~~~~~~~
              XGpio_CfgInitialize
../src/helloworld.c:64:21: error: 'XGpio_Config {aka struct <anonymous>}' has no member named 'BaseAddr'; did you mean 'BaseAddress'?
          ConfigPtr->BaseAddr);
                     ^~~~~~~~
                     BaseAddress
src/subdir.mk:24: recipe for target 'src/helloworld.o' failed
make: *** [src/helloworld.o] Error 1
18:54:49 **** Auto Build of configuration Debug for project customWalaProject ****
make all 
Building file: ../src/helloworld.c
Invoking: ARM v8 gcc compiler
aarch64-none-elf-gcc -Wall -O0 -g3 -c -fmessage-length=0 -MT"src/helloworld.o" -I../../customWalaProject_bsp/psu_cortexa53_0/include -MMD -MP -MF"src/helloworld.d" -MT"src/helloworld.o" -o "src/helloworld.o" "../src/helloworld.c"
../src/helloworld.c: In function 'main':
../src/helloworld.c:64:14: warning: implicit declaration of function 'XGpioPs_CfgInitialize'; did you mean 'XGpio_CfgInitialize'? [-Wimplicit-function-declaration]
     Status = XGpioPs_CfgInitialize(&myvar, ConfigPtr,
              ^~~~~~~~~~~~~~~~~~~~~
              XGpio_CfgInitialize
../src/helloworld.c:65:21: error: 'XGpio_Config {aka struct <anonymous>}' has no member named 'BaseAddr'; did you mean 'BaseAddress'?
          ConfigPtr->BaseAddr);
                     ^~~~~~~~
                     BaseAddress
src/subdir.mk:24: recipe for target 'src/helloworld.o' failed
make: *** [src/helloworld.o] Error 1
18:55:07 **** Auto Build of configuration Debug for project customWalaProject ****
make all 
Building file: ../src/helloworld.c
Invoking: ARM v8 gcc compiler
aarch64-none-elf-gcc -Wall -O0 -g3 -c -fmessage-length=0 -MT"src/helloworld.o" -I../../customWalaProject_bsp/psu_cortexa53_0/include -MMD -MP -MF"src/helloworld.d" -MT"src/helloworld.o" -o "src/helloworld.o" "../src/helloworld.c"
../src/helloworld.c: In function 'main':
../src/helloworld.c:64:14: warning: implicit declaration of function 'XGpioPs_CfgInitialize'; did you mean 'XGpio_CfgInitialize'? [-Wimplicit-function-declaration]
     Status = XGpioPs_CfgInitialize(&myvar, ConfigPtr,
              ^~~~~~~~~~~~~~~~~~~~~
              XGpio_CfgInitialize
Finished building: ../src/helloworld.c
 
Building target: customWalaProject.elf
Invoking: ARM v8 gcc linker
aarch64-none-elf-gcc -Wl,-T -Wl,../src/lscript.ld -L../../customWalaProject_bsp/psu_cortexa53_0/lib -o "customWalaProject.elf"  ./src/helloworld.o ./src/platform.o   -Wl,--start-group,-lxil,-lgcc,-lc,--end-group
Finished building target: customWalaProject.elf
 
Invoking: ARM v8 Print Size
aarch64-none-elf-size customWalaProject.elf  |tee "customWalaProject.elf.size"
   text	   data	    bss	    dec	    hex	filename
  38764	   2376	  20672	  61812	   f174	customWalaProject.elf
Finished building: customWalaProject.elf.size
 
18:55:34 **** Auto Build of configuration Debug for project customWalaProject ****
make all 
Building file: ../src/helloworld.c
Invoking: ARM v8 gcc compiler
aarch64-none-elf-gcc -Wall -O0 -g3 -c -fmessage-length=0 -MT"src/helloworld.o" -I../../customWalaProject_bsp/psu_cortexa53_0/include -MMD -MP -MF"src/helloworld.d" -MT"src/helloworld.o" -o "src/helloworld.o" "../src/helloworld.c"
Finished building: ../src/helloworld.c
 
Building target: customWalaProject.elf
Invoking: ARM v8 gcc linker
aarch64-none-elf-gcc -Wl,-T -Wl,../src/lscript.ld -L../../customWalaProject_bsp/psu_cortexa53_0/lib -o "customWalaProject.elf"  ./src/helloworld.o ./src/platform.o   -Wl,--start-group,-lxil,-lgcc,-lc,--end-group
Finished building target: customWalaProject.elf
 
Invoking: ARM v8 Print Size
aarch64-none-elf-size customWalaProject.elf  |tee "customWalaProject.elf.size"
   text	   data	    bss	    dec	    hex	filename
  31820	   2376	  20704	  54900	   d674	customWalaProject.elf
Finished building: customWalaProject.elf.size
 
18:56:42 **** Incremental Build of configuration Debug for project customWalaProject ****
make all 
make: Nothing to be done for 'all'.
19:00:01 **** Auto Build of configuration Debug for project customWalaProject ****
make all 
Building file: ../src/helloworld.c
Invoking: ARM v8 gcc compiler
aarch64-none-elf-gcc -Wall -O0 -g3 -c -fmessage-length=0 -MT"src/helloworld.o" -I../../customWalaProject_bsp/psu_cortexa53_0/include -MMD -MP -MF"src/helloworld.d" -MT"src/helloworld.o" -o "src/helloworld.o" "../src/helloworld.c"
Finished building: ../src/helloworld.c
 
Building target: customWalaProject.elf
Invoking: ARM v8 gcc linker
aarch64-none-elf-gcc -Wl,-T -Wl,../src/lscript.ld -L../../customWalaProject_bsp/psu_cortexa53_0/lib -o "customWalaProject.elf"  ./src/helloworld.o ./src/platform.o   -Wl,--start-group,-lxil,-lgcc,-lc,--end-group
Finished building target: customWalaProject.elf
 
Invoking: ARM v8 Print Size
aarch64-none-elf-size customWalaProject.elf  |tee "customWalaProject.elf.size"
   text	   data	    bss	    dec	    hex	filename
  31820	   2376	  20704	  54900	   d674	customWalaProject.elf
Finished building: customWalaProject.elf.size
 
19:02:35 **** Auto Build of configuration Debug for project customWalaProject ****
make all 
Building file: ../src/helloworld.c
Invoking: ARM v8 gcc compiler
aarch64-none-elf-gcc -Wall -O0 -g3 -c -fmessage-length=0 -MT"src/helloworld.o" -I../../customWalaProject_bsp/psu_cortexa53_0/include -MMD -MP -MF"src/helloworld.d" -MT"src/helloworld.o" -o "src/helloworld.o" "../src/helloworld.c"
Finished building: ../src/helloworld.c
 
Building target: customWalaProject.elf
Invoking: ARM v8 gcc linker
aarch64-none-elf-gcc -Wl,-T -Wl,../src/lscript.ld -L../../customWalaProject_bsp/psu_cortexa53_0/lib -o "customWalaProject.elf"  ./src/helloworld.o ./src/platform.o   -Wl,--start-group,-lxil,-lgcc,-lc,--end-group
Finished building target: customWalaProject.elf
 
Invoking: ARM v8 Print Size
aarch64-none-elf-size customWalaProject.elf  |tee "customWalaProject.elf.size"
   text	   data	    bss	    dec	    hex	filename
  31844	   2376	  20680	  54900	   d674	customWalaProject.elf
Finished building: customWalaProject.elf.size
 
19:03:05 **** Incremental Build of configuration Debug for project customWalaProject ****
make all 
make: Nothing to be done for 'all'.
19:07:55 **** Auto Build of configuration Debug for project customWalaProject ****
make all 
Building file: ../src/helloworld.c
Invoking: ARM v8 gcc compiler
aarch64-none-elf-gcc -Wall -O0 -g3 -c -fmessage-length=0 -MT"src/helloworld.o" -I../../customWalaProject_bsp/psu_cortexa53_0/include -MMD -MP -MF"src/helloworld.d" -MT"src/helloworld.o" -o "src/helloworld.o" "../src/helloworld.c"
Finished building: ../src/helloworld.c
 
Building target: customWalaProject.elf
Invoking: ARM v8 gcc linker
aarch64-none-elf-gcc -Wl,-T -Wl,../src/lscript.ld -L../../customWalaProject_bsp/psu_cortexa53_0/lib -o "customWalaProject.elf"  ./src/helloworld.o ./src/platform.o   -Wl,--start-group,-lxil,-lgcc,-lc,--end-group
Finished building target: customWalaProject.elf
 
Invoking: ARM v8 Print Size
aarch64-none-elf-size customWalaProject.elf  |tee "customWalaProject.elf.size"
   text	   data	    bss	    dec	    hex	filename
  31844	   2376	  20680	  54900	   d674	customWalaProject.elf
Finished building: customWalaProject.elf.size
 
19:08:03 **** Auto Build of configuration Debug for project customWalaProject ****
make all 
Building file: ../src/helloworld.c
Invoking: ARM v8 gcc compiler
aarch64-none-elf-gcc -Wall -O0 -g3 -c -fmessage-length=0 -MT"src/helloworld.o" -I../../customWalaProject_bsp/psu_cortexa53_0/include -MMD -MP -MF"src/helloworld.d" -MT"src/helloworld.o" -o "src/helloworld.o" "../src/helloworld.c"
Finished building: ../src/helloworld.c
 
Building target: customWalaProject.elf
Invoking: ARM v8 gcc linker
aarch64-none-elf-gcc -Wl,-T -Wl,../src/lscript.ld -L../../customWalaProject_bsp/psu_cortexa53_0/lib -o "customWalaProject.elf"  ./src/helloworld.o ./src/platform.o   -Wl,--start-group,-lxil,-lgcc,-lc,--end-group
Finished building target: customWalaProject.elf
 
Invoking: ARM v8 Print Size
aarch64-none-elf-size customWalaProject.elf  |tee "customWalaProject.elf.size"
   text	   data	    bss	    dec	    hex	filename
  31844	   2376	  20680	  54900	   d674	customWalaProject.elf
Finished building: customWalaProject.elf.size
 
19:08:34 **** Incremental Build of configuration Debug for project customWalaProject ****
make all 
make: Nothing to be done for 'all'.
19:08:47 **** Incremental Build of configuration Debug for project customWalaProject ****
make all 
make: Nothing to be done for 'all'.
19:09:49 **** Auto Build of configuration Debug for project customWalaProject ****
make all 
Building file: ../src/helloworld.c
Invoking: ARM v8 gcc compiler
aarch64-none-elf-gcc -Wall -O0 -g3 -c -fmessage-length=0 -MT"src/helloworld.o" -I../../customWalaProject_bsp/psu_cortexa53_0/include -MMD -MP -MF"src/helloworld.d" -MT"src/helloworld.o" -o "src/helloworld.o" "../src/helloworld.c"
Finished building: ../src/helloworld.c
 
Building target: customWalaProject.elf
Invoking: ARM v8 gcc linker
aarch64-none-elf-gcc -Wl,-T -Wl,../src/lscript.ld -L../../customWalaProject_bsp/psu_cortexa53_0/lib -o "customWalaProject.elf"  ./src/helloworld.o ./src/platform.o   -Wl,--start-group,-lxil,-lgcc,-lc,--end-group
Finished building target: customWalaProject.elf
 
Invoking: ARM v8 Print Size
aarch64-none-elf-size customWalaProject.elf  |tee "customWalaProject.elf.size"
   text	   data	    bss	    dec	    hex	filename
  31844	   2376	  20680	  54900	   d674	customWalaProject.elf
Finished building: customWalaProject.elf.size
 
19:10:40 **** Auto Build of configuration Debug for project customWalaProject ****
make all 
Building file: ../src/helloworld.c
Invoking: ARM v8 gcc compiler
aarch64-none-elf-gcc -Wall -O0 -g3 -c -fmessage-length=0 -MT"src/helloworld.o" -I../../customWalaProject_bsp/psu_cortexa53_0/include -MMD -MP -MF"src/helloworld.d" -MT"src/helloworld.o" -o "src/helloworld.o" "../src/helloworld.c"
../src/helloworld.c: In function 'main':
../src/helloworld.c:69:5: warning: implicit declaration of function 'XGpioPs_SetDirectionPin'; did you mean 'XGpio_SetDataDirection'? [-Wimplicit-function-declaration]
     XGpioPs_SetDirectionPin(&myvar, 22, 0);
     ^~~~~~~~~~~~~~~~~~~~~~~
     XGpio_SetDataDirection
../src/helloworld.c:70:5: warning: implicit declaration of function 'XGpioPs_SetOutputEnablePin'; did you mean 'XGpio_InterruptEnable'? [-Wimplicit-function-declaration]
     XGpioPs_SetOutputEnablePin(&myvar, 22, 0);
     ^~~~~~~~~~~~~~~~~~~~~~~~~~
     XGpio_InterruptEnable
Finished building: ../src/helloworld.c
 
Building target: customWalaProject.elf
Invoking: ARM v8 gcc linker
aarch64-none-elf-gcc -Wl,-T -Wl,../src/lscript.ld -L../../customWalaProject_bsp/psu_cortexa53_0/lib -o "customWalaProject.elf"  ./src/helloworld.o ./src/platform.o   -Wl,--start-group,-lxil,-lgcc,-lc,--end-group
Finished building target: customWalaProject.elf
 
Invoking: ARM v8 Print Size
aarch64-none-elf-size customWalaProject.elf  |tee "customWalaProject.elf.size"
   text	   data	    bss	    dec	    hex	filename
  38788	   2376	  20712	  61876	   f1b4	customWalaProject.elf
Finished building: customWalaProject.elf.size
 
19:11:19 **** Auto Build of configuration Debug for project customWalaProject ****
make all 
Building file: ../src/helloworld.c
Invoking: ARM v8 gcc compiler
aarch64-none-elf-gcc -Wall -O0 -g3 -c -fmessage-length=0 -MT"src/helloworld.o" -I../../customWalaProject_bsp/psu_cortexa53_0/include -MMD -MP -MF"src/helloworld.d" -MT"src/helloworld.o" -o "src/helloworld.o" "../src/helloworld.c"
../src/helloworld.c: In function 'main':
../src/helloworld.c:70:29: warning: passing argument 1 of 'XGpioPs_SetDirectionPin' from incompatible pointer type [-Wincompatible-pointer-types]
     XGpioPs_SetDirectionPin(&myvar, 22, 0);
                             ^
In file included from ../src/helloworld.c:53:0:
../../customWalaProject_bsp/psu_cortexa53_0/include/xgpiops.h:233:6: note: expected 'XGpioPs * {aka struct <anonymous> *}' but argument is of type 'XGpio * {aka struct <anonymous> *}'
 void XGpioPs_SetDirectionPin(XGpioPs *InstancePtr, u32 Pin, u32 Direction);
      ^~~~~~~~~~~~~~~~~~~~~~~
../src/helloworld.c:71:32: warning: passing argument 1 of 'XGpioPs_SetOutputEnablePin' from incompatible pointer type [-Wincompatible-pointer-types]
     XGpioPs_SetOutputEnablePin(&myvar, 22, 0);
                                ^
In file included from ../src/helloworld.c:53:0:
../../customWalaProject_bsp/psu_cortexa53_0/include/xgpiops.h:235:6: note: expected 'XGpioPs * {aka struct <anonymous> *}' but argument is of type 'XGpio * {aka struct <anonymous> *}'
 void XGpioPs_SetOutputEnablePin(XGpioPs *InstancePtr, u32 Pin, u32 OpEnable);
      ^~~~~~~~~~~~~~~~~~~~~~~~~~
../src/helloworld.c:72:29: warning: passing argument 1 of 'XGpioPs_SetDirectionPin' from incompatible pointer type [-Wincompatible-pointer-types]
     XGpioPs_SetDirectionPin(&myvar, 80, 1);
                             ^
In file included from ../src/helloworld.c:53:0:
../../customWalaProject_bsp/psu_cortexa53_0/include/xgpiops.h:233:6: note: expected 'XGpioPs * {aka struct <anonymous> *}' but argument is of type 'XGpio * {aka struct <anonymous> *}'
 void XGpioPs_SetDirectionPin(XGpioPs *InstancePtr, u32 Pin, u32 Direction);
      ^~~~~~~~~~~~~~~~~~~~~~~
../src/helloworld.c:73:32: warning: passing argument 1 of 'XGpioPs_SetOutputEnablePin' from incompatible pointer type [-Wincompatible-pointer-types]
     XGpioPs_SetOutputEnablePin(&myvar, 80, 1);
                                ^
In file included from ../src/helloworld.c:53:0:
../../customWalaProject_bsp/psu_cortexa53_0/include/xgpiops.h:235:6: note: expected 'XGpioPs * {aka struct <anonymous> *}' but argument is of type 'XGpio * {aka struct <anonymous> *}'
 void XGpioPs_SetOutputEnablePin(XGpioPs *InstancePtr, u32 Pin, u32 OpEnable);
      ^~~~~~~~~~~~~~~~~~~~~~~~~~
../src/helloworld.c:76:26: warning: passing argument 1 of 'XGpioPs_ReadPin' from incompatible pointer type [-Wincompatible-pointer-types]
      val=XGpioPs_ReadPin(&myvar, 22);
                          ^
In file included from ../src/helloworld.c:53:0:
../../customWalaProject_bsp/psu_cortexa53_0/include/xgpiops.h:231:5: note: expected 'XGpioPs * {aka struct <anonymous> *}' but argument is of type 'XGpio * {aka struct <anonymous> *}'
 u32 XGpioPs_ReadPin(XGpioPs *InstancePtr, u32 Pin);
     ^~~~~~~~~~~~~~~
../src/helloworld.c:77:23: warning: passing argument 1 of 'XGpioPs_WritePin' from incompatible pointer type [-Wincompatible-pointer-types]
      XGpioPs_WritePin(&myvar, 80, val);
                       ^
In file included from ../src/helloworld.c:53:0:
../../customWalaProject_bsp/psu_cortexa53_0/include/xgpiops.h:232:6: note: expected 'XGpioPs * {aka struct <anonymous> *}' but argument is of type 'XGpio * {aka struct <anonymous> *}'
 void XGpioPs_WritePin(XGpioPs *InstancePtr, u32 Pin, u32 Data);
      ^~~~~~~~~~~~~~~~
Finished building: ../src/helloworld.c
 
Building target: customWalaProject.elf
Invoking: ARM v8 gcc linker
aarch64-none-elf-gcc -Wl,-T -Wl,../src/lscript.ld -L../../customWalaProject_bsp/psu_cortexa53_0/lib -o "customWalaProject.elf"  ./src/helloworld.o ./src/platform.o   -Wl,--start-group,-lxil,-lgcc,-lc,--end-group
Finished building target: customWalaProject.elf
 
Invoking: ARM v8 Print Size
aarch64-none-elf-size customWalaProject.elf  |tee "customWalaProject.elf.size"
   text	   data	    bss	    dec	    hex	filename
  38788	   2376	  20712	  61876	   f1b4	customWalaProject.elf
Finished building: customWalaProject.elf.size
 
19:11:30 **** Auto Build of configuration Debug for project customWalaProject ****
make all 
Building file: ../src/helloworld.c
Invoking: ARM v8 gcc compiler
aarch64-none-elf-gcc -Wall -O0 -g3 -c -fmessage-length=0 -MT"src/helloworld.o" -I../../customWalaProject_bsp/psu_cortexa53_0/include -MMD -MP -MF"src/helloworld.d" -MT"src/helloworld.o" -o "src/helloworld.o" "../src/helloworld.c"
../src/helloworld.c:55:1: error: unknown type name 'XGpio_Config'; did you mean 'XGpioPs_Config'?
 XGpio_Config * ConfigPtr;
 ^~~~~~~~~~~~
 XGpioPs_Config
../src/helloworld.c: In function 'main':
../src/helloworld.c:63:5: error: unknown type name 'XGpio'; did you mean 'XGpioPs'?
     XGpio myvar;
     ^~~~~
     XGpioPs
../src/helloworld.c:64:17: warning: implicit declaration of function 'XGpio_LookupConfig'; did you mean 'XGpioPs_LookupConfig'? [-Wimplicit-function-declaration]
     ConfigPtr = XGpio_LookupConfig(XPAR_XGPIOPS_0_DEVICE_ID);
                 ^~~~~~~~~~~~~~~~~~
                 XGpioPs_LookupConfig
../src/helloworld.c:64:15: warning: assignment makes pointer from integer without a cast [-Wint-conversion]
     ConfigPtr = XGpio_LookupConfig(XPAR_XGPIOPS_0_DEVICE_ID);
               ^
../src/helloworld.c:65:14: warning: implicit declaration of function 'XGpio_CfgInitialize'; did you mean 'XGpioPs_CfgInitialize'? [-Wimplicit-function-declaration]
     Status = XGpio_CfgInitialize(&myvar, ConfigPtr,
              ^~~~~~~~~~~~~~~~~~~
              XGpioPs_CfgInitialize
../src/helloworld.c:66:19: error: request for member 'BaseAddress' in something not a structure or union
          ConfigPtr->BaseAddress);
                   ^~
../src/helloworld.c:70:29: warning: passing argument 1 of 'XGpioPs_SetDirectionPin' from incompatible pointer type [-Wincompatible-pointer-types]
     XGpioPs_SetDirectionPin(&myvar, 22, 0);
src/subdir.mk:24: recipe for target 'src/helloworld.o' failed
                             ^
In file included from ../src/helloworld.c:53:0:
../../customWalaProject_bsp/psu_cortexa53_0/include/xgpiops.h:233:6: note: expected 'XGpioPs * {aka struct <anonymous> *}' but argument is of type 'int *'
 void XGpioPs_SetDirectionPin(XGpioPs *InstancePtr, u32 Pin, u32 Direction);
      ^~~~~~~~~~~~~~~~~~~~~~~
../src/helloworld.c:71:32: warning: passing argument 1 of 'XGpioPs_SetOutputEnablePin' from incompatible pointer type [-Wincompatible-pointer-types]
     XGpioPs_SetOutputEnablePin(&myvar, 22, 0);
                                ^
In file included from ../src/helloworld.c:53:0:
../../customWalaProject_bsp/psu_cortexa53_0/include/xgpiops.h:235:6: note: expected 'XGpioPs * {aka struct <anonymous> *}' but argument is of type 'int *'
 void XGpioPs_SetOutputEnablePin(XGpioPs *InstancePtr, u32 Pin, u32 OpEnable);
      ^~~~~~~~~~~~~~~~~~~~~~~~~~
../src/helloworld.c:72:29: warning: passing argument 1 of 'XGpioPs_SetDirectionPin' from incompatible pointer type [-Wincompatible-pointer-types]
     XGpioPs_SetDirectionPin(&myvar, 80, 1);
                             ^
In file included from ../src/helloworld.c:53:0:
../../customWalaProject_bsp/psu_cortexa53_0/include/xgpiops.h:233:6: note: expected 'XGpioPs * {aka struct <anonymous> *}' but argument is of type 'int *'
 void XGpioPs_SetDirectionPin(XGpioPs *InstancePtr, u32 Pin, u32 Direction);
      ^~~~~~~~~~~~~~~~~~~~~~~
../src/helloworld.c:73:32: warning: passing argument 1 of 'XGpioPs_SetOutputEnablePin' from incompatible pointer type [-Wincompatible-pointer-types]
     XGpioPs_SetOutputEnablePin(&myvar, 80, 1);
                                ^
In file included from ../src/helloworld.c:53:0:
../../customWalaProject_bsp/psu_cortexa53_0/include/xgpiops.h:235:6: note: expected 'XGpioPs * {aka struct <anonymous> *}' but argument is of type 'int *'
 void XGpioPs_SetOutputEnablePin(XGpioPs *InstancePtr, u32 Pin, u32 OpEnable);
      ^~~~~~~~~~~~~~~~~~~~~~~~~~
../src/helloworld.c:76:26: warning: passing argument 1 of 'XGpioPs_ReadPin' from incompatible pointer type [-Wincompatible-pointer-types]
      val=XGpioPs_ReadPin(&myvar, 22);
                          ^
In file included from ../src/helloworld.c:53:0:
../../customWalaProject_bsp/psu_cortexa53_0/include/xgpiops.h:231:5: note: expected 'XGpioPs * {aka struct <anonymous> *}' but argument is of type 'int *'
 u32 XGpioPs_ReadPin(XGpioPs *InstancePtr, u32 Pin);
     ^~~~~~~~~~~~~~~
../src/helloworld.c:77:23: warning: passing argument 1 of 'XGpioPs_WritePin' from incompatible pointer type [-Wincompatible-pointer-types]
      XGpioPs_WritePin(&myvar, 80, val);
                       ^
In file included from ../src/helloworld.c:53:0:
../../customWalaProject_bsp/psu_cortexa53_0/include/xgpiops.h:232:6: note: expected 'XGpioPs * {aka struct <anonymous> *}' but argument is of type 'int *'
 void XGpioPs_WritePin(XGpioPs *InstancePtr, u32 Pin, u32 Data);
      ^~~~~~~~~~~~~~~~
make: *** [src/helloworld.o] Error 1
19:11:35 **** Auto Build of configuration Debug for project customWalaProject ****
make all 
Building file: ../src/helloworld.c
Invoking: ARM v8 gcc compiler
aarch64-none-elf-gcc -Wall -O0 -g3 -c -fmessage-length=0 -MT"src/helloworld.o" -I../../customWalaProject_bsp/psu_cortexa53_0/include -MMD -MP -MF"src/helloworld.d" -MT"src/helloworld.o" -o "src/helloworld.o" "../src/helloworld.c"
../src/helloworld.c:55:1: error: unknown type name 'XGpio_Config'; did you mean 'XGpioPs_Config'?
 XGpio_Config * ConfigPtr;
 ^~~~~~~~~~~~
 XGpioPs_Config
../src/helloworld.c: In function 'main':
../src/helloworld.c:64:17: warning: implicit declaration of function 'XGpio_LookupConfig'; did you mean 'XGpioPs_LookupConfig'? [-Wimplicit-function-declaration]
     ConfigPtr = XGpio_LookupConfig(XPAR_XGPIOPS_0_DEVICE_ID);
                 ^~~~~~~~~~~~~~~~~~
                 XGpioPs_LookupConfig
../src/helloworld.c:64:15: warning: assignment makes pointer from integer without a cast [-Wint-conversion]
     ConfigPtr = XGpio_LookupConfig(XPAR_XGPIOPS_0_DEVICE_ID);
               ^
../src/helloworld.c:65:14: warning: implicit declaration of function 'XGpio_CfgInitialize'; did you mean 'XGpioPs_CfgInitialize'? [-Wimplicit-function-declaration]
     Status = XGpio_CfgInitialize(&myvar, ConfigPtr,
              ^~~~~~~~~~~~~~~~~~~
              XGpioPs_CfgInitialize
../src/helloworld.c:66:19: error: request for member 'BaseAddress' in something not a structure or union
          ConfigPtr->BaseAddress);
                   ^~
make: *** [src/helloworld.o] Error 1
src/subdir.mk:24: recipe for target 'src/helloworld.o' failed
19:11:43 **** Auto Build of configuration Debug for project customWalaProject ****
make all 
Building file: ../src/helloworld.c
Invoking: ARM v8 gcc compiler
aarch64-none-elf-gcc -Wall -O0 -g3 -c -fmessage-length=0 -MT"src/helloworld.o" -I../../customWalaProject_bsp/psu_cortexa53_0/include -MMD -MP -MF"src/helloworld.d" -MT"src/helloworld.o" -o "src/helloworld.o" "../src/helloworld.c"
../src/helloworld.c: In function 'main':
../src/helloworld.c:64:17: warning: implicit declaration of function 'XGpio_LookupConfig'; did you mean 'XGpioPs_LookupConfig'? [-Wimplicit-function-declaration]
     ConfigPtr = XGpio_LookupConfig(XPAR_XGPIOPS_0_DEVICE_ID);
                 ^~~~~~~~~~~~~~~~~~
                 XGpioPs_LookupConfig
../src/helloworld.c:64:15: warning: assignment makes pointer from integer without a cast [-Wint-conversion]
     ConfigPtr = XGpio_LookupConfig(XPAR_XGPIOPS_0_DEVICE_ID);
               ^
../src/helloworld.c:65:14: warning: implicit declaration of function 'XGpio_CfgInitialize'; did you mean 'XGpioPs_CfgInitialize'? [-Wimplicit-function-declaration]
     Status = XGpio_CfgInitialize(&myvar, ConfigPtr,
              ^~~~~~~~~~~~~~~~~~~
              XGpioPs_CfgInitialize
../src/helloworld.c:66:21: error: 'XGpioPs_Config {aka struct <anonymous>}' has no member named 'BaseAddress'; did you mean 'BaseAddr'?
          ConfigPtr->BaseAddress);
                     ^~~~~~~~~~~
                     BaseAddr
src/subdir.mk:24: recipe for target 'src/helloworld.o' failed
make: *** [src/helloworld.o] Error 1
19:11:49 **** Auto Build of configuration Debug for project customWalaProject ****
make all 
Building file: ../src/helloworld.c
Invoking: ARM v8 gcc compiler
aarch64-none-elf-gcc -Wall -O0 -g3 -c -fmessage-length=0 -MT"src/helloworld.o" -I../../customWalaProject_bsp/psu_cortexa53_0/include -MMD -MP -MF"src/helloworld.d" -MT"src/helloworld.o" -o "src/helloworld.o" "../src/helloworld.c"
../src/helloworld.c: In function 'main':
../src/helloworld.c:64:17: warning: implicit declaration of function 'XGpio_LookupConfig'; did you mean 'XGpioPs_LookupConfig'? [-Wimplicit-function-declaration]
     ConfigPtr = XGpio_LookupConfig(XPAR_XGPIOPS_0_DEVICE_ID);
                 ^~~~~~~~~~~~~~~~~~
                 XGpioPs_LookupConfig
../src/helloworld.c:64:15: warning: assignment makes pointer from integer without a cast [-Wint-conversion]
     ConfigPtr = XGpio_LookupConfig(XPAR_XGPIOPS_0_DEVICE_ID);
               ^
../src/helloworld.c:65:14: warning: implicit declaration of function 'XGpio_CfgInitialize'; did you mean 'XGpioPs_CfgInitialize'? [-Wimplicit-function-declaration]
     Status = XGpio_CfgInitialize(&myvar, ConfigPtr,
              ^~~~~~~~~~~~~~~~~~~
              XGpioPs_CfgInitialize
Finished building: ../src/helloworld.c
 
Building target: customWalaProject.elf
Invoking: ARM v8 gcc linker
aarch64-none-elf-gcc -Wl,-T -Wl,../src/lscript.ld -L../../customWalaProject_bsp/psu_cortexa53_0/lib -o "customWalaProject.elf"  ./src/helloworld.o ./src/platform.o   -Wl,--start-group,-lxil,-lgcc,-lc,--end-group
Finished building target: customWalaProject.elf
 
Invoking: ARM v8 Print Size
aarch64-none-elf-size customWalaProject.elf  |tee "customWalaProject.elf.size"
   text	   data	    bss	    dec	    hex	filename
  38788	   2376	  20712	  61876	   f1b4	customWalaProject.elf
Finished building: customWalaProject.elf.size
 
19:12:06 **** Auto Build of configuration Debug for project customWalaProject ****
make all 
Building file: ../src/helloworld.c
Invoking: ARM v8 gcc compiler
aarch64-none-elf-gcc -Wall -O0 -g3 -c -fmessage-length=0 -MT"src/helloworld.o" -I../../customWalaProject_bsp/psu_cortexa53_0/include -MMD -MP -MF"src/helloworld.d" -MT"src/helloworld.o" -o "src/helloworld.o" "../src/helloworld.c"
Finished building: ../src/helloworld.c
 
Building target: customWalaProject.elf
Invoking: ARM v8 gcc linker
aarch64-none-elf-gcc -Wl,-T -Wl,../src/lscript.ld -L../../customWalaProject_bsp/psu_cortexa53_0/lib -o "customWalaProject.elf"  ./src/helloworld.o ./src/platform.o   -Wl,--start-group,-lxil,-lgcc,-lc,--end-group
Finished building target: customWalaProject.elf
 
Invoking: ARM v8 Print Size
aarch64-none-elf-size customWalaProject.elf  |tee "customWalaProject.elf.size"
   text	   data	    bss	    dec	    hex	filename
  37804	   2360	  20688	  60852	   edb4	customWalaProject.elf
Finished building: customWalaProject.elf.size
 
19:12:38 **** Incremental Build of configuration Debug for project customWalaProject ****
make all 
make: Nothing to be done for 'all'.
19:14:18 **** Auto Build of configuration Debug for project customWalaProject ****
make all 
Building file: ../src/helloworld.c
Invoking: ARM v8 gcc compiler
aarch64-none-elf-gcc -Wall -O0 -g3 -c -fmessage-length=0 -MT"src/helloworld.o" -I../../customWalaProject_bsp/psu_cortexa53_0/include -MMD -MP -MF"src/helloworld.d" -MT"src/helloworld.o" -o "src/helloworld.o" "../src/helloworld.c"
../src/helloworld.c: In function 'main':
../src/helloworld.c:77:24: error: 'Gpio' undeclared (first use in this function)
      XGpioPs_WritePin(&Gpio, 80, val);
                        ^~~~
../src/helloworld.c:77:24: note: each undeclared identifier is reported only once for each function it appears in
make: *** [src/helloworld.o] Error 1
src/subdir.mk:24: recipe for target 'src/helloworld.o' failed
19:14:26 **** Auto Build of configuration Debug for project customWalaProject ****
make all 
Building file: ../src/helloworld.c
Invoking: ARM v8 gcc compiler
aarch64-none-elf-gcc -Wall -O0 -g3 -c -fmessage-length=0 -MT"src/helloworld.o" -I../../customWalaProject_bsp/psu_cortexa53_0/include -MMD -MP -MF"src/helloworld.d" -MT"src/helloworld.o" -o "src/helloworld.o" "../src/helloworld.c"
Finished building: ../src/helloworld.c
 
Building target: customWalaProject.elf
Invoking: ARM v8 gcc linker
aarch64-none-elf-gcc -Wl,-T -Wl,../src/lscript.ld -L../../customWalaProject_bsp/psu_cortexa53_0/lib -o "customWalaProject.elf"  ./src/helloworld.o ./src/platform.o   -Wl,--start-group,-lxil,-lgcc,-lc,--end-group
Finished building target: customWalaProject.elf
 
Invoking: ARM v8 Print Size
aarch64-none-elf-size customWalaProject.elf  |tee "customWalaProject.elf.size"
   text	   data	    bss	    dec	    hex	filename
  37804	   2360	  20688	  60852	   edb4	customWalaProject.elf
Finished building: customWalaProject.elf.size
 
19:15:22 **** Auto Build of configuration Debug for project customWalaProject ****
make all 
Building file: ../src/helloworld.c
Invoking: ARM v8 gcc compiler
aarch64-none-elf-gcc -Wall -O0 -g3 -c -fmessage-length=0 -MT"src/helloworld.o" -I../../customWalaProject_bsp/psu_cortexa53_0/include -MMD -MP -MF"src/helloworld.d" -MT"src/helloworld.o" -o "src/helloworld.o" "../src/helloworld.c"
Finished building: ../src/helloworld.c
 
Building target: customWalaProject.elf
Invoking: ARM v8 gcc linker
aarch64-none-elf-gcc -Wl,-T -Wl,../src/lscript.ld -L../../customWalaProject_bsp/psu_cortexa53_0/lib -o "customWalaProject.elf"  ./src/helloworld.o ./src/platform.o   -Wl,--start-group,-lxil,-lgcc,-lc,--end-group
Finished building target: customWalaProject.elf
 
Invoking: ARM v8 Print Size
aarch64-none-elf-size customWalaProject.elf  |tee "customWalaProject.elf.size"
   text	   data	    bss	    dec	    hex	filename
  37868	   2360	  20752	  60980	   ee34	customWalaProject.elf
Finished building: customWalaProject.elf.size
 
19:15:51 **** Incremental Build of configuration Debug for project customWalaProject ****
make all 
make: Nothing to be done for 'all'.
19:17:18 **** Auto Build of configuration Debug for project customWalaProject ****
make all 
Building file: ../src/helloworld.c
Invoking: ARM v8 gcc compiler
aarch64-none-elf-gcc -Wall -O0 -g3 -c -fmessage-length=0 -MT"src/helloworld.o" -I../../customWalaProject_bsp/psu_cortexa53_0/include -MMD -MP -MF"src/helloworld.d" -MT"src/helloworld.o" -o "src/helloworld.o" "../src/helloworld.c"
Finished building: ../src/helloworld.c
 
Building target: customWalaProject.elf
Invoking: ARM v8 gcc linker
aarch64-none-elf-gcc -Wl,-T -Wl,../src/lscript.ld -L../../customWalaProject_bsp/psu_cortexa53_0/lib -o "customWalaProject.elf"  ./src/helloworld.o ./src/platform.o   -Wl,--start-group,-lxil,-lgcc,-lc,--end-group
Finished building target: customWalaProject.elf
 
Invoking: ARM v8 Print Size
aarch64-none-elf-size customWalaProject.elf  |tee "customWalaProject.elf.size"
   text	   data	    bss	    dec	    hex	filename
  37868	   2360	  20752	  60980	   ee34	customWalaProject.elf
Finished building: customWalaProject.elf.size
 
19:17:42 **** Incremental Build of configuration Debug for project customWalaProject ****
make all 
make: Nothing to be done for 'all'.
19:18:07 **** Auto Build of configuration Debug for project customWalaProject ****
make all 
Building file: ../src/helloworld.c
Invoking: ARM v8 gcc compiler
aarch64-none-elf-gcc -Wall -O0 -g3 -c -fmessage-length=0 -MT"src/helloworld.o" -I../../customWalaProject_bsp/psu_cortexa53_0/include -MMD -MP -MF"src/helloworld.d" -MT"src/helloworld.o" -o "src/helloworld.o" "../src/helloworld.c"
Finished building: ../src/helloworld.c
 
Building target: customWalaProject.elf
Invoking: ARM v8 gcc linker
aarch64-none-elf-gcc -Wl,-T -Wl,../src/lscript.ld -L../../customWalaProject_bsp/psu_cortexa53_0/lib -o "customWalaProject.elf"  ./src/helloworld.o ./src/platform.o   -Wl,--start-group,-lxil,-lgcc,-lc,--end-group
Finished building target: customWalaProject.elf
 
Invoking: ARM v8 Print Size
aarch64-none-elf-size customWalaProject.elf  |tee "customWalaProject.elf.size"
   text	   data	    bss	    dec	    hex	filename
  37868	   2360	  20752	  60980	   ee34	customWalaProject.elf
Finished building: customWalaProject.elf.size
 
19:32:00 **** Auto Build of configuration Debug for project customWalaProject ****
make all 
Building file: ../src/helloworld.c
Invoking: ARM v8 gcc compiler
aarch64-none-elf-gcc -Wall -O0 -g3 -c -fmessage-length=0 -MT"src/helloworld.o" -I../../customWalaProject_bsp/psu_cortexa53_0/include -MMD -MP -MF"src/helloworld.d" -MT"src/helloworld.o" -o "src/helloworld.o" "../src/helloworld.c"
Finished building: ../src/helloworld.c
 
Building target: customWalaProject.elf
Invoking: ARM v8 gcc linker
aarch64-none-elf-gcc -Wl,-T -Wl,../src/lscript.ld -L../../customWalaProject_bsp/psu_cortexa53_0/lib -o "customWalaProject.elf"  ./src/helloworld.o ./src/platform.o   -Wl,--start-group,-lxil,-lgcc,-lc,--end-group
Finished building target: customWalaProject.elf
 
Invoking: ARM v8 Print Size
aarch64-none-elf-size customWalaProject.elf  |tee "customWalaProject.elf.size"
   text	   data	    bss	    dec	    hex	filename
  37868	   2360	  20752	  60980	   ee34	customWalaProject.elf
Finished building: customWalaProject.elf.size
 
19:32:30 **** Incremental Build of configuration Debug for project customWalaProject ****
make all 
make: Nothing to be done for 'all'.
19:34:07 **** Auto Build of configuration Debug for project customWalaProject ****
make all 
Building file: ../src/helloworld.c
Invoking: ARM v8 gcc compiler
aarch64-none-elf-gcc -Wall -O0 -g3 -c -fmessage-length=0 -MT"src/helloworld.o" -I../../customWalaProject_bsp/psu_cortexa53_0/include -MMD -MP -MF"src/helloworld.d" -MT"src/helloworld.o" -o "src/helloworld.o" "../src/helloworld.c"
Finished building: ../src/helloworld.c
 
Building target: customWalaProject.elf
Invoking: ARM v8 gcc linker
aarch64-none-elf-gcc -Wl,-T -Wl,../src/lscript.ld -L../../customWalaProject_bsp/psu_cortexa53_0/lib -o "customWalaProject.elf"  ./src/helloworld.o ./src/platform.o   -Wl,--start-group,-lxil,-lgcc,-lc,--end-group
Finished building target: customWalaProject.elf
 
Invoking: ARM v8 Print Size
aarch64-none-elf-size customWalaProject.elf  |tee "customWalaProject.elf.size"
   text	   data	    bss	    dec	    hex	filename
  37868	   2360	  20752	  60980	   ee34	customWalaProject.elf
Finished building: customWalaProject.elf.size
 
19:34:35 **** Incremental Build of configuration Debug for project customWalaProject ****
make all 
make: Nothing to be done for 'all'.
19:35:12 **** Auto Build of configuration Debug for project customWalaProject ****
make all 
Building file: ../src/helloworld.c
Invoking: ARM v8 gcc compiler
aarch64-none-elf-gcc -Wall -O0 -g3 -c -fmessage-length=0 -MT"src/helloworld.o" -I../../customWalaProject_bsp/psu_cortexa53_0/include -MMD -MP -MF"src/helloworld.d" -MT"src/helloworld.o" -o "src/helloworld.o" "../src/helloworld.c"
Finished building: ../src/helloworld.c
 
Building target: customWalaProject.elf
Invoking: ARM v8 gcc linker
aarch64-none-elf-gcc -Wl,-T -Wl,../src/lscript.ld -L../../customWalaProject_bsp/psu_cortexa53_0/lib -o "customWalaProject.elf"  ./src/helloworld.o ./src/platform.o   -Wl,--start-group,-lxil,-lgcc,-lc,--end-group
Finished building target: customWalaProject.elf
 
Invoking: ARM v8 Print Size
aarch64-none-elf-size customWalaProject.elf  |tee "customWalaProject.elf.size"
   text	   data	    bss	    dec	    hex	filename
  37868	   2360	  20752	  60980	   ee34	customWalaProject.elf
Finished building: customWalaProject.elf.size
 
19:43:48 **** Auto Build of configuration Debug for project customWalaProject ****
make all 
Building file: ../src/helloworld.c
[...]
         ^~~~~~~
In file included from xil_sleeptimer.c:51:0:
xtime_l.h:77:9: note: #pragma message: For the sleep routines, Global timer is being used
 #pragma message ("For the sleep routines, Global timer is being used")
         ^~~~~~~
translation_table.S:145:2: warning: #warning "There's no DDR_1 in the HW design. MMU translation table marks 32 GB DDR address space as undefined" [-Wcpp]
 #warning "There's no DDR_1 in the HW design. MMU translation table marks 32 GB DDR address space as undefined"
  ^~~~~~~
Running Make libs in psu_cortexa53_0/libsrc/ipipsu_v2_4/src
make -C psu_cortexa53_0/libsrc/ipipsu_v2_4/src -s libs  "SHELL=/bin/sh" "COMPILER=aarch64-none-elf-gcc" "ARCHIVER=aarch64-none-elf-ar" "COMPILER_FLAGS=  -O2 -c" "EXTRA_COMPILER_FLAGS=-g -Wall -Wextra"
Compiling ipipsu
Running Make libs in psu_cortexa53_0/libsrc/gpiops_v3_4/src
make -C psu_cortexa53_0/libsrc/gpiops_v3_4/src -s libs  "SHELL=/bin/sh" "COMPILER=aarch64-none-elf-gcc" "ARCHIVER=aarch64-none-elf-ar" "COMPILER_FLAGS=  -O2 -c" "EXTRA_COMPILER_FLAGS=-g -Wall -Wextra"
Compiling gpiops
Running Make libs in psu_cortexa53_0/libsrc/resetps_v1_2/src
make -C psu_cortexa53_0/libsrc/resetps_v1_2/src -s libs  "SHELL=/bin/sh" "COMPILER=aarch64-none-elf-gcc" "ARCHIVER=aarch64-none-elf-ar" "COMPILER_FLAGS=  -O2 -c" "EXTRA_COMPILER_FLAGS=-g -Wall -Wextra"
Compiling resetps
Running Make libs in psu_cortexa53_0/libsrc/axipmon_v6_7/src
make -C psu_cortexa53_0/libsrc/axipmon_v6_7/src -s libs  "SHELL=/bin/sh" "COMPILER=aarch64-none-elf-gcc" "ARCHIVER=aarch64-none-elf-ar" "COMPILER_FLAGS=  -O2 -c" "EXTRA_COMPILER_FLAGS=-g -Wall -Wextra"
Compiling axipmon
Running Make libs in psu_cortexa53_0/libsrc/scugic_v3_10/src
make -C psu_cortexa53_0/libsrc/scugic_v3_10/src -s libs  "SHELL=/bin/sh" "COMPILER=aarch64-none-elf-gcc" "ARCHIVER=aarch64-none-elf-ar" "COMPILER_FLAGS=  -O2 -c" "EXTRA_COMPILER_FLAGS=-g -Wall -Wextra"
Compiling scugic
Running Make libs in psu_cortexa53_0/libsrc/sysmonpsu_v2_5/src
make -C psu_cortexa53_0/libsrc/sysmonpsu_v2_5/src -s libs  "SHELL=/bin/sh" "COMPILER=aarch64-none-elf-gcc" "ARCHIVER=aarch64-none-elf-ar" "COMPILER_FLAGS=  -O2 -c" "EXTRA_COMPILER_FLAGS=-g -Wall -Wextra"
Compiling sysmonpsu
Running Make libs in psu_cortexa53_0/libsrc/ddrcpsu_v1_1/src
make -C psu_cortexa53_0/libsrc/ddrcpsu_v1_1/src -s libs  "SHELL=/bin/sh" "COMPILER=aarch64-none-elf-gcc" "ARCHIVER=aarch64-none-elf-ar" "COMPILER_FLAGS=  -O2 -c" "EXTRA_COMPILER_FLAGS=-g -Wall -Wextra"
Compiling ddrcpsu
Running Make libs in psu_cortexa53_0/libsrc/gpio_v4_3/src
make -C psu_cortexa53_0/libsrc/gpio_v4_3/src -s libs  "SHELL=/bin/sh" "COMPILER=aarch64-none-elf-gcc" "ARCHIVER=aarch64-none-elf-ar" "COMPILER_FLAGS=  -O2 -c" "EXTRA_COMPILER_FLAGS=-g -Wall -Wextra"
Compiling gpio
Running Make libs in psu_cortexa53_0/libsrc/cpu_cortexa53_v1_5/src
make -C psu_cortexa53_0/libsrc/cpu_cortexa53_v1_5/src -s libs  "SHELL=/bin/sh" "COMPILER=aarch64-none-elf-gcc" "ARCHIVER=aarch64-none-elf-ar" "COMPILER_FLAGS=  -O2 -c" "EXTRA_COMPILER_FLAGS=-g -Wall -Wextra"
Compiling cpu_cortexa53
Running Make libs in psu_cortexa53_0/libsrc/uartps_v3_7/src
make -C psu_cortexa53_0/libsrc/uartps_v3_7/src -s libs  "SHELL=/bin/sh" "COMPILER=aarch64-none-elf-gcc" "ARCHIVER=aarch64-none-elf-ar" "COMPILER_FLAGS=  -O2 -c" "EXTRA_COMPILER_FLAGS=-g -Wall -Wextra"
Compiling uartps
Running Make libs in psu_cortexa53_0/libsrc/rtcpsu_v1_6/src
make -C psu_cortexa53_0/libsrc/rtcpsu_v1_6/src -s libs  "SHELL=/bin/sh" "COMPILER=aarch64-none-elf-gcc" "ARCHIVER=aarch64-none-elf-ar" "COMPILER_FLAGS=  -O2 -c" "EXTRA_COMPILER_FLAGS=-g -Wall -Wextra"
Compiling rtcpsu
Running Make libs in psu_cortexa53_0/libsrc/clockps_v1_0/src
make -C psu_cortexa53_0/libsrc/clockps_v1_0/src -s libs  "SHELL=/bin/sh" "COMPILER=aarch64-none-elf-gcc" "ARCHIVER=aarch64-none-elf-ar" "COMPILER_FLAGS=  -O2 -c" "EXTRA_COMPILER_FLAGS=-g -Wall -Wextra"
Compiling clockps
Running Make libs in psu_cortexa53_0/libsrc/zdma_v1_6/src
make -C psu_cortexa53_0/libsrc/zdma_v1_6/src -s libs  "SHELL=/bin/sh" "COMPILER=aarch64-none-elf-gcc" "ARCHIVER=aarch64-none-elf-ar" "COMPILER_FLAGS=  -O2 -c" "EXTRA_COMPILER_FLAGS=-g -Wall -Wextra"
Compiling zdma
Running Make libs in psu_cortexa53_0/libsrc/coresightps_dcc_v1_4/src
make -C psu_cortexa53_0/libsrc/coresightps_dcc_v1_4/src -s libs  "SHELL=/bin/sh" "COMPILER=aarch64-none-elf-gcc" "ARCHIVER=aarch64-none-elf-ar" "COMPILER_FLAGS=  -O2 -c" "EXTRA_COMPILER_FLAGS=-g -Wall -Wextra"
Compiling coresightps_dcc
Finished building libraries
21:42:38 **** Build of configuration Debug for project customWalaProject ****
make all 
Building file: ../src/helloworld.c
Invoking: ARM v8 gcc compiler
aarch64-none-elf-gcc -Wall -O0 -g3 -c -fmessage-length=0 -MT"src/helloworld.o" -I../../customWalaProject_bsp/psu_cortexa53_0/include -MMD -MP -MF"src/helloworld.d" -MT"src/helloworld.o" -o "src/helloworld.o" "../src/helloworld.c"
../src/helloworld.c: In function 'main':
../src/helloworld.c:75:10: warning: implicit declaration of function 'XGpioPs_ReadPin'; did you mean 'XGpio_ReadReg'? [-Wimplicit-function-declaration]
      val=XGpioPs_ReadPin(&myvar, 22);
          ^~~~~~~~~~~~~~~
          XGpio_ReadReg
Finished building: ../src/helloworld.c
 
Building file: ../src/platform.c
Invoking: ARM v8 gcc compiler
aarch64-none-elf-gcc -Wall -O0 -g3 -c -fmessage-length=0 -MT"src/platform.o" -I../../customWalaProject_bsp/psu_cortexa53_0/include -MMD -MP -MF"src/platform.d" -MT"src/platform.o" -o "src/platform.o" "../src/platform.c"
Finished building: ../src/platform.c
 
Building target: customWalaProject.elf
Invoking: ARM v8 gcc linker
aarch64-none-elf-gcc -Wl,-T -Wl,../src/lscript.ld -L../../customWalaProject_bsp/psu_cortexa53_0/lib -o "customWalaProject.elf"  ./src/helloworld.o ./src/platform.o   -Wl,--start-group,-lxil,-lgcc,-lc,--end-group
Finished building target: customWalaProject.elf
 
Invoking: ARM v8 Print Size
aarch64-none-elf-size customWalaProject.elf  |tee "customWalaProject.elf.size"
   text	   data	    bss	    dec	    hex	filename
  38700	   2400	  20712	  61812	   f174	customWalaProject.elf
Finished building: customWalaProject.elf.size
 
21:42:45 **** Auto Build of configuration Debug for project customWalaProject ****
make all 
Building file: ../src/helloworld.c
Invoking: ARM v8 gcc compiler
aarch64-none-elf-gcc -Wall -O0 -g3 -c -fmessage-length=0 -MT"src/helloworld.o" -I../../customWalaProject_bsp/psu_cortexa53_0/include -MMD -MP -MF"src/helloworld.d" -MT"src/helloworld.o" -o "src/helloworld.o" "../src/helloworld.c"
Finished building: ../src/helloworld.c
 
Building target: customWalaProject.elf
Invoking: ARM v8 gcc linker
aarch64-none-elf-gcc -Wl,-T -Wl,../src/lscript.ld -L../../customWalaProject_bsp/psu_cortexa53_0/lib -o "customWalaProject.elf"  ./src/helloworld.o ./src/platform.o   -Wl,--start-group,-lxil,-lgcc,-lc,--end-group
Finished building target: customWalaProject.elf
 
Invoking: ARM v8 Print Size
aarch64-none-elf-size customWalaProject.elf  |tee "customWalaProject.elf.size"
   text	   data	    bss	    dec	    hex	filename
  34972	   2408	  20696	  58076	   e2dc	customWalaProject.elf
Finished building: customWalaProject.elf.size
 
21:43:17 **** Incremental Build of configuration Debug for project customWalaProject ****
make all 
make: Nothing to be done for 'all'.
21:55:59 **** Clean-only build of project customWalaProject_bsp ****
make -k clean 
make -C psu_cortexa53_0/libsrc/csudma_v1_3/src -s clean 
make -C psu_cortexa53_0/libsrc/standalone_v6_8/src -s clean 
make -C psu_cortexa53_0/libsrc/ipipsu_v2_4/src -s clean 
make -C psu_cortexa53_0/libsrc/gpiops_v3_4/src -s clean 
make -C psu_cortexa53_0/libsrc/resetps_v1_2/src -s clean 
make -C psu_cortexa53_0/libsrc/axipmon_v6_7/src -s clean 
make -C psu_cortexa53_0/libsrc/scugic_v3_10/src -s clean 
make -C psu_cortexa53_0/libsrc/sysmonpsu_v2_5/src -s clean 
make -C psu_cortexa53_0/libsrc/ddrcpsu_v1_1/src -s clean 
make -C psu_cortexa53_0/libsrc/gpio_v4_3/src -s clean 
make -C psu_cortexa53_0/libsrc/cpu_cortexa53_v1_5/src -s clean 
make -C psu_cortexa53_0/libsrc/uartps_v3_7/src -s clean 
make -C psu_cortexa53_0/libsrc/rtcpsu_v1_6/src -s clean 
make -C psu_cortexa53_0/libsrc/clockps_v1_0/src -s clean 
make -C psu_cortexa53_0/libsrc/zdma_v1_6/src -s clean 
make -C psu_cortexa53_0/libsrc/coresightps_dcc_v1_4/src -s clean 
rm -f psu_cortexa53_0/lib/libxil.a
21:55:59 **** Clean-only build of configuration Debug for project customWalaProject ****
make clean 
rm -rf  ./src/helloworld.o ./src/platform.o  ./src/helloworld.d ./src/platform.d  customWalaProject.elf.size  customWalaProject.elf
 
21:55:59 **** Build of project customWalaProject_bsp ****
make -k all 
Running Make include in psu_cortexa53_0/libsrc/csudma_v1_3/src
make -C psu_cortexa53_0/libsrc/csudma_v1_3/src -s include  "SHELL=/bin/sh" "COMPILER=aarch64-none-elf-gcc" "ARCHIVER=aarch64-none-elf-ar" "COMPILER_FLAGS=  -O2 -c" "EXTRA_COMPILER_FLAGS=-g -Wall -Wextra"
Running Make include in psu_cortexa53_0/libsrc/standalone_v6_8/src
make -C psu_cortexa53_0/libsrc/standalone_v6_8/src -s include  "SHELL=/bin/sh" "COMPILER=aarch64-none-elf-gcc" "ARCHIVER=aarch64-none-elf-ar" "COMPILER_FLAGS=  -O2 -c" "EXTRA_COMPILER_FLAGS=-g -Wall -Wextra"
Running Make include in psu_cortexa53_0/libsrc/ipipsu_v2_4/src
make -C psu_cortexa53_0/libsrc/ipipsu_v2_4/src -s include  "SHELL=/bin/sh" "COMPILER=aarch64-none-elf-gcc" "ARCHIVER=aarch64-none-elf-ar" "COMPILER_FLAGS=  -O2 -c" "EXTRA_COMPILER_FLAGS=-g -Wall -Wextra"
Running Make include in psu_cortexa53_0/libsrc/gpiops_v3_4/src
make -C psu_cortexa53_0/libsrc/gpiops_v3_4/src -s include  "SHELL=/bin/sh" "COMPILER=aarch64-none-elf-gcc" "ARCHIVER=aarch64-none-elf-ar" "COMPILER_FLAGS=  -O2 -c" "EXTRA_COMPILER_FLAGS=-g -Wall -Wextra"
Running Make include in psu_cortexa53_0/libsrc/resetps_v1_2/src
make -C psu_cortexa53_0/libsrc/resetps_v1_2/src -s include  "SHELL=/bin/sh" "COMPILER=aarch64-none-elf-gcc" "ARCHIVER=aarch64-none-elf-ar" "COMPILER_FLAGS=  -O2 -c" "EXTRA_COMPILER_FLAGS=-g -Wall -Wextra"
Running Make include in psu_cortexa53_0/libsrc/axipmon_v6_7/src
make -C psu_cortexa53_0/libsrc/axipmon_v6_7/src -s include  "SHELL=/bin/sh" "COMPILER=aarch64-none-elf-gcc" "ARCHIVER=aarch64-none-elf-ar" "COMPILER_FLAGS=  -O2 -c" "EXTRA_COMPILER_FLAGS=-g -Wall -Wextra"
Running Make include in psu_cortexa53_0/libsrc/scugic_v3_10/src
make -C psu_cortexa53_0/libsrc/scugic_v3_10/src -s include  "SHELL=/bin/sh" "COMPILER=aarch64-none-elf-gcc" "ARCHIVER=aarch64-none-elf-ar" "COMPILER_FLAGS=  -O2 -c" "EXTRA_COMPILER_FLAGS=-g -Wall -Wextra"
Running Make include in psu_cortexa53_0/libsrc/sysmonpsu_v2_5/src
make -C psu_cortexa53_0/libsrc/sysmonpsu_v2_5/src -s include  "SHELL=/bin/sh" "COMPILER=aarch64-none-elf-gcc" "ARCHIVER=aarch64-none-elf-ar" "COMPILER_FLAGS=  -O2 -c" "EXTRA_COMPILER_FLAGS=-g -Wall -Wextra"
Running Make include in psu_cortexa53_0/libsrc/ddrcpsu_v1_1/src
make -C psu_cortexa53_0/libsrc/ddrcpsu_v1_1/src -s include  "SHELL=/bin/sh" "COMPILER=aarch64-none-elf-gcc" "ARCHIVER=aarch64-none-elf-ar" "COMPILER_FLAGS=  -O2 -c" "EXTRA_COMPILER_FLAGS=-g -Wall -Wextra"
Running Make include in psu_cortexa53_0/libsrc/gpio_v4_3/src
make -C psu_cortexa53_0/libsrc/gpio_v4_3/src -s include  "SHELL=/bin/sh" "COMPILER=aarch64-none-elf-gcc" "ARCHIVER=aarch64-none-elf-ar" "COMPILER_FLAGS=  -O2 -c" "EXTRA_COMPILER_FLAGS=-g -Wall -Wextra"
Running Make include in psu_cortexa53_0/libsrc/cpu_cortexa53_v1_5/src
make -C psu_cortexa53_0/libsrc/cpu_cortexa53_v1_5/src -s include  "SHELL=/bin/sh" "COMPILER=aarch64-none-elf-gcc" "ARCHIVER=aarch64-none-elf-ar" "COMPILER_FLAGS=  -O2 -c" "EXTRA_COMPILER_FLAGS=-g -Wall -Wextra"
Running Make include in psu_cortexa53_0/libsrc/uartps_v3_7/src
make -C psu_cortexa53_0/libsrc/uartps_v3_7/src -s include  "SHELL=/bin/sh" "COMPILER=aarch64-none-elf-gcc" "ARCHIVER=aarch64-none-elf-ar" "COMPILER_FLAGS=  -O2 -c" "EXTRA_COMPILER_FLAGS=-g -Wall -Wextra"
Running Make include in psu_cortexa53_0/libsrc/rtcpsu_v1_6/src
make -C psu_cortexa53_0/libsrc/rtcpsu_v1_6/src -s include  "SHELL=/bin/sh" "COMPILER=aarch64-none-elf-gcc" "ARCHIVER=aarch64-none-elf-ar" "COMPILER_FLAGS=  -O2 -c" "EXTRA_COMPILER_FLAGS=-g -Wall -Wextra"
Running Make include in psu_cortexa53_0/libsrc/clockps_v1_0/src
make -C psu_cortexa53_0/libsrc/clockps_v1_0/src -s include  "SHELL=/bin/sh" "COMPILER=aarch64-none-elf-gcc" "ARCHIVER=aarch64-none-elf-ar" "COMPILER_FLAGS=  -O2 -c" "EXTRA_COMPILER_FLAGS=-g -Wall -Wextra"
Running Make include in psu_cortexa53_0/libsrc/zdma_v1_6/src
make -C psu_cortexa53_0/libsrc/zdma_v1_6/src -s include  "SHELL=/bin/sh" "COMPILER=aarch64-none-elf-gcc" "ARCHIVER=aarch64-none-elf-ar" "COMPILER_FLAGS=  -O2 -c" "EXTRA_COMPILER_FLAGS=-g -Wall -Wextra"
Running Make include in psu_cortexa53_0/libsrc/coresightps_dcc_v1_4/src
make -C psu_cortexa53_0/libsrc/coresightps_dcc_v1_4/src -s include  "SHELL=/bin/sh" "COMPILER=aarch64-none-elf-gcc" "ARCHIVER=aarch64-none-elf-ar" "COMPILER_FLAGS=  -O2 -c" "EXTRA_COMPILER_FLAGS=-g -Wall -Wextra"
Running Make libs in psu_cortexa53_0/libsrc/csudma_v1_3/src
make -C psu_cortexa53_0/libsrc/csudma_v1_3/src -s libs  "SHELL=/bin/sh" "COMPILER=aarch64-none-elf-gcc" "ARCHIVER=aarch64-none-elf-ar" "COMPILER_FLAGS=  -O2 -c" "EXTRA_COMPILER_FLAGS=-g -Wall -Wextra"
Compiling csudma
aarch64-none-elf-ar: creating ../../../lib/libxil.a
Running Make libs in psu_cortexa53_0/libsrc/standalone_v6_8/src
make -C psu_cortexa53_0/libsrc/standalone_v6_8/src -s libs  "SHELL=/bin/sh" "COMPILER=aarch64-none-elf-gcc" "ARCHIVER=aarch64-none-elf-ar" "COMPILER_FLAGS=  -O2 -c" "EXTRA_COMPILER_FLAGS=-g -Wall -Wextra"
Compiling standalone A53
In file included from xtime_l.c:52:0:
xtime_l.h:77:9: note: #pragma message: For the sleep routines, Global timer is being used
 #pragma message ("For the sleep routines, Global timer is being used")
         ^~~~~~~
In file included from sleep.c:59:0:
xtime_l.h:77:9: note: #pragma message: For the sleep routines, Global timer is being used
 #pragma message ("For the sleep routines, Global timer is being used")
         ^~~~~~~
In file included from xil_sleeptimer.c:51:0:
xtime_l.h:77:9: note: #pragma message: For the sleep routines, Global timer is being used
 #pragma message ("For the sleep routines, Global timer is being used")
         ^~~~~~~
translation_table.S:145:2: warning: #warning "There's no DDR_1 in the HW design. MMU translation table marks 32 GB DDR address space as undefined" [-Wcpp]
 #warning "There's no DDR_1 in the HW design. MMU translation table marks 32 GB DDR address space as undefined"
  ^~~~~~~
Running Make libs in psu_cortexa53_0/libsrc/ipipsu_v2_4/src
make -C psu_cortexa53_0/libsrc/ipipsu_v2_4/src -s libs  "SHELL=/bin/sh" "COMPILER=aarch64-none-elf-gcc" "ARCHIVER=aarch64-none-elf-ar" "COMPILER_FLAGS=  -O2 -c" "EXTRA_COMPILER_FLAGS=-g -Wall -Wextra"
Compiling ipipsu
Running Make libs in psu_cortexa53_0/libsrc/gpiops_v3_4/src
make -C psu_cortexa53_0/libsrc/gpiops_v3_4/src -s libs  "SHELL=/bin/sh" "COMPILER=aarch64-none-elf-gcc" "ARCHIVER=aarch64-none-elf-ar" "COMPILER_FLAGS=  -O2 -c" "EXTRA_COMPILER_FLAGS=-g -Wall -Wextra"
Compiling gpiops
Running Make libs in psu_cortexa53_0/libsrc/resetps_v1_2/src
make -C psu_cortexa53_0/libsrc/resetps_v1_2/src -s libs  "SHELL=/bin/sh" "COMPILER=aarch64-none-elf-gcc" "ARCHIVER=aarch64-none-elf-ar" "COMPILER_FLAGS=  -O2 -c" "EXTRA_COMPILER_FLAGS=-g -Wall -Wextra"
Compiling resetps
Running Make libs in psu_cortexa53_0/libsrc/axipmon_v6_7/src
make -C psu_cortexa53_0/libsrc/axipmon_v6_7/src -s libs  "SHELL=/bin/sh" "COMPILER=aarch64-none-elf-gcc" "ARCHIVER=aarch64-none-elf-ar" "COMPILER_FLAGS=  -O2 -c" "EXTRA_COMPILER_FLAGS=-g -Wall -Wextra"
Compiling axipmon
Running Make libs in psu_cortexa53_0/libsrc/scugic_v3_10/src
make -C psu_cortexa53_0/libsrc/scugic_v3_10/src -s libs  "SHELL=/bin/sh" "COMPILER=aarch64-none-elf-gcc" "ARCHIVER=aarch64-none-elf-ar" "COMPILER_FLAGS=  -O2 -c" "EXTRA_COMPILER_FLAGS=-g -Wall -Wextra"
Compiling scugic
Running Make libs in psu_cortexa53_0/libsrc/sysmonpsu_v2_5/src
make -C psu_cortexa53_0/libsrc/sysmonpsu_v2_5/src -s libs  "SHELL=/bin/sh" "COMPILER=aarch64-none-elf-gcc" "ARCHIVER=aarch64-none-elf-ar" "COMPILER_FLAGS=  -O2 -c" "EXTRA_COMPILER_FLAGS=-g -Wall -Wextra"
Compiling sysmonpsu
Running Make libs in psu_cortexa53_0/libsrc/ddrcpsu_v1_1/src
make -C psu_cortexa53_0/libsrc/ddrcpsu_v1_1/src -s libs  "SHELL=/bin/sh" "COMPILER=aarch64-none-elf-gcc" "ARCHIVER=aarch64-none-elf-ar" "COMPILER_FLAGS=  -O2 -c" "EXTRA_COMPILER_FLAGS=-g -Wall -Wextra"
Compiling ddrcpsu
Running Make libs in psu_cortexa53_0/libsrc/gpio_v4_3/src
make -C psu_cortexa53_0/libsrc/gpio_v4_3/src -s libs  "SHELL=/bin/sh" "COMPILER=aarch64-none-elf-gcc" "ARCHIVER=aarch64-none-elf-ar" "COMPILER_FLAGS=  -O2 -c" "EXTRA_COMPILER_FLAGS=-g -Wall -Wextra"
Compiling gpio
Running Make libs in psu_cortexa53_0/libsrc/cpu_cortexa53_v1_5/src
make -C psu_cortexa53_0/libsrc/cpu_cortexa53_v1_5/src -s libs  "SHELL=/bin/sh" "COMPILER=aarch64-none-elf-gcc" "ARCHIVER=aarch64-none-elf-ar" "COMPILER_FLAGS=  -O2 -c" "EXTRA_COMPILER_FLAGS=-g -Wall -Wextra"
Compiling cpu_cortexa53
Running Make libs in psu_cortexa53_0/libsrc/uartps_v3_7/src
make -C psu_cortexa53_0/libsrc/uartps_v3_7/src -s libs  "SHELL=/bin/sh" "COMPILER=aarch64-none-elf-gcc" "ARCHIVER=aarch64-none-elf-ar" "COMPILER_FLAGS=  -O2 -c" "EXTRA_COMPILER_FLAGS=-g -Wall -Wextra"
Compiling uartps
Running Make libs in psu_cortexa53_0/libsrc/rtcpsu_v1_6/src
make -C psu_cortexa53_0/libsrc/rtcpsu_v1_6/src -s libs  "SHELL=/bin/sh" "COMPILER=aarch64-none-elf-gcc" "ARCHIVER=aarch64-none-elf-ar" "COMPILER_FLAGS=  -O2 -c" "EXTRA_COMPILER_FLAGS=-g -Wall -Wextra"
Compiling rtcpsu
Running Make libs in psu_cortexa53_0/libsrc/clockps_v1_0/src
make -C psu_cortexa53_0/libsrc/clockps_v1_0/src -s libs  "SHELL=/bin/sh" "COMPILER=aarch64-none-elf-gcc" "ARCHIVER=aarch64-none-elf-ar" "COMPILER_FLAGS=  -O2 -c" "EXTRA_COMPILER_FLAGS=-g -Wall -Wextra"
Compiling clockps
Running Make libs in psu_cortexa53_0/libsrc/zdma_v1_6/src
make -C psu_cortexa53_0/libsrc/zdma_v1_6/src -s libs  "SHELL=/bin/sh" "COMPILER=aarch64-none-elf-gcc" "ARCHIVER=aarch64-none-elf-ar" "COMPILER_FLAGS=  -O2 -c" "EXTRA_COMPILER_FLAGS=-g -Wall -Wextra"
Compiling zdma
Running Make libs in psu_cortexa53_0/libsrc/coresightps_dcc_v1_4/src
make -C psu_cortexa53_0/libsrc/coresightps_dcc_v1_4/src -s libs  "SHELL=/bin/sh" "COMPILER=aarch64-none-elf-gcc" "ARCHIVER=aarch64-none-elf-ar" "COMPILER_FLAGS=  -O2 -c" "EXTRA_COMPILER_FLAGS=-g -Wall -Wextra"
Compiling coresightps_dcc
Finished building libraries
21:56:05 **** Build of configuration Debug for project customWalaProject ****
make all 
Building file: ../src/helloworld.c
Invoking: ARM v8 gcc compiler
aarch64-none-elf-gcc -Wall -O0 -g3 -c -fmessage-length=0 -MT"src/helloworld.o" -I../../customWalaProject_bsp/psu_cortexa53_0/include -MMD -MP -MF"src/helloworld.d" -MT"src/helloworld.o" -o "src/helloworld.o" "../src/helloworld.c"
Finished building: ../src/helloworld.c
 
Building file: ../src/platform.c
Invoking: ARM v8 gcc compiler
aarch64-none-elf-gcc -Wall -O0 -g3 -c -fmessage-length=0 -MT"src/platform.o" -I../../customWalaProject_bsp/psu_cortexa53_0/include -MMD -MP -MF"src/platform.d" -MT"src/platform.o" -o "src/platform.o" "../src/platform.c"
Finished building: ../src/platform.c
 
Building target: customWalaProject.elf
Invoking: ARM v8 gcc linker
aarch64-none-elf-gcc -Wl,-T -Wl,../src/lscript.ld -L../../customWalaProject_bsp/psu_cortexa53_0/lib -o "customWalaProject.elf"  ./src/helloworld.o ./src/platform.o   -Wl,--start-group,-lxil,-lgcc,-lc,--end-group
Finished building target: customWalaProject.elf
 
Invoking: ARM v8 Print Size
aarch64-none-elf-size customWalaProject.elf  |tee "customWalaProject.elf.size"
   text	   data	    bss	    dec	    hex	filename
  34972	   2408	  20696	  58076	   e2dc	customWalaProject.elf
Finished building: customWalaProject.elf.size
 
22:08:31 **** Incremental Build of configuration Debug for project customWalaProject ****
make all 
make: Nothing to be done for 'all'.
