12:54:52 **** Build of project PSPolar_bsp ****
make -k all 
Running Make include in psu_cortexa53_0/libsrc/sdps_v3_6/src
make -C psu_cortexa53_0/libsrc/sdps_v3_6/src -s include  "SHELL=/bin/sh" "COMPILER=aarch64-none-elf-gcc" "ARCHIVER=aarch64-none-elf-ar" "COMPILER_FLAGS=  -O2 -c" "EXTRA_COMPILER_FLAGS=-g -Wall -Wextra"
Running Make include in psu_cortexa53_0/libsrc/csudma_v1_3/src
make -C psu_cortexa53_0/libsrc/csudma_v1_3/src -s include  "SHELL=/bin/sh" "COMPILER=aarch64-none-elf-gcc" "ARCHIVER=aarch64-none-elf-ar" "COMPILER_FLAGS=  -O2 -c" "EXTRA_COMPILER_FLAGS=-g -Wall -Wextra"
Running Make include in psu_cortexa53_0/libsrc/standalone_v6_8/src
make -C psu_cortexa53_0/libsrc/standalone_v6_8/src -s include  "SHELL=/bin/sh" "COMPILER=aarch64-none-elf-gcc" "ARCHIVER=aarch64-none-elf-ar" "COMPILER_FLAGS=  -O2 -c" "EXTRA_COMPILER_FLAGS=-g -Wall -Wextra"
Running Make include in psu_cortexa53_0/libsrc/ipipsu_v2_4/src
make -C psu_cortexa53_0/libsrc/ipipsu_v2_4/src -s include  "SHELL=/bin/sh" "COMPILER=aarch64-none-elf-gcc" "ARCHIVER=aarch64-none-elf-ar" "COMPILER_FLAGS=  -O2 -c" "EXTRA_COMPILER_FLAGS=-g -Wall -Wextra"
Running Make include in psu_cortexa53_0/libsrc/emacps_v3_8/src
make -C psu_cortexa53_0/libsrc/emacps_v3_8/src -s include  "SHELL=/bin/sh" "COMPILER=aarch64-none-elf-gcc" "ARCHIVER=aarch64-none-elf-ar" "COMPILER_FLAGS=  -O2 -c" "EXTRA_COMPILER_FLAGS=-g -Wall -Wextra"
Running Make include in psu_cortexa53_0/libsrc/ttcps_v3_7/src
make -C psu_cortexa53_0/libsrc/ttcps_v3_7/src -s include  "SHELL=/bin/sh" "COMPILER=aarch64-none-elf-gcc" "ARCHIVER=aarch64-none-elf-ar" "COMPILER_FLAGS=  -O2 -c" "EXTRA_COMPILER_FLAGS=-g -Wall -Wextra"
Running Make include in psu_cortexa53_0/libsrc/resetps_v1_2/src
make -C psu_cortexa53_0/libsrc/resetps_v1_2/src -s include  "SHELL=/bin/sh" "COMPILER=aarch64-none-elf-gcc" "ARCHIVER=aarch64-none-elf-ar" "COMPILER_FLAGS=  -O2 -c" "EXTRA_COMPILER_FLAGS=-g -Wall -Wextra"
Running Make include in psu_cortexa53_0/libsrc/axipmon_v6_7/src
make -C psu_cortexa53_0/libsrc/axipmon_v6_7/src -s include  "SHELL=/bin/sh" "COMPILER=aarch64-none-elf-gcc" "ARCHIVER=aarch64-none-elf-ar" "COMPILER_FLAGS=  -O2 -c" "EXTRA_COMPILER_FLAGS=-g -Wall -Wextra"
Running Make include in psu_cortexa53_0/libsrc/avbuf_v2_2/src
make -C psu_cortexa53_0/libsrc/avbuf_v2_2/src -s include  "SHELL=/bin/sh" "COMPILER=aarch64-none-elf-gcc" "ARCHIVER=aarch64-none-elf-ar" "COMPILER_FLAGS=  -O2 -c" "EXTRA_COMPILER_FLAGS=-g -Wall -Wextra"
Running Make include in psu_cortexa53_0/libsrc/dpdma_v1_1/src
make -C psu_cortexa53_0/libsrc/dpdma_v1_1/src -s include  "SHELL=/bin/sh" "COMPILER=aarch64-none-elf-gcc" "ARCHIVER=aarch64-none-elf-ar" "COMPILER_FLAGS=  -O2 -c" "EXTRA_COMPILER_FLAGS=-g -Wall -Wextra"
Running Make include in psu_cortexa53_0/libsrc/iicps_v3_8/src
make -C psu_cortexa53_0/libsrc/iicps_v3_8/src -s include  "SHELL=/bin/sh" "COMPILER=aarch64-none-elf-gcc" "ARCHIVER=aarch64-none-elf-ar" "COMPILER_FLAGS=  -O2 -c" "EXTRA_COMPILER_FLAGS=-g -Wall -Wextra"
Running Make include in psu_cortexa53_0/libsrc/canps_v3_2/src
make -C psu_cortexa53_0/libsrc/canps_v3_2/src -s include  "SHELL=/bin/sh" "COMPILER=aarch64-none-elf-gcc" "ARCHIVER=aarch64-none-elf-ar" "COMPILER_FLAGS=  -O2 -c" "EXTRA_COMPILER_FLAGS=-g -Wall -Wextra"
Running Make include in psu_cortexa53_0/libsrc/scugic_v3_10/src
make -C psu_cortexa53_0/libsrc/scugic_v3_10/src -s include  "SHELL=/bin/sh" "COMPILER=aarch64-none-elf-gcc" "ARCHIVER=aarch64-none-elf-ar" "COMPILER_FLAGS=  -O2 -c" "EXTRA_COMPILER_FLAGS=-g -Wall -Wextra"
Running Make include in psu_cortexa53_0/libsrc/sysmonpsu_v2_5/src
make -C psu_cortexa53_0/libsrc/sysmonpsu_v2_5/src -s include  "SHELL=/bin/sh" "COMPILER=aarch64-none-elf-gcc" "ARCHIVER=aarch64-none-elf-ar" "COMPILER_FLAGS=  -O2 -c" "EXTRA_COMPILER_FLAGS=-g -Wall -Wextra"
Running Make include in psu_cortexa53_0/libsrc/ddrcpsu_v1_1/src
make -C psu_cortexa53_0/libsrc/ddrcpsu_v1_1/src -s include  "SHELL=/bin/sh" "COMPILER=aarch64-none-elf-gcc" "ARCHIVER=aarch64-none-elf-ar" "COMPILER_FLAGS=  -O2 -c" "EXTRA_COMPILER_FLAGS=-g -Wall -Wextra"
Running Make include in psu_cortexa53_0/libsrc/video_common_v4_5/src
make -C psu_cortexa53_0/libsrc/video_common_v4_5/src -s include  "SHELL=/bin/sh" "COMPILER=aarch64-none-elf-gcc" "ARCHIVER=aarch64-none-elf-ar" "COMPILER_FLAGS=  -O2 -c" "EXTRA_COMPILER_FLAGS=-g -Wall -Wextra"
Running Make include in psu_cortexa53_0/libsrc/gpiops_v3_4/src
make -C psu_cortexa53_0/libsrc/gpiops_v3_4/src -s include  "SHELL=/bin/sh" "COMPILER=aarch64-none-elf-gcc" "ARCHIVER=aarch64-none-elf-ar" "COMPILER_FLAGS=  -O2 -c" "EXTRA_COMPILER_FLAGS=-g -Wall -Wextra"
Running Make include in psu_cortexa53_0/libsrc/cpu_cortexa53_v1_5/src
make -C psu_cortexa53_0/libsrc/cpu_cortexa53_v1_5/src -s include  "SHELL=/bin/sh" "COMPILER=aarch64-none-elf-gcc" "ARCHIVER=aarch64-none-elf-ar" "COMPILER_FLAGS=  -O2 -c" "EXTRA_COMPILER_FLAGS=-g -Wall -Wextra"
Running Make include in psu_cortexa53_0/libsrc/uartps_v3_7/src
make -C psu_cortexa53_0/libsrc/uartps_v3_7/src -s include  "SHELL=/bin/sh" "COMPILER=aarch64-none-elf-gcc" "ARCHIVER=aarch64-none-elf-ar" "COMPILER_FLAGS=  -O2 -c" "EXTRA_COMPILER_FLAGS=-g -Wall -Wextra"
Running Make include in psu_cortexa53_0/libsrc/qspipsu_v1_8/src
make -C psu_cortexa53_0/libsrc/qspipsu_v1_8/src -s include  "SHELL=/bin/sh" "COMPILER=aarch64-none-elf-gcc" "ARCHIVER=aarch64-none-elf-ar" "COMPILER_FLAGS=  -O2 -c" "EXTRA_COMPILER_FLAGS=-g -Wall -Wextra"
Running Make include in psu_cortexa53_0/libsrc/rtcpsu_v1_6/src
make -C psu_cortexa53_0/libsrc/rtcpsu_v1_6/src -s include  "SHELL=/bin/sh" "COMPILER=aarch64-none-elf-gcc" "ARCHIVER=aarch64-none-elf-ar" "COMPILER_FLAGS=  -O2 -c" "EXTRA_COMPILER_FLAGS=-g -Wall -Wextra"
Running Make include in psu_cortexa53_0/libsrc/pciepsu_v1_0/src
make -C psu_cortexa53_0/libsrc/pciepsu_v1_0/src -s include  "SHELL=/bin/sh" "COMPILER=aarch64-none-elf-gcc" "ARCHIVER=aarch64-none-elf-ar" "COMPILER_FLAGS=  -O2 -c" "EXTRA_COMPILER_FLAGS=-g -Wall -Wextra"
Running Make include in psu_cortexa53_0/libsrc/clockps_v1_0/src
make -C psu_cortexa53_0/libsrc/clockps_v1_0/src -s include  "SHELL=/bin/sh" "COMPILER=aarch64-none-elf-gcc" "ARCHIVER=aarch64-none-elf-ar" "COMPILER_FLAGS=  -O2 -c" "EXTRA_COMPILER_FLAGS=-g -Wall -Wextra"
Running Make include in psu_cortexa53_0/libsrc/zdma_v1_6/src
make -C psu_cortexa53_0/libsrc/zdma_v1_6/src -s include  "SHELL=/bin/sh" "COMPILER=aarch64-none-elf-gcc" "ARCHIVER=aarch64-none-elf-ar" "COMPILER_FLAGS=  -O2 -c" "EXTRA_COMPILER_FLAGS=-g -Wall -Wextra"
Running Make include in psu_cortexa53_0/libsrc/polar_v1_0/src
make -C psu_cortexa53_0/libsrc/polar_v1_0/src -s include  "SHELL=/bin/sh" "COMPILER=aarch64-none-elf-gcc" "ARCHIVER=aarch64-none-elf-ar" "COMPILER_FLAGS=  -O2 -c" "EXTRA_COMPILER_FLAGS=-g -Wall -Wextra"
Running Make include in psu_cortexa53_0/libsrc/coresightps_dcc_v1_4/src
make -C psu_cortexa53_0/libsrc/coresightps_dcc_v1_4/src -s include  "SHELL=/bin/sh" "COMPILER=aarch64-none-elf-gcc" "ARCHIVER=aarch64-none-elf-ar" "COMPILER_FLAGS=  -O2 -c" "EXTRA_COMPILER_FLAGS=-g -Wall -Wextra"
Running Make include in psu_cortexa53_0/libsrc/usbpsu_v1_4/src
make -C psu_cortexa53_0/libsrc/usbpsu_v1_4/src -s include  "SHELL=/bin/sh" "COMPILER=aarch64-none-elf-gcc" "ARCHIVER=aarch64-none-elf-ar" "COMPILER_FLAGS=  -O2 -c" "EXTRA_COMPILER_FLAGS=-g -Wall -Wextra"
Running Make include in psu_cortexa53_0/libsrc/wdtps_v3_1/src
make -C psu_cortexa53_0/libsrc/wdtps_v3_1/src -s include  "SHELL=/bin/sh" "COMPILER=aarch64-none-elf-gcc" "ARCHIVER=aarch64-none-elf-ar" "COMPILER_FLAGS=  -O2 -c" "EXTRA_COMPILER_FLAGS=-g -Wall -Wextra"
Running Make libs in psu_cortexa53_0/libsrc/sdps_v3_6/src
make -C psu_cortexa53_0/libsrc/sdps_v3_6/src -s libs  "SHELL=/bin/sh" "COMPILER=aarch64-none-elf-gcc" "ARCHIVER=aarch64-none-elf-ar" "COMPILER_FLAGS=  -O2 -c" "EXTRA_COMPILER_FLAGS=-g -Wall -Wextra"
Compiling sdps
aarch64-none-elf-ar: creating ../../../lib/libxil.a
Running Make libs in psu_cortexa53_0/libsrc/csudma_v1_3/src
make -C psu_cortexa53_0/libsrc/csudma_v1_3/src -s libs  "SHELL=/bin/sh" "COMPILER=aarch64-none-elf-gcc" "ARCHIVER=aarch64-none-elf-ar" "COMPILER_FLAGS=  -O2 -c" "EXTRA_COMPILER_FLAGS=-g -Wall -Wextra"
Compiling csudma
Running Make libs in psu_cortexa53_0/libsrc/standalone_v6_8/src
make -C psu_cortexa53_0/libsrc/standalone_v6_8/src -s libs  "SHELL=/bin/sh" "COMPILER=aarch64-none-elf-gcc" "ARCHIVER=aarch64-none-elf-ar" "COMPILER_FLAGS=  -O2 -c" "EXTRA_COMPILER_FLAGS=-g -Wall -Wextra"
Compiling standalone A53
In file included from xtime_l.c:52:0:
xtime_l.h:77:9: note: #pragma message: For the sleep routines, Global timer is being used
 #pragma message ("For the sleep routines, Global timer is being used")
         ^~~~~~~
In file included from sleep.c:59:0:
xtime_l.h:77:9: note: #pragma message: For the sleep routines, Global timer is being used
 #pragma message ("For the sleep routines, Global timer is being used")
         ^~~~~~~
In file included from xil_sleeptimer.c:51:0:
xtime_l.h:77:9: note: #pragma message: For the sleep routines, Global timer is being used
 #pragma message ("For the sleep routines, Global timer is being used")
         ^~~~~~~
Running Make libs in psu_cortexa53_0/libsrc/ipipsu_v2_4/src
make -C psu_cortexa53_0/libsrc/ipipsu_v2_4/src -s libs  "SHELL=/bin/sh" "COMPILER=aarch64-none-elf-gcc" "ARCHIVER=aarch64-none-elf-ar" "COMPILER_FLAGS=  -O2 -c" "EXTRA_COMPILER_FLAGS=-g -Wall -Wextra"
Compiling ipipsu
Running Make libs in psu_cortexa53_0/libsrc/emacps_v3_8/src
make -C psu_cortexa53_0/libsrc/emacps_v3_8/src -s libs  "SHELL=/bin/sh" "COMPILER=aarch64-none-elf-gcc" "ARCHIVER=aarch64-none-elf-ar" "COMPILER_FLAGS=  -O2 -c" "EXTRA_COMPILER_FLAGS=-g -Wall -Wextra"
Compiling emacps
Running Make libs in psu_cortexa53_0/libsrc/ttcps_v3_7/src
make -C psu_cortexa53_0/libsrc/ttcps_v3_7/src -s libs  "SHELL=/bin/sh" "COMPILER=aarch64-none-elf-gcc" "ARCHIVER=aarch64-none-elf-ar" "COMPILER_FLAGS=  -O2 -c" "EXTRA_COMPILER_FLAGS=-g -Wall -Wextra"
Compiling ttcps
Running Make libs in psu_cortexa53_0/libsrc/resetps_v1_2/src
make -C psu_cortexa53_0/libsrc/resetps_v1_2/src -s libs  "SHELL=/bin/sh" "COMPILER=aarch64-none-elf-gcc" "ARCHIVER=aarch64-none-elf-ar" "COMPILER_FLAGS=  -O2 -c" "EXTRA_COMPILER_FLAGS=-g -Wall -Wextra"
Compiling resetps
Running Make libs in psu_cortexa53_0/libsrc/axipmon_v6_7/src
make -C psu_cortexa53_0/libsrc/axipmon_v6_7/src -s libs  "SHELL=/bin/sh" "COMPILER=aarch64-none-elf-gcc" "ARCHIVER=aarch64-none-elf-ar" "COMPILER_FLAGS=  -O2 -c" "EXTRA_COMPILER_FLAGS=-g -Wall -Wextra"
Compiling axipmon
Running Make libs in psu_cortexa53_0/libsrc/avbuf_v2_2/src
make -C psu_cortexa53_0/libsrc/avbuf_v2_2/src -s libs  "SHELL=/bin/sh" "COMPILER=aarch64-none-elf-gcc" "ARCHIVER=aarch64-none-elf-ar" "COMPILER_FLAGS=  -O2 -c" "EXTRA_COMPILER_FLAGS=-g -Wall -Wextra"
Compiling avbuf
Running Make libs in psu_cortexa53_0/libsrc/dpdma_v1_1/src
make -C psu_cortexa53_0/libsrc/dpdma_v1_1/src -s libs  "SHELL=/bin/sh" "COMPILER=aarch64-none-elf-gcc" "ARCHIVER=aarch64-none-elf-ar" "COMPILER_FLAGS=  -O2 -c" "EXTRA_COMPILER_FLAGS=-g -Wall -Wextra"
Compiling dpdma
Running Make libs in psu_cortexa53_0/libsrc/iicps_v3_8/src
make -C psu_cortexa53_0/libsrc/iicps_v3_8/src -s libs  "SHELL=/bin/sh" "COMPILER=aarch64-none-elf-gcc" "ARCHIVER=aarch64-none-elf-ar" "COMPILER_FLAGS=  -O2 -c" "EXTRA_COMPILER_FLAGS=-g -Wall -Wextra"
Compiling iicps
Running Make libs in psu_cortexa53_0/libsrc/canps_v3_2/src
make -C psu_cortexa53_0/libsrc/canps_v3_2/src -s libs  "SHELL=/bin/sh" "COMPILER=aarch64-none-elf-gcc" "ARCHIVER=aarch64-none-elf-ar" "COMPILER_FLAGS=  -O2 -c" "EXTRA_COMPILER_FLAGS=-g -Wall -Wextra"
Compiling canps
Running Make libs in psu_cortexa53_0/libsrc/scugic_v3_10/src
make -C psu_cortexa53_0/libsrc/scugic_v3_10/src -s libs  "SHELL=/bin/sh" "COMPILER=aarch64-none-elf-gcc" "ARCHIVER=aarch64-none-elf-ar" "COMPILER_FLAGS=  -O2 -c" "EXTRA_COMPILER_FLAGS=-g -Wall -Wextra"
Compiling scugic
Running Make libs in psu_cortexa53_0/libsrc/sysmonpsu_v2_5/src
make -C psu_cortexa53_0/libsrc/sysmonpsu_v2_5/src -s libs  "SHELL=/bin/sh" "COMPILER=aarch64-none-elf-gcc" "ARCHIVER=aarch64-none-elf-ar" "COMPILER_FLAGS=  -O2 -c" "EXTRA_COMPILER_FLAGS=-g -Wall -Wextra"
Compiling sysmonpsu
Running Make libs in psu_cortexa53_0/libsrc/ddrcpsu_v1_1/src
make -C psu_cortexa53_0/libsrc/ddrcpsu_v1_1/src -s libs  "SHELL=/bin/sh" "COMPILER=aarch64-none-elf-gcc" "ARCHIVER=aarch64-none-elf-ar" "COMPILER_FLAGS=  -O2 -c" "EXTRA_COMPILER_FLAGS=-g -Wall -Wextra"
Compiling ddrcpsu
Running Make libs in psu_cortexa53_0/libsrc/video_common_v4_5/src
make -C psu_cortexa53_0/libsrc/video_common_v4_5/src -s libs  "SHELL=/bin/sh" "COMPILER=aarch64-none-elf-gcc" "ARCHIVER=aarch64-none-elf-ar" "COMPILER_FLAGS=  -O2 -c" "EXTRA_COMPILER_FLAGS=-g -Wall -Wextra"
Compiling video_common
Running Make libs in psu_cortexa53_0/libsrc/gpiops_v3_4/src
make -C psu_cortexa53_0/libsrc/gpiops_v3_4/src -s libs  "SHELL=/bin/sh" "COMPILER=aarch64-none-elf-gcc" "ARCHIVER=aarch64-none-elf-ar" "COMPILER_FLAGS=  -O2 -c" "EXTRA_COMPILER_FLAGS=-g -Wall -Wextra"
Compiling gpiops
Running Make libs in psu_cortexa53_0/libsrc/cpu_cortexa53_v1_5/src
make -C psu_cortexa53_0/libsrc/cpu_cortexa53_v1_5/src -s libs  "SHELL=/bin/sh" "COMPILER=aarch64-none-elf-gcc" "ARCHIVER=aarch64-none-elf-ar" "COMPILER_FLAGS=  -O2 -c" "EXTRA_COMPILER_FLAGS=-g -Wall -Wextra"
Compiling cpu_cortexa53
Running Make libs in psu_cortexa53_0/libsrc/uartps_v3_7/src
make -C psu_cortexa53_0/libsrc/uartps_v3_7/src -s libs  "SHELL=/bin/sh" "COMPILER=aarch64-none-elf-gcc" "ARCHIVER=aarch64-none-elf-ar" "COMPILER_FLAGS=  -O2 -c" "EXTRA_COMPILER_FLAGS=-g -Wall -Wextra"
Compiling uartps
Running Make libs in psu_cortexa53_0/libsrc/qspipsu_v1_8/src
make -C psu_cortexa53_0/libsrc/qspipsu_v1_8/src -s libs  "SHELL=/bin/sh" "COMPILER=aarch64-none-elf-gcc" "ARCHIVER=aarch64-none-elf-ar" "COMPILER_FLAGS=  -O2 -c" "EXTRA_COMPILER_FLAGS=-g -Wall -Wextra"
Compiling qspipsu
Running Make libs in psu_cortexa53_0/libsrc/rtcpsu_v1_6/src
make -C psu_cortexa53_0/libsrc/rtcpsu_v1_6/src -s libs  "SHELL=/bin/sh" "COMPILER=aarch64-none-elf-gcc" "ARCHIVER=aarch64-none-elf-ar" "COMPILER_FLAGS=  -O2 -c" "EXTRA_COMPILER_FLAGS=-g -Wall -Wextra"
Compiling rtcpsu
Running Make libs in psu_cortexa53_0/libsrc/pciepsu_v1_0/src
make -C psu_cortexa53_0/libsrc/pciepsu_v1_0/src -s libs  "SHELL=/bin/sh" "COMPILER=aarch64-none-elf-gcc" "ARCHIVER=aarch64-none-elf-ar" "COMPILER_FLAGS=  -O2 -c" "EXTRA_COMPILER_FLAGS=-g -Wall -Wextra"
Compiling pciepsu
Running Make libs in psu_cortexa53_0/libsrc/clockps_v1_0/src
make -C psu_cortexa53_0/libsrc/clockps_v1_0/src -s libs  "SHELL=/bin/sh" "COMPILER=aarch64-none-elf-gcc" "ARCHIVER=aarch64-none-elf-ar" "COMPILER_FLAGS=  -O2 -c" "EXTRA_COMPILER_FLAGS=-g -Wall -Wextra"
Compiling clockps
Running Make libs in psu_cortexa53_0/libsrc/zdma_v1_6/src
make -C psu_cortexa53_0/libsrc/zdma_v1_6/src -s libs  "SHELL=/bin/sh" "COMPILER=aarch64-none-elf-gcc" "ARCHIVER=aarch64-none-elf-ar" "COMPILER_FLAGS=  -O2 -c" "EXTRA_COMPILER_FLAGS=-g -Wall -Wextra"
Compiling zdma
Running Make libs in psu_cortexa53_0/libsrc/polar_v1_0/src
make -C psu_cortexa53_0/libsrc/polar_v1_0/src -s libs  "SHELL=/bin/sh" "COMPILER=aarch64-none-elf-gcc" "ARCHIVER=aarch64-none-elf-ar" "COMPILER_FLAGS=  -O2 -c" "EXTRA_COMPILER_FLAGS=-g -Wall -Wextra"
Compiling polar
xpolar.c: In function 'xpolar_write_POLAR_CODE_REG0_N_words':
xpolar.c:386:17: warning: comparison between signed and unsigned integer expressions [-Wsign-compare]
   for (i = 0; i < length; i++) {
                 ^
xpolar.c: In function 'xpolar_read_POLAR_CODE_REG0_N_words':
xpolar.c:400:17: warning: comparison between signed and unsigned integer expressions [-Wsign-compare]
   for (i = 0; i < length; i++) {
                 ^
xpolar.c: In function 'xpolar_write_POLAR_CODE_REG0_K_words':
xpolar.c:413:17: warning: comparison between signed and unsigned integer expressions [-Wsign-compare]
   for (i = 0; i < length; i++) {
                 ^
xpolar.c: In function 'xpolar_read_POLAR_CODE_REG0_K_words':
xpolar.c:427:17: warning: comparison between signed and unsigned integer expressions [-Wsign-compare]
   for (i = 0; i < length; i++) {
                 ^
xpolar.c: In function 'xpolar_write_POLAR_CODE_REG0_words':
xpolar.c:440:17: warning: comparison between signed and unsigned integer expressions [-Wsign-compare]
   for (i = 0; i < length; i++) {
                 ^
xpolar.c: In function 'xpolar_read_POLAR_CODE_REG0_words':
xpolar.c:452:17: warning: comparison between signed and unsigned integer expressions [-Wsign-compare]
   for (i = 0; i < length; i++) {
                 ^
xpolar.c: In function 'xpolar_write_POLAR_CODE_REG2_AUGMENT_words':
xpolar.c:464:17: warning: comparison between signed and unsigned integer expressions [-Wsign-compare]
   for (i = 0; i < length; i++) {
                 ^
xpolar.c: In function 'xpolar_read_POLAR_CODE_REG2_AUGMENT_words':
xpolar.c:478:17: warning: comparison between signed and unsigned integer expressions [-Wsign-compare]
   for (i = 0; i < length; i++) {
                 ^
xpolar.c: In function 'xpolar_write_POLAR_CODE_REG2_CRC_SEL_words':
xpolar.c:491:17: warning: comparison between signed and unsigned integer expressions [-Wsign-compare]
   for (i = 0; i < length; i++) {
                 ^
xpolar.c: In function 'xpolar_read_POLAR_CODE_REG2_CRC_SEL_words':
xpolar.c:505:17: warning: comparison between signed and unsigned integer expressions [-Wsign-compare]
   for (i = 0; i < length; i++) {
                 ^
xpolar.c: In function 'xpolar_write_POLAR_CODE_REG2_ITLV_words':
xpolar.c:518:17: warning: comparison between signed and unsigned integer expressions [-Wsign-compare]
   for (i = 0; i < length; i++) {
                 ^
xpolar.c: In function 'xpolar_read_POLAR_CODE_REG2_ITLV_words':
xpolar.c:532:17: warning: comparison between signed and unsigned integer expressions [-Wsign-compare]
   for (i = 0; i < length; i++) {
                 ^
xpolar.c: In function 'xpolar_write_POLAR_CODE_REG2_CRC_INIT_words':
xpolar.c:545:17: warning: comparison between signed and unsigned integer expressions [-Wsign-compare]
   for (i = 0; i < length; i++) {
                 ^
xpolar.c: In function 'xpolar_read_POLAR_CODE_REG2_CRC_INIT_words':
xpolar.c:559:17: warning: comparison between signed and unsigned integer expressions [-Wsign-compare]
   for (i = 0; i < length; i++) {
                 ^
xpolar.c: In function 'xpolar_write_POLAR_CODE_REG2_words':
xpolar.c:572:17: warning: comparison between signed and unsigned integer expressions [-Wsign-compare]
   for (i = 0; i < length; i++) {
                 ^
xpolar.c: In function 'xpolar_read_POLAR_CODE_REG2_words':
xpolar.c:584:17: warning: comparison between signed and unsigned integer expressions [-Wsign-compare]
   for (i = 0; i < length; i++) {
                 ^
xpolar.c: In function 'xpolar_write_POLAR_CODE_REG3_words':
xpolar.c:596:17: warning: comparison between signed and unsigned integer expressions [-Wsign-compare]
   for (i = 0; i < length; i++) {
                 ^
xpolar.c: In function 'xpolar_read_POLAR_CODE_REG3_words':
xpolar.c:608:17: warning: comparison between signed and unsigned integer expressions [-Wsign-compare]
   for (i = 0; i < length; i++) {
                 ^
xpolar.c: In function 'xpolar_write_POLAR_BA_TABLE_words':
xpolar.c:620:17: warning: comparison between signed and unsigned integer expressions [-Wsign-compare]
   for (i = 0; i < length; i++) {
                 ^
xpolar.c: In function 'xpolar_read_POLAR_BA_TABLE_words':
xpolar.c:632:17: warning: comparison between signed and unsigned integer expressions [-Wsign-compare]
   for (i = 0; i < length; i++) {
                 ^
xpolar_g.c:44:1: warning: missing braces around initializer [-Wmissing-braces]
 {
 ^
xpolar_g.c:44:1: warning: missing braces around initializer [-Wmissing-braces]
Running Make libs in psu_cortexa53_0/libsrc/coresightps_dcc_v1_4/src
make -C psu_cortexa53_0/libsrc/coresightps_dcc_v1_4/src -s libs  "SHELL=/bin/sh" "COMPILER=aarch64-none-elf-gcc" "ARCHIVER=aarch64-none-elf-ar" "COMPILER_FLAGS=  -O2 -c" "EXTRA_COMPILER_FLAGS=-g -Wall -Wextra"
Compiling coresightps_dcc
Running Make libs in psu_cortexa53_0/libsrc/usbpsu_v1_4/src
make -C psu_cortexa53_0/libsrc/usbpsu_v1_4/src -s libs  "SHELL=/bin/sh" "COMPILER=aarch64-none-elf-gcc" "ARCHIVER=aarch64-none-elf-ar" "COMPILER_FLAGS=  -O2 -c" "EXTRA_COMPILER_FLAGS=-g -Wall -Wextra"
Compiling usbpsu
Running Make libs in psu_cortexa53_0/libsrc/wdtps_v3_1/src
make -C psu_cortexa53_0/libsrc/wdtps_v3_1/src -s libs  "SHELL=/bin/sh" "COMPILER=aarch64-none-elf-gcc" "ARCHIVER=aarch64-none-elf-ar" "COMPILER_FLAGS=  -O2 -c" "EXTRA_COMPILER_FLAGS=-g -Wall -Wextra"
Compiling wdtps
Finished building libraries
12:55:04 **** Build of configuration Debug for project PSPolar ****
make all 
Building file: ../src/helloworld.c
Invoking: ARM v8 gcc compiler
aarch64-none-elf-gcc -Wall -O0 -g3 -c -fmessage-length=0 -MT"src/helloworld.o" -I../../PSPolar_bsp/psu_cortexa53_0/include -MMD -MP -MF"src/helloworld.d" -MT"src/helloworld.o" -o "src/helloworld.o" "../src/helloworld.c"
Finished building: ../src/helloworld.c
 
Building file: ../src/platform.c
Invoking: ARM v8 gcc compiler
aarch64-none-elf-gcc -Wall -O0 -g3 -c -fmessage-length=0 -MT"src/platform.o" -I../../PSPolar_bsp/psu_cortexa53_0/include -MMD -MP -MF"src/platform.d" -MT"src/platform.o" -o "src/platform.o" "../src/platform.c"
Finished building: ../src/platform.c
 
Building target: PSPolar.elf
Invoking: ARM v8 gcc linker
aarch64-none-elf-gcc -Wl,-T -Wl,../src/lscript.ld -L../../PSPolar_bsp/psu_cortexa53_0/lib -o "PSPolar.elf"  ./src/helloworld.o ./src/platform.o   -Wl,--start-group,-lxil,-lgcc,-lc,--end-group
Finished building target: PSPolar.elf
 
Invoking: ARM v8 Print Size
aarch64-none-elf-size PSPolar.elf  |tee "PSPolar.elf.size"
   text	   data	    bss	    dec	    hex	filename
  30516	   2344	  20632	  53492	   d0f4	PSPolar.elf
Finished building: PSPolar.elf.size
 
12:55:05 **** Auto Build of configuration Debug for project PSPolar ****
make all 
make: Nothing to be done for 'all'.
12:55:19 **** Auto Build of configuration Debug for project PSPolar ****
make all 
Building file: ../src/helloworld.c
Invoking: ARM v8 gcc compiler
aarch64-none-elf-gcc -Wall -O0 -g3 -c -fmessage-length=0 -MT"src/helloworld.o" -I../../PSPolar_bsp/psu_cortexa53_0/include -MMD -MP -MF"src/helloworld.d" -MT"src/helloworld.o" -o "src/helloworld.o" "../src/helloworld.c"
Finished building: ../src/helloworld.c
 
Building target: PSPolar.elf
Invoking: ARM v8 gcc linker
aarch64-none-elf-gcc -Wl,-T -Wl,../src/lscript.ld -L../../PSPolar_bsp/psu_cortexa53_0/lib -o "PSPolar.elf"  ./src/helloworld.o ./src/platform.o   -Wl,--start-group,-lxil,-lgcc,-lc,--end-group
Finished building target: PSPolar.elf
 
Invoking: ARM v8 Print Size
aarch64-none-elf-size PSPolar.elf  |tee "PSPolar.elf.size"
   text	   data	    bss	    dec	    hex	filename
  41476	   2888	  20712	  65076	   fe34	PSPolar.elf
Finished building: PSPolar.elf.size
 
13:03:34 **** Auto Build of configuration Debug for project PSPolar ****
make all 
Building file: ../src/helloworld.c
Invoking: ARM v8 gcc compiler
aarch64-none-elf-gcc -Wall -O0 -g3 -c -fmessage-length=0 -MT"src/helloworld.o" -I../../PSPolar_bsp/psu_cortexa53_0/include -MMD -MP -MF"src/helloworld.d" -MT"src/helloworld.o" -o "src/helloworld.o" "../src/helloworld.c"
../src/helloworld.c: In function 'main':
../src/helloworld.c:91:11: error: expected expression before ':' token
       std::cout << "ERROR: Could not lookup Polar" << std::endl;
           ^
../src/helloworld.c:95:7: error: duplicate label 'std'
       std::cout << "LOOKUP CONFIG DONE!!" << std::endl;
       ^~~
../src/helloworld.c:91:7: note: previous definition of 'std' was here
       std::cout << "ERROR: Could not lookup Polar" << std::endl;
src/subdir.mk:24: recipe for target 'src/helloworld.o' failed
       ^~~
../src/helloworld.c:95:11: error: expected expression before ':' token
       std::cout << "LOOKUP CONFIG DONE!!" << std::endl;
           ^
../src/helloworld.c:98:7: error: duplicate label 'std'
       std::cout<<"ERROR: Could not initialize Polar"<<std::endl;
       ^~~
../src/helloworld.c:91:7: note: previous definition of 'std' was here
       std::cout << "ERROR: Could not lookup Polar" << std::endl;
       ^~~
../src/helloworld.c:98:11: error: expected expression before ':' token
       std::cout<<"ERROR: Could not initialize Polar"<<std::endl;
           ^
../src/helloworld.c:102:7: error: duplicate label 'std'
       std::cout << "INITIALIZED POLAR!!" << std::endl;
       ^~~
../src/helloworld.c:91:7: note: previous definition of 'std' was here
       std::cout << "ERROR: Could not lookup Polar" << std::endl;
       ^~~
../src/helloworld.c:102:11: error: expected expression before ':' token
       std::cout << "INITIALIZED POLAR!!" << std::endl;
           ^
../src/helloworld.c:117:8: error: duplicate label 'std'
        std::cout<<"AXIS ENABLED\n";
        ^~~
../src/helloworld.c:91:7: note: previous definition of 'std' was here
       std::cout << "ERROR: Could not lookup Polar" << std::endl;
       ^~~
../src/helloworld.c:117:12: error: expected expression before ':' token
        std::cout<<"AXIS ENABLED\n";
            ^
../src/helloworld.c:119:8: error: duplicate label 'std'
        std::cout<<"AXIS NOT ENABLED\n";
        ^~~
../src/helloworld.c:91:7: note: previous definition of 'std' was here
       std::cout << "ERROR: Could not lookup Polar" << std::endl;
       ^~~
../src/helloworld.c:119:12: error: expected expression before ':' token
        std::cout<<"AXIS NOT ENABLED\n";
            ^
../src/helloworld.c:91:7: warning: label 'std' defined but not used [-Wunused-label]
       std::cout << "ERROR: Could not lookup Polar" << std::endl;
       ^~~
make: *** [src/helloworld.o] Error 1
13:04:18 **** Auto Build of configuration Debug for project PSPolar ****
make all 
Building file: ../src/helloworld.c
Invoking: ARM v8 gcc compiler
aarch64-none-elf-gcc -Wall -O0 -g3 -c -fmessage-length=0 -MT"src/helloworld.o" -I../../PSPolar_bsp/psu_cortexa53_0/include -MMD -MP -MF"src/helloworld.d" -MT"src/helloworld.o" -o "src/helloworld.o" "../src/helloworld.c"
Finished building: ../src/helloworld.c
 
Building target: PSPolar.elf
Invoking: ARM v8 gcc linker
aarch64-none-elf-gcc -Wl,-T -Wl,../src/lscript.ld -L../../PSPolar_bsp/psu_cortexa53_0/lib -o "PSPolar.elf"  ./src/helloworld.o ./src/platform.o   -Wl,--start-group,-lxil,-lgcc,-lc,--end-group
Finished building target: PSPolar.elf
 
Invoking: ARM v8 Print Size
aarch64-none-elf-size PSPolar.elf  |tee "PSPolar.elf.size"
   text	   data	    bss	    dec	    hex	filename
  41604	   2888	  20712	  65204	   feb4	PSPolar.elf
Finished building: PSPolar.elf.size
 
13:08:00 **** Incremental Build of configuration Debug for project PSPolar ****
make all 
make: Nothing to be done for 'all'.
13:13:37 **** Auto Build of configuration Debug for project PSPolar ****
make all 
Building file: ../src/helloworld.c
Invoking: ARM v8 gcc compiler
aarch64-none-elf-gcc -Wall -O0 -g3 -c -fmessage-length=0 -MT"src/helloworld.o" -I../../PSPolar_bsp/psu_cortexa53_0/include -MMD -MP -MF"src/helloworld.d" -MT"src/helloworld.o" -o "src/helloworld.o" "../src/helloworld.c"
Finished building: ../src/helloworld.c
 
Building target: PSPolar.elf
Invoking: ARM v8 gcc linker
aarch64-none-elf-gcc -Wl,-T -Wl,../src/lscript.ld -L../../PSPolar_bsp/psu_cortexa53_0/lib -o "PSPolar.elf"  ./src/helloworld.o ./src/platform.o   -Wl,--start-group,-lxil,-lgcc,-lc,--end-group
Finished building target: PSPolar.elf
 
Invoking: ARM v8 Print Size
aarch64-none-elf-size PSPolar.elf  |tee "PSPolar.elf.size"
   text	   data	    bss	    dec	    hex	filename
  41476	   2888	  20712	  65076	   fe34	PSPolar.elf
Finished building: PSPolar.elf.size
 
13:13:55 **** Incremental Build of configuration Debug for project PSPolar ****
make all 
make: Nothing to be done for 'all'.
13:18:11 **** Auto Build of configuration Debug for project PSPolar ****
make all 
Building file: ../src/helloworld.c
Invoking: ARM v8 gcc compiler
aarch64-none-elf-gcc -Wall -O0 -g3 -c -fmessage-length=0 -MT"src/helloworld.o" -I../../PSPolar_bsp/psu_cortexa53_0/include -MMD -MP -MF"src/helloworld.d" -MT"src/helloworld.o" -o "src/helloworld.o" "../src/helloworld.c"
../src/helloworld.c: In function 'main':
../src/helloworld.c:93:32: error: 'XPAR_ENC_DEVICE_ID' undeclared (first use in this function); did you mean 'XPAR_PSU_CR_DEVICE_ID'?
         xpolar_Initialize(&enc,XPAR_ENC_DEVICE_ID);
                                ^~~~~~~~~~~~~~~~~~
                                XPAR_PSU_CR_DEVICE_ID
../src/helloworld.c:93:32: note: each undeclared identifier is reported only once for each function it appears in
make: *** [src/helloworld.o] Error 1
src/subdir.mk:24: recipe for target 'src/helloworld.o' failed
13:19:12 **** Auto Build of configuration Debug for project PSPolar ****
make all 
Building file: ../src/helloworld.c
Invoking: ARM v8 gcc compiler
aarch64-none-elf-gcc -Wall -O0 -g3 -c -fmessage-length=0 -MT"src/helloworld.o" -I../../PSPolar_bsp/psu_cortexa53_0/include -MMD -MP -MF"src/helloworld.d" -MT"src/helloworld.o" -o "src/helloworld.o" "../src/helloworld.c"
Finished building: ../src/helloworld.c
 
Building target: PSPolar.elf
Invoking: ARM v8 gcc linker
aarch64-none-elf-gcc -Wl,-T -Wl,../src/lscript.ld -L../../PSPolar_bsp/psu_cortexa53_0/lib -o "PSPolar.elf"  ./src/helloworld.o ./src/platform.o   -Wl,--start-group,-lxil,-lgcc,-lc,--end-group
Finished building target: PSPolar.elf
 
Invoking: ARM v8 Print Size
aarch64-none-elf-size PSPolar.elf  |tee "PSPolar.elf.size"
   text	   data	    bss	    dec	    hex	filename
  41540	   2888	  20712	  65140	   fe74	PSPolar.elf
Finished building: PSPolar.elf.size
 
13:20:08 **** Incremental Build of configuration Debug for project PSPolar ****
make all 
make: Nothing to be done for 'all'.
13:22:12 **** Auto Build of configuration Debug for project PSPolar ****
make all 
Building file: ../src/helloworld.c
Invoking: ARM v8 gcc compiler
aarch64-none-elf-gcc -Wall -O0 -g3 -c -fmessage-length=0 -MT"src/helloworld.o" -I../../PSPolar_bsp/psu_cortexa53_0/include -MMD -MP -MF"src/helloworld.d" -MT"src/helloworld.o" -o "src/helloworld.o" "../src/helloworld.c"
Finished building: ../src/helloworld.c
 
Building target: PSPolar.elf
Invoking: ARM v8 gcc linker
aarch64-none-elf-gcc -Wl,-T -Wl,../src/lscript.ld -L../../PSPolar_bsp/psu_cortexa53_0/lib -o "PSPolar.elf"  ./src/helloworld.o ./src/platform.o   -Wl,--start-group,-lxil,-lgcc,-lc,--end-group
Finished building target: PSPolar.elf
 
Invoking: ARM v8 Print Size
aarch64-none-elf-size PSPolar.elf  |tee "PSPolar.elf.size"
   text	   data	    bss	    dec	    hex	filename
  41604	   2888	  20712	  65204	   feb4	PSPolar.elf
Finished building: PSPolar.elf.size
 
13:23:06 **** Auto Build of configuration Debug for project PSPolar ****
make all 
Building file: ../src/helloworld.c
Invoking: ARM v8 gcc compiler
aarch64-none-elf-gcc -Wall -O0 -g3 -c -fmessage-length=0 -MT"src/helloworld.o" -I../../PSPolar_bsp/psu_cortexa53_0/include -MMD -MP -MF"src/helloworld.d" -MT"src/helloworld.o" -o "src/helloworld.o" "../src/helloworld.c"
Finished building: ../src/helloworld.c
 
Building target: PSPolar.elf
Invoking: ARM v8 gcc linker
aarch64-none-elf-gcc -Wl,-T -Wl,../src/lscript.ld -L../../PSPolar_bsp/psu_cortexa53_0/lib -o "PSPolar.elf"  ./src/helloworld.o ./src/platform.o   -Wl,--start-group,-lxil,-lgcc,-lc,--end-group
Finished building target: PSPolar.elf
 
Invoking: ARM v8 Print Size
aarch64-none-elf-size PSPolar.elf  |tee "PSPolar.elf.size"
   text	   data	    bss	    dec	    hex	filename
  41604	   2888	  20712	  65204	   feb4	PSPolar.elf
Finished building: PSPolar.elf.size
 
13:23:25 **** Auto Build of configuration Debug for project PSPolar ****
make all 
Building file: ../src/helloworld.c
Invoking: ARM v8 gcc compiler
aarch64-none-elf-gcc -Wall -O0 -g3 -c -fmessage-length=0 -MT"src/helloworld.o" -I../../PSPolar_bsp/psu_cortexa53_0/include -MMD -MP -MF"src/helloworld.d" -MT"src/helloworld.o" -o "src/helloworld.o" "../src/helloworld.c"
Finished building: ../src/helloworld.c
 
Building target: PSPolar.elf
Invoking: ARM v8 gcc linker
aarch64-none-elf-gcc -Wl,-T -Wl,../src/lscript.ld -L../../PSPolar_bsp/psu_cortexa53_0/lib -o "PSPolar.elf"  ./src/helloworld.o ./src/platform.o   -Wl,--start-group,-lxil,-lgcc,-lc,--end-group
Finished building target: PSPolar.elf
 
Invoking: ARM v8 Print Size
aarch64-none-elf-size PSPolar.elf  |tee "PSPolar.elf.size"
   text	   data	    bss	    dec	    hex	filename
  41604	   2888	  20712	  65204	   feb4	PSPolar.elf
Finished building: PSPolar.elf.size
 
13:23:55 **** Auto Build of configuration Debug for project PSPolar ****
make all 
Building file: ../src/helloworld.c
Invoking: ARM v8 gcc compiler
aarch64-none-elf-gcc -Wall -O0 -g3 -c -fmessage-length=0 -MT"src/helloworld.o" -I../../PSPolar_bsp/psu_cortexa53_0/include -MMD -MP -MF"src/helloworld.d" -MT"src/helloworld.o" -o "src/helloworld.o" "../src/helloworld.c"
Finished building: ../src/helloworld.c
 
Building target: PSPolar.elf
Invoking: ARM v8 gcc linker
aarch64-none-elf-gcc -Wl,-T -Wl,../src/lscript.ld -L../../PSPolar_bsp/psu_cortexa53_0/lib -o "PSPolar.elf"  ./src/helloworld.o ./src/platform.o   -Wl,--start-group,-lxil,-lgcc,-lc,--end-group
Finished building target: PSPolar.elf
 
Invoking: ARM v8 Print Size
aarch64-none-elf-size PSPolar.elf  |tee "PSPolar.elf.size"
   text	   data	    bss	    dec	    hex	filename
  41540	   2888	  20712	  65140	   fe74	PSPolar.elf
Finished building: PSPolar.elf.size
 
13:25:56 **** Incremental Build of configuration Debug for project PSPolar ****
make all 
make: Nothing to be done for 'all'.
15:14:39 **** Auto Build of configuration Debug for project PSPolar ****
make all 
Building file: ../src/helloworld.c
Invoking: ARM v8 gcc compiler
aarch64-none-elf-gcc -Wall -O0 -g3 -c -fmessage-length=0 -MT"src/helloworld.o" -I../../PSPolar_bsp/psu_cortexa53_0/include -MMD -MP -MF"src/helloworld.d" -MT"src/helloworld.o" -o "src/helloworld.o" "../src/helloworld.c"
Finished building: ../src/helloworld.c
 
Building target: PSPolar.elf
Invoking: ARM v8 gcc linker
aarch64-none-elf-gcc -Wl,-T -Wl,../src/lscript.ld -L../../PSPolar_bsp/psu_cortexa53_0/lib -o "PSPolar.elf"  ./src/helloworld.o ./src/platform.o   -Wl,--start-group,-lxil,-lgcc,-lc,--end-group
Finished building target: PSPolar.elf
 
Invoking: ARM v8 Print Size
aarch64-none-elf-size PSPolar.elf  |tee "PSPolar.elf.size"
   text	   data	    bss	    dec	    hex	filename
  41540	   2888	  20712	  65140	   fe74	PSPolar.elf
Finished building: PSPolar.elf.size
 
15:34:32 **** Incremental Build of configuration Debug for project PSPolar ****
make all 
make: Nothing to be done for 'all'.
16:04:22 **** Incremental Build of configuration Debug for project PSPolar ****
make all 
make: Nothing to be done for 'all'.
18:03:19 **** Incremental Build of configuration Debug for project PSPolar ****
make all 
make: Nothing to be done for 'all'.
18:03:42 **** Incremental Build of configuration Debug for project PSPolar ****
make all 
make: Nothing to be done for 'all'.
18:21:38 **** Clean-only build of project PSPolar_bsp ****
make -k clean 
make -C psu_cortexa53_0/libsrc/sdps_v3_6/src -s clean 
make -C psu_cortexa53_0/libsrc/csudma_v1_3/src -s clean 
make -C psu_cortexa53_0/libsrc/standalone_v6_8/src -s clean 
make -C psu_cortexa53_0/libsrc/ipipsu_v2_4/src -s clean 
make -C psu_cortexa53_0/libsrc/emacps_v3_8/src -s clean 
make -C psu_cortexa53_0/libsrc/ttcps_v3_7/src -s clean 
make -C psu_cortexa53_0/libsrc/resetps_v1_2/src -s clean 
make -C psu_cortexa53_0/libsrc/axipmon_v6_7/src -s clean 
make -C psu_cortexa53_0/libsrc/avbuf_v2_2/src -s clean 
make -C psu_cortexa53_0/libsrc/dpdma_v1_1/src -s clean 
make -C psu_cortexa53_0/libsrc/iicps_v3_8/src -s clean 
make -C psu_cortexa53_0/libsrc/canps_v3_2/src -s clean 
make -C psu_cortexa53_0/libsrc/scugic_v3_10/src -s clean 
make -C psu_cortexa53_0/libsrc/sysmonpsu_v2_5/src -s clean 
make -C psu_cortexa53_0/libsrc/ddrcpsu_v1_1/src -s clean 
make -C psu_cortexa53_0/libsrc/video_common_v4_5/src -s clean 
make -C psu_cortexa53_0/libsrc/gpiops_v3_4/src -s clean 
make -C psu_cortexa53_0/libsrc/cpu_cortexa53_v1_5/src -s clean 
make -C psu_cortexa53_0/libsrc/uartps_v3_7/src -s clean 
make -C psu_cortexa53_0/libsrc/qspipsu_v1_8/src -s clean 
make -C psu_cortexa53_0/libsrc/rtcpsu_v1_6/src -s clean 
make -C psu_cortexa53_0/libsrc/pciepsu_v1_0/src -s clean 
make -C psu_cortexa53_0/libsrc/clockps_v1_0/src -s clean 
make -C psu_cortexa53_0/libsrc/zdma_v1_6/src -s clean 
make -C psu_cortexa53_0/libsrc/polar_v1_0/src -s clean 
make -C psu_cortexa53_0/libsrc/coresightps_dcc_v1_4/src -s clean 
make -C psu_cortexa53_0/libsrc/usbpsu_v1_4/src -s clean 
make -C psu_cortexa53_0/libsrc/wdtps_v3_1/src -s clean 
rm -f psu_cortexa53_0/lib/libxil.a
18:21:38 **** Clean-only build of configuration Debug for project PSPolar ****
make clean 
rm -rf  ./src/helloworld.o ./src/platform.o  ./src/helloworld.d ./src/platform.d  PSPolar.elf.size  PSPolar.elf
 
18:21:38 **** Build of project PSPolar_bsp ****
make -k all 
Running Make include in psu_cortexa53_0/libsrc/sdps_v3_6/src
make -C psu_cortexa53_0/libsrc/sdps_v3_6/src -s include  "SHELL=/bin/sh" "COMPILER=aarch64-none-elf-gcc" "ARCHIVER=aarch64-none-elf-ar" "COMPILER_FLAGS=  -O2 -c" "EXTRA_COMPILER_FLAGS=-g -Wall -Wextra"
Running Make include in psu_cortexa53_0/libsrc/csudma_v1_3/src
make -C psu_cortexa53_0/libsrc/csudma_v1_3/src -s include  "SHELL=/bin/sh" "COMPILER=aarch64-none-elf-gcc" "ARCHIVER=aarch64-none-elf-ar" "COMPILER_FLAGS=  -O2 -c" "EXTRA_COMPILER_FLAGS=-g -Wall -Wextra"
Running Make include in psu_cortexa53_0/libsrc/standalone_v6_8/src
make -C psu_cortexa53_0/libsrc/standalone_v6_8/src -s include  "SHELL=/bin/sh" "COMPILER=aarch64-none-elf-gcc" "ARCHIVER=aarch64-none-elf-ar" "COMPILER_FLAGS=  -O2 -c" "EXTRA_COMPILER_FLAGS=-g -Wall -Wextra"
Running Make include in psu_cortexa53_0/libsrc/ipipsu_v2_4/src
make -C psu_cortexa53_0/libsrc/ipipsu_v2_4/src -s include  "SHELL=/bin/sh" "COMPILER=aarch64-none-elf-gcc" "ARCHIVER=aarch64-none-elf-ar" "COMPILER_FLAGS=  -O2 -c" "EXTRA_COMPILER_FLAGS=-g -Wall -Wextra"
Running Make include in psu_cortexa53_0/libsrc/emacps_v3_8/src
make -C psu_cortexa53_0/libsrc/emacps_v3_8/src -s include  "SHELL=/bin/sh" "COMPILER=aarch64-none-elf-gcc" "ARCHIVER=aarch64-none-elf-ar" "COMPILER_FLAGS=  -O2 -c" "EXTRA_COMPILER_FLAGS=-g -Wall -Wextra"
Running Make include in psu_cortexa53_0/libsrc/ttcps_v3_7/src
make -C psu_cortexa53_0/libsrc/ttcps_v3_7/src -s include  "SHELL=/bin/sh" "COMPILER=aarch64-none-elf-gcc" "ARCHIVER=aarch64-none-elf-ar" "COMPILER_FLAGS=  -O2 -c" "EXTRA_COMPILER_FLAGS=-g -Wall -Wextra"
Running Make include in psu_cortexa53_0/libsrc/resetps_v1_2/src
make -C psu_cortexa53_0/libsrc/resetps_v1_2/src -s include  "SHELL=/bin/sh" "COMPILER=aarch64-none-elf-gcc" "ARCHIVER=aarch64-none-elf-ar" "COMPILER_FLAGS=  -O2 -c" "EXTRA_COMPILER_FLAGS=-g -Wall -Wextra"
Running Make include in psu_cortexa53_0/libsrc/axipmon_v6_7/src
make -C psu_cortexa53_0/libsrc/axipmon_v6_7/src -s include  "SHELL=/bin/sh" "COMPILER=aarch64-none-elf-gcc" "ARCHIVER=aarch64-none-elf-ar" "COMPILER_FLAGS=  -O2 -c" "EXTRA_COMPILER_FLAGS=-g -Wall -Wextra"
Running Make include in psu_cortexa53_0/libsrc/avbuf_v2_2/src
make -C psu_cortexa53_0/libsrc/avbuf_v2_2/src -s include  "SHELL=/bin/sh" "COMPILER=aarch64-none-elf-gcc" "ARCHIVER=aarch64-none-elf-ar" "COMPILER_FLAGS=  -O2 -c" "EXTRA_COMPILER_FLAGS=-g -Wall -Wextra"
Running Make include in psu_cortexa53_0/libsrc/dpdma_v1_1/src
make -C psu_cortexa53_0/libsrc/dpdma_v1_1/src -s include  "SHELL=/bin/sh" "COMPILER=aarch64-none-elf-gcc" "ARCHIVER=aarch64-none-elf-ar" "COMPILER_FLAGS=  -O2 -c" "EXTRA_COMPILER_FLAGS=-g -Wall -Wextra"
Running Make include in psu_cortexa53_0/libsrc/iicps_v3_8/src
make -C psu_cortexa53_0/libsrc/iicps_v3_8/src -s include  "SHELL=/bin/sh" "COMPILER=aarch64-none-elf-gcc" "ARCHIVER=aarch64-none-elf-ar" "COMPILER_FLAGS=  -O2 -c" "EXTRA_COMPILER_FLAGS=-g -Wall -Wextra"
Running Make include in psu_cortexa53_0/libsrc/canps_v3_2/src
make -C psu_cortexa53_0/libsrc/canps_v3_2/src -s include  "SHELL=/bin/sh" "COMPILER=aarch64-none-elf-gcc" "ARCHIVER=aarch64-none-elf-ar" "COMPILER_FLAGS=  -O2 -c" "EXTRA_COMPILER_FLAGS=-g -Wall -Wextra"
Running Make include in psu_cortexa53_0/libsrc/scugic_v3_10/src
make -C psu_cortexa53_0/libsrc/scugic_v3_10/src -s include  "SHELL=/bin/sh" "COMPILER=aarch64-none-elf-gcc" "ARCHIVER=aarch64-none-elf-ar" "COMPILER_FLAGS=  -O2 -c" "EXTRA_COMPILER_FLAGS=-g -Wall -Wextra"
Running Make include in psu_cortexa53_0/libsrc/sysmonpsu_v2_5/src
make -C psu_cortexa53_0/libsrc/sysmonpsu_v2_5/src -s include  "SHELL=/bin/sh" "COMPILER=aarch64-none-elf-gcc" "ARCHIVER=aarch64-none-elf-ar" "COMPILER_FLAGS=  -O2 -c" "EXTRA_COMPILER_FLAGS=-g -Wall -Wextra"
Running Make include in psu_cortexa53_0/libsrc/ddrcpsu_v1_1/src
make -C psu_cortexa53_0/libsrc/ddrcpsu_v1_1/src -s include  "SHELL=/bin/sh" "COMPILER=aarch64-none-elf-gcc" "ARCHIVER=aarch64-none-elf-ar" "COMPILER_FLAGS=  -O2 -c" "EXTRA_COMPILER_FLAGS=-g -Wall -Wextra"
Running Make include in psu_cortexa53_0/libsrc/video_common_v4_5/src
make -C psu_cortexa53_0/libsrc/video_common_v4_5/src -s include  "SHELL=/bin/sh" "COMPILER=aarch64-none-elf-gcc" "ARCHIVER=aarch64-none-elf-ar" "COMPILER_FLAGS=  -O2 -c" "EXTRA_COMPILER_FLAGS=-g -Wall -Wextra"
Running Make include in psu_cortexa53_0/libsrc/gpiops_v3_4/src
make -C psu_cortexa53_0/libsrc/gpiops_v3_4/src -s include  "SHELL=/bin/sh" "COMPILER=aarch64-none-elf-gcc" "ARCHIVER=aarch64-none-elf-ar" "COMPILER_FLAGS=  -O2 -c" "EXTRA_COMPILER_FLAGS=-g -Wall -Wextra"
Running Make include in psu_cortexa53_0/libsrc/cpu_cortexa53_v1_5/src
make -C psu_cortexa53_0/libsrc/cpu_cortexa53_v1_5/src -s include  "SHELL=/bin/sh" "COMPILER=aarch64-none-elf-gcc" "ARCHIVER=aarch64-none-elf-ar" "COMPILER_FLAGS=  -O2 -c" "EXTRA_COMPILER_FLAGS=-g -Wall -Wextra"
Running Make include in psu_cortexa53_0/libsrc/uartps_v3_7/src
make -C psu_cortexa53_0/libsrc/uartps_v3_7/src -s include  "SHELL=/bin/sh" "COMPILER=aarch64-none-elf-gcc" "ARCHIVER=aarch64-none-elf-ar" "COMPILER_FLAGS=  -O2 -c" "EXTRA_COMPILER_FLAGS=-g -Wall -Wextra"
Running Make include in psu_cortexa53_0/libsrc/qspipsu_v1_8/src
make -C psu_cortexa53_0/libsrc/qspipsu_v1_8/src -s include  "SHELL=/bin/sh" "COMPILER=aarch64-none-elf-gcc" "ARCHIVER=aarch64-none-elf-ar" "COMPILER_FLAGS=  -O2 -c" "EXTRA_COMPILER_FLAGS=-g -Wall -Wextra"
Running Make include in psu_cortexa53_0/libsrc/rtcpsu_v1_6/src
make -C psu_cortexa53_0/libsrc/rtcpsu_v1_6/src -s include  "SHELL=/bin/sh" "COMPILER=aarch64-none-elf-gcc" "ARCHIVER=aarch64-none-elf-ar" "COMPILER_FLAGS=  -O2 -c" "EXTRA_COMPILER_FLAGS=-g -Wall -Wextra"
Running Make include in psu_cortexa53_0/libsrc/pciepsu_v1_0/src
make -C psu_cortexa53_0/libsrc/pciepsu_v1_0/src -s include  "SHELL=/bin/sh" "COMPILER=aarch64-none-elf-gcc" "ARCHIVER=aarch64-none-elf-ar" "COMPILER_FLAGS=  -O2 -c" "EXTRA_COMPILER_FLAGS=-g -Wall -Wextra"
Running Make include in psu_cortexa53_0/libsrc/clockps_v1_0/src
make -C psu_cortexa53_0/libsrc/clockps_v1_0/src -s include  "SHELL=/bin/sh" "COMPILER=aarch64-none-elf-gcc" "ARCHIVER=aarch64-none-elf-ar" "COMPILER_FLAGS=  -O2 -c" "EXTRA_COMPILER_FLAGS=-g -Wall -Wextra"
Running Make include in psu_cortexa53_0/libsrc/zdma_v1_6/src
make -C psu_cortexa53_0/libsrc/zdma_v1_6/src -s include  "SHELL=/bin/sh" "COMPILER=aarch64-none-elf-gcc" "ARCHIVER=aarch64-none-elf-ar" "COMPILER_FLAGS=  -O2 -c" "EXTRA_COMPILER_FLAGS=-g -Wall -Wextra"
Running Make include in psu_cortexa53_0/libsrc/polar_v1_0/src
make -C psu_cortexa53_0/libsrc/polar_v1_0/src -s include  "SHELL=/bin/sh" "COMPILER=aarch64-none-elf-gcc" "ARCHIVER=aarch64-none-elf-ar" "COMPILER_FLAGS=  -O2 -c" "EXTRA_COMPILER_FLAGS=-g -Wall -Wextra"
Running Make include in psu_cortexa53_0/libsrc/coresightps_dcc_v1_4/src
make -C psu_cortexa53_0/libsrc/coresightps_dcc_v1_4/src -s include  "SHELL=/bin/sh" "COMPILER=aarch64-none-elf-gcc" "ARCHIVER=aarch64-none-elf-ar" "COMPILER_FLAGS=  -O2 -c" "EXTRA_COMPILER_FLAGS=-g -Wall -Wextra"
Running Make include in psu_cortexa53_0/libsrc/usbpsu_v1_4/src
make -C psu_cortexa53_0/libsrc/usbpsu_v1_4/src -s include  "SHELL=/bin/sh" "COMPILER=aarch64-none-elf-gcc" "ARCHIVER=aarch64-none-elf-ar" "COMPILER_FLAGS=  -O2 -c" "EXTRA_COMPILER_FLAGS=-g -Wall -Wextra"
Running Make include in psu_cortexa53_0/libsrc/wdtps_v3_1/src
make -C psu_cortexa53_0/libsrc/wdtps_v3_1/src -s include  "SHELL=/bin/sh" "COMPILER=aarch64-none-elf-gcc" "ARCHIVER=aarch64-none-elf-ar" "COMPILER_FLAGS=  -O2 -c" "EXTRA_COMPILER_FLAGS=-g -Wall -Wextra"
Running Make libs in psu_cortexa53_0/libsrc/sdps_v3_6/src
make -C psu_cortexa53_0/libsrc/sdps_v3_6/src -s libs  "SHELL=/bin/sh" "COMPILER=aarch64-none-elf-gcc" "ARCHIVER=aarch64-none-elf-ar" "COMPILER_FLAGS=  -O2 -c" "EXTRA_COMPILER_FLAGS=-g -Wall -Wextra"
Compiling sdps
aarch64-none-elf-ar: creating ../../../lib/libxil.a
Running Make libs in psu_cortexa53_0/libsrc/csudma_v1_3/src
make -C psu_cortexa53_0/libsrc/csudma_v1_3/src -s libs  "SHELL=/bin/sh" "COMPILER=aarch64-none-elf-gcc" "ARCHIVER=aarch64-none-elf-ar" "COMPILER_FLAGS=  -O2 -c" "EXTRA_COMPILER_FLAGS=-g -Wall -Wextra"
Compiling csudma
Running Make libs in psu_cortexa53_0/libsrc/standalone_v6_8/src
make -C psu_cortexa53_0/libsrc/standalone_v6_8/src -s libs  "SHELL=/bin/sh" "COMPILER=aarch64-none-elf-gcc" "ARCHIVER=aarch64-none-elf-ar" "COMPILER_FLAGS=  -O2 -c" "EXTRA_COMPILER_FLAGS=-g -Wall -Wextra"
Compiling standalone A53
In file included from xtime_l.c:52:0:
xtime_l.h:77:9: note: #pragma message: For the sleep routines, Global timer is being used
 #pragma message ("For the sleep routines, Global timer is being used")
         ^~~~~~~
In file included from sleep.c:59:0:
xtime_l.h:77:9: note: #pragma message: For the sleep routines, Global timer is being used
 #pragma message ("For the sleep routines, Global timer is being used")
         ^~~~~~~
In file included from xil_sleeptimer.c:51:0:
xtime_l.h:77:9: note: #pragma message: For the sleep routines, Global timer is being used
 #pragma message ("For the sleep routines, Global timer is being used")
         ^~~~~~~
Running Make libs in psu_cortexa53_0/libsrc/ipipsu_v2_4/src
make -C psu_cortexa53_0/libsrc/ipipsu_v2_4/src -s libs  "SHELL=/bin/sh" "COMPILER=aarch64-none-elf-gcc" "ARCHIVER=aarch64-none-elf-ar" "COMPILER_FLAGS=  -O2 -c" "EXTRA_COMPILER_FLAGS=-g -Wall -Wextra"
Compiling ipipsu
Running Make libs in psu_cortexa53_0/libsrc/emacps_v3_8/src
make -C psu_cortexa53_0/libsrc/emacps_v3_8/src -s libs  "SHELL=/bin/sh" "COMPILER=aarch64-none-elf-gcc" "ARCHIVER=aarch64-none-elf-ar" "COMPILER_FLAGS=  -O2 -c" "EXTRA_COMPILER_FLAGS=-g -Wall -Wextra"
Compiling emacps
Running Make libs in psu_cortexa53_0/libsrc/ttcps_v3_7/src
make -C psu_cortexa53_0/libsrc/ttcps_v3_7/src -s libs  "SHELL=/bin/sh" "COMPILER=aarch64-none-elf-gcc" "ARCHIVER=aarch64-none-elf-ar" "COMPILER_FLAGS=  -O2 -c" "EXTRA_COMPILER_FLAGS=-g -Wall -Wextra"
Compiling ttcps
Running Make libs in psu_cortexa53_0/libsrc/resetps_v1_2/src
make -C psu_cortexa53_0/libsrc/resetps_v1_2/src -s libs  "SHELL=/bin/sh" "COMPILER=aarch64-none-elf-gcc" "ARCHIVER=aarch64-none-elf-ar" "COMPILER_FLAGS=  -O2 -c" "EXTRA_COMPILER_FLAGS=-g -Wall -Wextra"
Compiling resetps
Running Make libs in psu_cortexa53_0/libsrc/axipmon_v6_7/src
make -C psu_cortexa53_0/libsrc/axipmon_v6_7/src -s libs  "SHELL=/bin/sh" "COMPILER=aarch64-none-elf-gcc" "ARCHIVER=aarch64-none-elf-ar" "COMPILER_FLAGS=  -O2 -c" "EXTRA_COMPILER_FLAGS=-g -Wall -Wextra"
Compiling axipmon
Running Make libs in psu_cortexa53_0/libsrc/avbuf_v2_2/src
make -C psu_cortexa53_0/libsrc/avbuf_v2_2/src -s libs  "SHELL=/bin/sh" "COMPILER=aarch64-none-elf-gcc" "ARCHIVER=aarch64-none-elf-ar" "COMPILER_FLAGS=  -O2 -c" "EXTRA_COMPILER_FLAGS=-g -Wall -Wextra"
Compiling avbuf
Running Make libs in psu_cortexa53_0/libsrc/dpdma_v1_1/src
make -C psu_cortexa53_0/libsrc/dpdma_v1_1/src -s libs  "SHELL=/bin/sh" "COMPILER=aarch64-none-elf-gcc" "ARCHIVER=aarch64-none-elf-ar" "COMPILER_FLAGS=  -O2 -c" "EXTRA_COMPILER_FLAGS=-g -Wall -Wextra"
Compiling dpdma
Running Make libs in psu_cortexa53_0/libsrc/iicps_v3_8/src
make -C psu_cortexa53_0/libsrc/iicps_v3_8/src -s libs  "SHELL=/bin/sh" "COMPILER=aarch64-none-elf-gcc" "ARCHIVER=aarch64-none-elf-ar" "COMPILER_FLAGS=  -O2 -c" "EXTRA_COMPILER_FLAGS=-g -Wall -Wextra"
Compiling iicps
Running Make libs in psu_cortexa53_0/libsrc/canps_v3_2/src
make -C psu_cortexa53_0/libsrc/canps_v3_2/src -s libs  "SHELL=/bin/sh" "COMPILER=aarch64-none-elf-gcc" "ARCHIVER=aarch64-none-elf-ar" "COMPILER_FLAGS=  -O2 -c" "EXTRA_COMPILER_FLAGS=-g -Wall -Wextra"
Compiling canps
Running Make libs in psu_cortexa53_0/libsrc/scugic_v3_10/src
make -C psu_cortexa53_0/libsrc/scugic_v3_10/src -s libs  "SHELL=/bin/sh" "COMPILER=aarch64-none-elf-gcc" "ARCHIVER=aarch64-none-elf-ar" "COMPILER_FLAGS=  -O2 -c" "EXTRA_COMPILER_FLAGS=-g -Wall -Wextra"
Compiling scugic
Running Make libs in psu_cortexa53_0/libsrc/sysmonpsu_v2_5/src
make -C psu_cortexa53_0/libsrc/sysmonpsu_v2_5/src -s libs  "SHELL=/bin/sh" "COMPILER=aarch64-none-elf-gcc" "ARCHIVER=aarch64-none-elf-ar" "COMPILER_FLAGS=  -O2 -c" "EXTRA_COMPILER_FLAGS=-g -Wall -Wextra"
Compiling sysmonpsu
Running Make libs in psu_cortexa53_0/libsrc/ddrcpsu_v1_1/src
make -C psu_cortexa53_0/libsrc/ddrcpsu_v1_1/src -s libs  "SHELL=/bin/sh" "COMPILER=aarch64-none-elf-gcc" "ARCHIVER=aarch64-none-elf-ar" "COMPILER_FLAGS=  -O2 -c" "EXTRA_COMPILER_FLAGS=-g -Wall -Wextra"
Compiling ddrcpsu
Running Make libs in psu_cortexa53_0/libsrc/video_common_v4_5/src
make -C psu_cortexa53_0/libsrc/video_common_v4_5/src -s libs  "SHELL=/bin/sh" "COMPILER=aarch64-none-elf-gcc" "ARCHIVER=aarch64-none-elf-ar" "COMPILER_FLAGS=  -O2 -c" "EXTRA_COMPILER_FLAGS=-g -Wall -Wextra"
Compiling video_common
Running Make libs in psu_cortexa53_0/libsrc/gpiops_v3_4/src
make -C psu_cortexa53_0/libsrc/gpiops_v3_4/src -s libs  "SHELL=/bin/sh" "COMPILER=aarch64-none-elf-gcc" "ARCHIVER=aarch64-none-elf-ar" "COMPILER_FLAGS=  -O2 -c" "EXTRA_COMPILER_FLAGS=-g -Wall -Wextra"
Compiling gpiops
Running Make libs in psu_cortexa53_0/libsrc/cpu_cortexa53_v1_5/src
make -C psu_cortexa53_0/libsrc/cpu_cortexa53_v1_5/src -s libs  "SHELL=/bin/sh" "COMPILER=aarch64-none-elf-gcc" "ARCHIVER=aarch64-none-elf-ar" "COMPILER_FLAGS=  -O2 -c" "EXTRA_COMPILER_FLAGS=-g -Wall -Wextra"
Compiling cpu_cortexa53
Running Make libs in psu_cortexa53_0/libsrc/uartps_v3_7/src
make -C psu_cortexa53_0/libsrc/uartps_v3_7/src -s libs  "SHELL=/bin/sh" "COMPILER=aarch64-none-elf-gcc" "ARCHIVER=aarch64-none-elf-ar" "COMPILER_FLAGS=  -O2 -c" "EXTRA_COMPILER_FLAGS=-g -Wall -Wextra"
Compiling uartps
Running Make libs in psu_cortexa53_0/libsrc/qspipsu_v1_8/src
make -C psu_cortexa53_0/libsrc/qspipsu_v1_8/src -s libs  "SHELL=/bin/sh" "COMPILER=aarch64-none-elf-gcc" "ARCHIVER=aarch64-none-elf-ar" "COMPILER_FLAGS=  -O2 -c" "EXTRA_COMPILER_FLAGS=-g -Wall -Wextra"
Compiling qspipsu
Running Make libs in psu_cortexa53_0/libsrc/rtcpsu_v1_6/src
make -C psu_cortexa53_0/libsrc/rtcpsu_v1_6/src -s libs  "SHELL=/bin/sh" "COMPILER=aarch64-none-elf-gcc" "ARCHIVER=aarch64-none-elf-ar" "COMPILER_FLAGS=  -O2 -c" "EXTRA_COMPILER_FLAGS=-g -Wall -Wextra"
Compiling rtcpsu
Running Make libs in psu_cortexa53_0/libsrc/pciepsu_v1_0/src
make -C psu_cortexa53_0/libsrc/pciepsu_v1_0/src -s libs  "SHELL=/bin/sh" "COMPILER=aarch64-none-elf-gcc" "ARCHIVER=aarch64-none-elf-ar" "COMPILER_FLAGS=  -O2 -c" "EXTRA_COMPILER_FLAGS=-g -Wall -Wextra"
Compiling pciepsu
Running Make libs in psu_cortexa53_0/libsrc/clockps_v1_0/src
make -C psu_cortexa53_0/libsrc/clockps_v1_0/src -s libs  "SHELL=/bin/sh" "COMPILER=aarch64-none-elf-gcc" "ARCHIVER=aarch64-none-elf-ar" "COMPILER_FLAGS=  -O2 -c" "EXTRA_COMPILER_FLAGS=-g -Wall -Wextra"
Compiling clockps
Running Make libs in psu_cortexa53_0/libsrc/zdma_v1_6/src
make -C psu_cortexa53_0/libsrc/zdma_v1_6/src -s libs  "SHELL=/bin/sh" "COMPILER=aarch64-none-elf-gcc" "ARCHIVER=aarch64-none-elf-ar" "COMPILER_FLAGS=  -O2 -c" "EXTRA_COMPILER_FLAGS=-g -Wall -Wextra"
Compiling zdma
Running Make libs in psu_cortexa53_0/libsrc/polar_v1_0/src
make -C psu_cortexa53_0/libsrc/polar_v1_0/src -s libs  "SHELL=/bin/sh" "COMPILER=aarch64-none-elf-gcc" "ARCHIVER=aarch64-none-elf-ar" "COMPILER_FLAGS=  -O2 -c" "EXTRA_COMPILER_FLAGS=-g -Wall -Wextra"
Compiling polar
xpolar.c: In function 'xpolar_write_POLAR_CODE_REG0_N_words':
xpolar.c:386:17: warning: comparison between signed and unsigned integer expressions [-Wsign-compare]
   for (i = 0; i < length; i++) {
                 ^
xpolar.c: In function 'xpolar_read_POLAR_CODE_REG0_N_words':
xpolar.c:400:17: warning: comparison between signed and unsigned integer expressions [-Wsign-compare]
   for (i = 0; i < length; i++) {
                 ^
xpolar.c: In function 'xpolar_write_POLAR_CODE_REG0_K_words':
xpolar.c:413:17: warning: comparison between signed and unsigned integer expressions [-Wsign-compare]
   for (i = 0; i < length; i++) {
                 ^
xpolar.c: In function 'xpolar_read_POLAR_CODE_REG0_K_words':
xpolar.c:427:17: warning: comparison between signed and unsigned integer expressions [-Wsign-compare]
   for (i = 0; i < length; i++) {
                 ^
xpolar.c: In function 'xpolar_write_POLAR_CODE_REG0_words':
xpolar.c:440:17: warning: comparison between signed and unsigned integer expressions [-Wsign-compare]
   for (i = 0; i < length; i++) {
                 ^
xpolar.c: In function 'xpolar_read_POLAR_CODE_REG0_words':
xpolar.c:452:17: warning: comparison between signed and unsigned integer expressions [-Wsign-compare]
   for (i = 0; i < length; i++) {
                 ^
xpolar.c: In function 'xpolar_write_POLAR_CODE_REG2_AUGMENT_words':
xpolar.c:464:17: warning: comparison between signed and unsigned integer expressions [-Wsign-compare]
   for (i = 0; i < length; i++) {
                 ^
xpolar.c: In function 'xpolar_read_POLAR_CODE_REG2_AUGMENT_words':
xpolar.c:478:17: warning: comparison between signed and unsigned integer expressions [-Wsign-compare]
   for (i = 0; i < length; i++) {
                 ^
xpolar.c: In function 'xpolar_write_POLAR_CODE_REG2_CRC_SEL_words':
xpolar.c:491:17: warning: comparison between signed and unsigned integer expressions [-Wsign-compare]
   for (i = 0; i < length; i++) {
                 ^
xpolar.c: In function 'xpolar_read_POLAR_CODE_REG2_CRC_SEL_words':
xpolar.c:505:17: warning: comparison between signed and unsigned integer expressions [-Wsign-compare]
   for (i = 0; i < length; i++) {
                 ^
xpolar.c: In function 'xpolar_write_POLAR_CODE_REG2_ITLV_words':
xpolar.c:518:17: warning: comparison between signed and unsigned integer expressions [-Wsign-compare]
   for (i = 0; i < length; i++) {
                 ^
xpolar.c: In function 'xpolar_read_POLAR_CODE_REG2_ITLV_words':
xpolar.c:532:17: warning: comparison between signed and unsigned integer expressions [-Wsign-compare]
   for (i = 0; i < length; i++) {
                 ^
xpolar.c: In function 'xpolar_write_POLAR_CODE_REG2_CRC_INIT_words':
xpolar.c:545:17: warning: comparison between signed and unsigned integer expressions [-Wsign-compare]
   for (i = 0; i < length; i++) {
                 ^
xpolar.c: In function 'xpolar_read_POLAR_CODE_REG2_CRC_INIT_words':
xpolar.c:559:17: warning: comparison between signed and unsigned integer expressions [-Wsign-compare]
   for (i = 0; i < length; i++) {
                 ^
xpolar.c: In function 'xpolar_write_POLAR_CODE_REG2_words':
xpolar.c:572:17: warning: comparison between signed and unsigned integer expressions [-Wsign-compare]
   for (i = 0; i < length; i++) {
                 ^
xpolar.c: In function 'xpolar_read_POLAR_CODE_REG2_words':
xpolar.c:584:17: warning: comparison between signed and unsigned integer expressions [-Wsign-compare]
   for (i = 0; i < length; i++) {
                 ^
xpolar.c: In function 'xpolar_write_POLAR_CODE_REG3_words':
xpolar.c:596:17: warning: comparison between signed and unsigned integer expressions [-Wsign-compare]
   for (i = 0; i < length; i++) {
                 ^
xpolar.c: In function 'xpolar_read_POLAR_CODE_REG3_words':
xpolar.c:608:17: warning: comparison between signed and unsigned integer expressions [-Wsign-compare]
   for (i = 0; i < length; i++) {
                 ^
xpolar.c: In function 'xpolar_write_POLAR_BA_TABLE_words':
xpolar.c:620:17: warning: comparison between signed and unsigned integer expressions [-Wsign-compare]
   for (i = 0; i < length; i++) {
                 ^
xpolar.c: In function 'xpolar_read_POLAR_BA_TABLE_words':
xpolar.c:632:17: warning: comparison between signed and unsigned integer expressions [-Wsign-compare]
   for (i = 0; i < length; i++) {
                 ^
xpolar_g.c:44:1: warning: missing braces around initializer [-Wmissing-braces]
 {
 ^
xpolar_g.c:44:1: warning: missing braces around initializer [-Wmissing-braces]
Running Make libs in psu_cortexa53_0/libsrc/coresightps_dcc_v1_4/src
make -C psu_cortexa53_0/libsrc/coresightps_dcc_v1_4/src -s libs  "SHELL=/bin/sh" "COMPILER=aarch64-none-elf-gcc" "ARCHIVER=aarch64-none-elf-ar" "COMPILER_FLAGS=  -O2 -c" "EXTRA_COMPILER_FLAGS=-g -Wall -Wextra"
Compiling coresightps_dcc
Running Make libs in psu_cortexa53_0/libsrc/usbpsu_v1_4/src
make -C psu_cortexa53_0/libsrc/usbpsu_v1_4/src -s libs  "SHELL=/bin/sh" "COMPILER=aarch64-none-elf-gcc" "ARCHIVER=aarch64-none-elf-ar" "COMPILER_FLAGS=  -O2 -c" "EXTRA_COMPILER_FLAGS=-g -Wall -Wextra"
Compiling usbpsu
Running Make libs in psu_cortexa53_0/libsrc/wdtps_v3_1/src
make -C psu_cortexa53_0/libsrc/wdtps_v3_1/src -s libs  "SHELL=/bin/sh" "COMPILER=aarch64-none-elf-gcc" "ARCHIVER=aarch64-none-elf-ar" "COMPILER_FLAGS=  -O2 -c" "EXTRA_COMPILER_FLAGS=-g -Wall -Wextra"
Compiling wdtps
Finished building libraries
18:21:50 **** Build of configuration Debug for project PSPolar ****
make all 
Building file: ../src/helloworld.c
Invoking: ARM v8 gcc compiler
aarch64-none-elf-gcc -Wall -O0 -g3 -c -fmessage-length=0 -MT"src/helloworld.o" -I../../PSPolar_bsp/psu_cortexa53_0/include -MMD -MP -MF"src/helloworld.d" -MT"src/helloworld.o" -o "src/helloworld.o" "../src/helloworld.c"
Finished building: ../src/helloworld.c
 
Building file: ../src/platform.c
Invoking: ARM v8 gcc compiler
aarch64-none-elf-gcc -Wall -O0 -g3 -c -fmessage-length=0 -MT"src/platform.o" -I../../PSPolar_bsp/psu_cortexa53_0/include -MMD -MP -MF"src/platform.d" -MT"src/platform.o" -o "src/platform.o" "../src/platform.c"
Finished building: ../src/platform.c
 
Building target: PSPolar.elf
Invoking: ARM v8 gcc linker
aarch64-none-elf-gcc -Wl,-T -Wl,../src/lscript.ld -L../../PSPolar_bsp/psu_cortexa53_0/lib -o "PSPolar.elf"  ./src/helloworld.o ./src/platform.o   -Wl,--start-group,-lxil,-lgcc,-lc,--end-group
Finished building target: PSPolar.elf
 
Invoking: ARM v8 Print Size
aarch64-none-elf-size PSPolar.elf  |tee "PSPolar.elf.size"
   text	   data	    bss	    dec	    hex	filename
  41540	   2888	  20712	  65140	   fe74	PSPolar.elf
Finished building: PSPolar.elf.size
 
18:22:02 **** Incremental Build of configuration Debug for project PSPolar ****
make all 
make: Nothing to be done for 'all'.
